Component: ARM Compiler 5.06 update 6 (build 750) Tool: armlink [4d35ed]

==============================================================================

Section Cross References

    startup_stm32f407xx.o(RESET) refers to startup_stm32f407xx.o(STACK) for __initial_sp
    startup_stm32f407xx.o(RESET) refers to startup_stm32f407xx.o(.text) for Reset_Handler
    startup_stm32f407xx.o(RESET) refers to stm32f4xx_it.o(i.NMI_Handler) for NMI_Handler
    startup_stm32f407xx.o(RESET) refers to stm32f4xx_it.o(i.HardFault_Handler) for HardFault_Handler
    startup_stm32f407xx.o(RESET) refers to stm32f4xx_it.o(i.MemManage_Handler) for MemManage_Handler
    startup_stm32f407xx.o(RESET) refers to stm32f4xx_it.o(i.BusFault_Handler) for BusFault_Handler
    startup_stm32f407xx.o(RESET) refers to stm32f4xx_it.o(i.UsageFault_Handler) for UsageFault_Handler
    startup_stm32f407xx.o(RESET) refers to stm32f4xx_it.o(i.DebugMon_Handler) for DebugMon_Handler
    startup_stm32f407xx.o(RESET) refers to stm32f4xx_it.o(i.EXTI1_IRQHandler) for EXTI1_IRQHandler
    startup_stm32f407xx.o(RESET) refers to stm32f4xx_it.o(i.DMA1_Stream0_IRQHandler) for DMA1_Stream0_IRQHandler
    startup_stm32f407xx.o(RESET) refers to stm32f4xx_it.o(i.DMA1_Stream1_IRQHandler) for DMA1_Stream1_IRQHandler
    startup_stm32f407xx.o(RESET) refers to stm32f4xx_it.o(i.DMA1_Stream2_IRQHandler) for DMA1_Stream2_IRQHandler
    startup_stm32f407xx.o(RESET) refers to stm32f4xx_it.o(i.DMA1_Stream5_IRQHandler) for DMA1_Stream5_IRQHandler
    startup_stm32f407xx.o(RESET) refers to stm32f4xx_it.o(i.TIM1_UP_TIM10_IRQHandler) for TIM1_UP_TIM10_IRQHandler
    startup_stm32f407xx.o(RESET) refers to stm32f4xx_it.o(i.TIM2_IRQHandler) for TIM2_IRQHandler
    startup_stm32f407xx.o(RESET) refers to stm32f4xx_it.o(i.USART1_IRQHandler) for USART1_IRQHandler
    startup_stm32f407xx.o(RESET) refers to stm32f4xx_it.o(i.USART2_IRQHandler) for USART2_IRQHandler
    startup_stm32f407xx.o(RESET) refers to stm32f4xx_it.o(i.USART3_IRQHandler) for USART3_IRQHandler
    startup_stm32f407xx.o(RESET) refers to stm32f4xx_it.o(i.EXTI15_10_IRQHandler) for EXTI15_10_IRQHandler
    startup_stm32f407xx.o(RESET) refers to stm32f4xx_it.o(i.UART4_IRQHandler) for UART4_IRQHandler
    startup_stm32f407xx.o(RESET) refers to stm32f4xx_it.o(i.UART5_IRQHandler) for UART5_IRQHandler
    startup_stm32f407xx.o(RESET) refers to stm32f4xx_it.o(i.DMA2_Stream1_IRQHandler) for DMA2_Stream1_IRQHandler
    startup_stm32f407xx.o(RESET) refers to stm32f4xx_it.o(i.DMA2_Stream2_IRQHandler) for DMA2_Stream2_IRQHandler
    startup_stm32f407xx.o(RESET) refers to stm32f4xx_it.o(i.USART6_IRQHandler) for USART6_IRQHandler
    startup_stm32f407xx.o(.text) refers to system_stm32f4xx.o(i.SystemInit) for SystemInit
    startup_stm32f407xx.o(.text) refers to entry.o(.ARM.Collect$$$$00000000) for __main
    main.o(i.main) refers to stm32f4xx_hal.o(i.HAL_Init) for HAL_Init
    main.o(i.main) refers to bsp_hal.o(i.SystemClock_Config) for SystemClock_Config
    main.o(i.main) refers to bsp_hal.o(i.BSP_HAL_init) for BSP_HAL_init
    main.o(i.main) refers to app.o(i.APP_MAIN) for APP_MAIN
    gpio.o(i.MX_GPIO_Init) refers to memseta.o(.text) for __aeabi_memclr4
    gpio.o(i.MX_GPIO_Init) refers to stm32f4xx_hal_gpio.o(i.HAL_GPIO_Init) for HAL_GPIO_Init
    dma.o(i.MX_DMA_Init) refers to stm32f4xx_hal_cortex.o(i.HAL_NVIC_SetPriority) for HAL_NVIC_SetPriority
    dma.o(i.MX_DMA_Init) refers to stm32f4xx_hal_cortex.o(i.HAL_NVIC_EnableIRQ) for HAL_NVIC_EnableIRQ
    iwdg.o(i.MX_IWDG_Init) refers to stm32f4xx_hal_iwdg.o(i.HAL_IWDG_Init) for HAL_IWDG_Init
    iwdg.o(i.MX_IWDG_Init) refers to bsp_hal.o(i.Error_Handler) for Error_Handler
    iwdg.o(i.MX_IWDG_Init) refers to iwdg.o(.bss) for hiwdg
    tim.o(i.HAL_TIM_Base_MspDeInit) refers to stm32f4xx_hal_cortex.o(i.HAL_NVIC_DisableIRQ) for HAL_NVIC_DisableIRQ
    tim.o(i.HAL_TIM_Base_MspInit) refers to stm32f4xx_hal_cortex.o(i.HAL_NVIC_SetPriority) for HAL_NVIC_SetPriority
    tim.o(i.HAL_TIM_Base_MspInit) refers to stm32f4xx_hal_cortex.o(i.HAL_NVIC_EnableIRQ) for HAL_NVIC_EnableIRQ
    tim.o(i.MX_TIM2_Init) refers to stm32f4xx_hal_tim.o(i.HAL_TIM_Base_Init) for HAL_TIM_Base_Init
    tim.o(i.MX_TIM2_Init) refers to bsp_hal.o(i.Error_Handler) for Error_Handler
    tim.o(i.MX_TIM2_Init) refers to stm32f4xx_hal_tim.o(i.HAL_TIM_ConfigClockSource) for HAL_TIM_ConfigClockSource
    tim.o(i.MX_TIM2_Init) refers to stm32f4xx_hal_tim_ex.o(i.HAL_TIMEx_MasterConfigSynchronization) for HAL_TIMEx_MasterConfigSynchronization
    tim.o(i.MX_TIM2_Init) refers to tim.o(.bss) for htim2
    usart.o(i.HAL_UART_MspDeInit) refers to stm32f4xx_hal_gpio.o(i.HAL_GPIO_DeInit) for HAL_GPIO_DeInit
    usart.o(i.HAL_UART_MspDeInit) refers to stm32f4xx_hal_dma.o(i.HAL_DMA_DeInit) for HAL_DMA_DeInit
    usart.o(i.HAL_UART_MspDeInit) refers to stm32f4xx_hal_cortex.o(i.HAL_NVIC_DisableIRQ) for HAL_NVIC_DisableIRQ
    usart.o(i.HAL_UART_MspInit) refers to memseta.o(.text) for __aeabi_memclr4
[...]
    i.GPIO_IIC_nack                          0x0800193e   Section        0  gpio_iic.o(i.GPIO_IIC_nack)
    i.GPIO_IIC_read_byte                     0x08001980   Section        0  gpio_iic.o(i.GPIO_IIC_read_byte)
    i.GPIO_IIC_send_byte                     0x08001a02   Section        0  gpio_iic.o(i.GPIO_IIC_send_byte)
    i.GPIO_IIC_start                         0x08001a74   Section        0  gpio_iic.o(i.GPIO_IIC_start)
    i.GPIO_IIC_stop                          0x08001ab2   Section        0  gpio_iic.o(i.GPIO_IIC_stop)
    i.GPIO_IIC_wait_ack                      0x08001af0   Section        0  gpio_iic.o(i.GPIO_IIC_wait_ack)
    i.GetSector                              0x08001b48   Section        0  stm32_flash.o(i.GetSector)
    GetSector                                0x08001b49   Thumb Code   182  stm32_flash.o(i.GetSector)
    i.GetSectorSize                          0x08001c2c   Section        0  stm32_flash.o(i.GetSectorSize)
    GetSectorSize                            0x08001c2d   Thumb Code    38  stm32_flash.o(i.GetSectorSize)
    i.HAL_DMA_Abort                          0x08001c52   Section        0  stm32f4xx_hal_dma.o(i.HAL_DMA_Abort)
    i.HAL_DMA_Abort_IT                       0x08001cfe   Section        0  stm32f4xx_hal_dma.o(i.HAL_DMA_Abort_IT)
    i.HAL_DMA_IRQHandler                     0x08001d28   Section        0  stm32f4xx_hal_dma.o(i.HAL_DMA_IRQHandler)
    i.HAL_DMA_Init                           0x08001f68   Section        0  stm32f4xx_hal_dma.o(i.HAL_DMA_Init)
    i.HAL_DeInit                             0x08002054   Section        0  stm32f4xx_hal.o(i.HAL_DeInit)
    i.HAL_Delay                              0x08002098   Section        0  stm32f4xx_hal.o(i.HAL_Delay)
    i.HAL_FLASHEx_Erase                      0x080020c0   Section        0  stm32f4xx_hal_flash_ex.o(i.HAL_FLASHEx_Erase)
    i.HAL_FLASH_Lock                         0x0800216c   Section        0  stm32f4xx_hal_flash.o(i.HAL_FLASH_Lock)
    i.HAL_FLASH_Program                      0x08002180   Section        0  stm32f4xx_hal_flash.o(i.HAL_FLASH_Program)
    i.HAL_FLASH_Unlock                       0x08002218   Section        0  stm32f4xx_hal_flash.o(i.HAL_FLASH_Unlock)
    i.HAL_GPIO_Init                          0x0800224c   Section        0  stm32f4xx_hal_gpio.o(i.HAL_GPIO_Init)
    i.HAL_GPIO_ReadPin                       0x0800243c   Section        0  stm32f4xx_hal_gpio.o(i.HAL_GPIO_ReadPin)
    i.HAL_GPIO_WritePin                      0x0800244c   Section        0  stm32f4xx_hal_gpio.o(i.HAL_GPIO_WritePin)
    i.HAL_GetTick                            0x08002458   Section        0  stm32f4xx_hal.o(i.HAL_GetTick)
    i.HAL_IWDG_Init                          0x08002464   Section        0  stm32f4xx_hal_iwdg.o(i.HAL_IWDG_Init)
    i.HAL_IWDG_Refresh                       0x080024c2   Section        0  stm32f4xx_hal_iwdg.o(i.HAL_IWDG_Refresh)
    i.HAL_IncTick                            0x080024d0   Section        0  stm32f4xx_hal.o(i.HAL_IncTick)
    i.HAL_Init                               0x080024e8   Section        0  stm32f4xx_hal.o(i.HAL_Init)
    i.HAL_InitTick                           0x08002524   Section        0  stm32f4xx_hal_timebase_tim.o(i.HAL_InitTick)
    i.HAL_MspDeInit                          0x080025b0   Section        0  stm32f4xx_hal.o(i.HAL_MspDeInit)
    i.HAL_MspInit                            0x080025b4   Section        0  stm32f4xx_hal_msp.o(i.HAL_MspInit)
    i.HAL_NVIC_EnableIRQ                     0x08002608   Section        0  stm32f4xx_hal_cortex.o(i.HAL_NVIC_EnableIRQ)
    i.HAL_NVIC_SetPriority                   0x08002628   Section        0  stm32f4xx_hal_cortex.o(i.HAL_NVIC_SetPriority)
    i.HAL_NVIC_SetPriorityGrouping           0x080026a4   Section        0  stm32f4xx_hal_cortex.o(i.HAL_NVIC_SetPriorityGrouping)
    i.HAL_NVIC_SystemReset                   0x080026cc   Section        0  stm32f4xx_hal_cortex.o(i.HAL_NVIC_SystemReset)
    i.HAL_RCC_ClockConfig                    0x08002710   Section        0  stm32f4xx_hal_rcc.o(i.HAL_RCC_ClockConfig)
    i.HAL_RCC_DeInit                         0x08002894   Section        0  stm32f4xx_hal_rcc_ex.o(i.HAL_RCC_DeInit)
    i.HAL_RCC_GetClockConfig                 0x08002a14   Section        0  stm32f4xx_hal_rcc.o(i.HAL_RCC_GetClockConfig)
    i.HAL_RCC_GetHCLKFreq                    0x08002a58   Section        0  stm32f4xx_hal_rcc.o(i.HAL_RCC_GetHCLKFreq)
    i.HAL_RCC_GetPCLK1Freq                   0x08002a64   Section        0  stm32f4xx_hal_rcc.o(i.HAL_RCC_GetPCLK1Freq)
    i.HAL_RCC_GetPCLK2Freq                   0x08002a84   Section        0  stm32f4xx_hal_rcc.o(i.HAL_RCC_GetPCLK2Freq)
    i.HAL_RCC_GetSysClockFreq                0x08002aa4   Section        0  stm32f4xx_hal_rcc.o(i.HAL_RCC_GetSysClockFreq)
    i.HAL_RCC_OscConfig                      0x08002b54   Section        0  stm32f4xx_hal_rcc.o(i.HAL_RCC_OscConfig)
    i.HAL_TIMEx_BreakCallback                0x08002ff0   Section        0  stm32f4xx_hal_tim_ex.o(i.HAL_TIMEx_BreakCallback)
    i.HAL_TIMEx_CommutCallback               0x08002ff2   Section        0  stm32f4xx_hal_tim_ex.o(i.HAL_TIMEx_CommutCallback)
    i.HAL_TIMEx_MasterConfigSynchronization  0x08002ff4   Section        0  stm32f4xx_hal_tim_ex.o(i.HAL_TIMEx_MasterConfigSynchronization)
    i.HAL_TIM_Base_Init                      0x080030a8   Section        0  stm32f4xx_hal_tim.o(i.HAL_TIM_Base_Init)
    i.HAL_TIM_Base_MspInit                   0x08003110   Section        0  tim.o(i.HAL_TIM_Base_MspInit)
    i.HAL_TIM_Base_Start_IT                  0x08003154   Section        0  stm32f4xx_hal_tim.o(i.HAL_TIM_Base_Start_IT)
    i.HAL_TIM_ConfigClockSource              0x080031fc   Section        0  stm32f4xx_hal_tim.o(i.HAL_TIM_ConfigClockSource)
    i.HAL_TIM_IC_CaptureCallback             0x08003308   Section        0  stm32f4xx_hal_tim.o(i.HAL_TIM_IC_CaptureCallback)
    i.HAL_TIM_IRQHandler                     0x0800330a   Section        0  stm32f4xx_hal_tim.o(i.HAL_TIM_IRQHandler)
    i.HAL_TIM_OC_DelayElapsedCallback        0x080034a0   Section        0  stm32f4xx_hal_tim.o(i.HAL_TIM_OC_DelayElapsedCallback)
    i.HAL_TIM_PWM_PulseFinishedCallback      0x080034a2   Section        0  stm32f4xx_hal_tim.o(i.HAL_TIM_PWM_PulseFinishedCallback)
    i.HAL_TIM_PeriodElapsedCallback          0x080034a4   Section        0  bsp_hal.o(i.HAL_TIM_PeriodElapsedCallback)
    i.HAL_TIM_TriggerCallback                0x080034c8   Section        0  stm32f4xx_hal_tim.o(i.HAL_TIM_TriggerCallback)
    i.HAL_UARTEx_RxEventCallback             0x080034ca   Section        0  stm32f4xx_hal_uart.o(i.HAL_UARTEx_RxEventCallback)
    i.HAL_UART_ErrorCallback                 0x080034cc   Section        0  stm32f4xx_hal_uart.o(i.HAL_UART_ErrorCallback)
    i.HAL_UART_IRQHandler                    0x080034d0   Section        0  stm32f4xx_hal_uart.o(i.HAL_UART_IRQHandler)
    i.HAL_UART_Init                          0x080037b0   Section        0  stm32f4xx_hal_uart.o(i.HAL_UART_Init)
    i.HAL_UART_MspInit                       0x08003824   Section        0  usart.o(i.HAL_UART_MspInit)
    i.HAL_UART_RxCpltCallback                0x08003934   Section        0  stm32f4xx_hal_uart.o(i.HAL_UART_RxCpltCallback)
    i.HAL_UART_Transmit                      0x08003936   Section        0  stm32f4xx_hal_uart.o(i.HAL_UART_Transmit)
    i.HAL_UART_TxCpltCallback                0x08003a08   Section        0  stm32f4xx_hal_uart.o(i.HAL_UART_TxCpltCallback)
    i.HardFault_Handler                      0x08003a0a   Section        0  stm32f4xx_it.o(i.HardFault_Handler)
    i.IapLoadApp                             0x08003a14   Section        0  app.o(i.IapLoadApp)
    IapLoadApp                               0x08003a15   Thumb Code    88  app.o(i.IapLoadApp)
    i.MX_DMA_Init                            0x08003a94   Section        0  dma.o(i.MX_DMA_Init)
    i.MX_GPIO_Init                           0x08003acc   Section        0  gpio.o(i.MX_GPIO_Init)
    i.MX_IWDG_Init                           0x08003be4   Section        0  iwdg.o(i.MX_IWDG_Init)
    i.MX_TIM2_Init                           0x08003c0c   Section        0  tim.o(i.MX_TIM2_Init)
    i.MX_USART2_UART_Init                    0x08003c7c   Section        0  usart.o(i.MX_USART2_UART_Init)
    i.MemManage_Handler                      0x08003cb4   Section        0  stm32f4xx_it.o(i.MemManage_Handler)
    i.NMI_Handler                            0x08003cbc   Section        0  stm32f4xx_it.o(i.NMI_Handler)
    i.STMFLASH_ReadWord                      0x08003cc4   Section        0  stm32_flash.o(i.STMFLASH_ReadWord)
    STMFLASH_ReadWord                        0x08003cc5   Thumb Code     6  stm32_flash.o(i.STMFLASH_ReadWord)
    i.SystemClock_Config                     0x08003ccc   Section        0  bsp_hal.o(i.SystemClock_Config)
    i.SystemInit                             0x08003d84   Section        0  system_stm32f4xx.o(i.SystemInit)
    i.TIM1_UP_TIM10_IRQHandler               0x08003da0   Section        0  stm32f4xx_it.o(i.TIM1_UP_TIM10_IRQHandler)
    i.TIM2_IRQHandler                        0x08003db0   Section        0  stm32f4xx_it.o(i.TIM2_IRQHandler)
    i.TIM_Base_SetConfig                     0x08003dc0   Section        0  stm32f4xx_hal_tim.o(i.TIM_Base_SetConfig)
    i.TIM_ETR_SetConfig                      0x08003e98   Section        0  stm32f4xx_hal_tim.o(i.TIM_ETR_SetConfig)
    i.TIM_ITRx_SetConfig                     0x08003eae   Section        0  stm32f4xx_hal_tim.o(i.TIM_ITRx_SetConfig)
    TIM_ITRx_SetConfig                       0x08003eaf   Thumb Code    18  stm32f4xx_hal_tim.o(i.TIM_ITRx_SetConfig)
    i.TIM_TI1_ConfigInputStage               0x08003ec0   Section        0  stm32f4xx_hal_tim.o(i.TIM_TI1_ConfigInputStage)
    TIM_TI1_ConfigInputStage                 0x08003ec1   Thumb Code    38  stm32f4xx_hal_tim.o(i.TIM_TI1_ConfigInputStage)
    i.TIM_TI2_ConfigInputStage               0x08003ee6   Section        0  stm32f4xx_hal_tim.o(i.TIM_TI2_ConfigInputStage)
    TIM_TI2_ConfigInputStage                 0x08003ee7   Thumb Code    40  stm32f4xx_hal_tim.o(i.TIM_TI2_ConfigInputStage)
    i.UART4_IRQHandler                       0x08003f0e   Section        0  stm32f4xx_it.o(i.UART4_IRQHandler)
    i.UART5_IRQHandler                       0x08003f10   Section        0  stm32f4xx_it.o(i.UART5_IRQHandler)
    i.UART_DMAAbortOnError                   0x08003f12   Section        0  stm32f4xx_hal_uart.o(i.UART_DMAAbortOnError)
    UART_DMAAbortOnError                     0x08003f13   Thumb Code    20  stm32f4xx_hal_uart.o(i.UART_DMAAbortOnError)
    i.UART_EndRxTransfer                     0x08003f26   Section        0  stm32f4xx_hal_uart.o(i.UART_EndRxTransfer)
    UART_EndRxTransfer                       0x08003f27   Thumb Code   108  stm32f4xx_hal_uart.o(i.UART_EndRxTransfer)
    i.UART_EndTransmit_IT                    0x08003f92   Section        0  stm32f4xx_hal_uart.o(i.UART_EndTransmit_IT)
    UART_EndTransmit_IT                      0x08003f93   Thumb Code    32  stm32f4xx_hal_uart.o(i.UART_EndTransmit_IT)
    i.UART_Receive_IT                        0x08003fb2   Section        0  stm32f4xx_hal_uart.o(i.UART_Receive_IT)
    UART_Receive_IT                          0x08003fb3   Thumb Code   248  stm32f4xx_hal_uart.o(i.UART_Receive_IT)
    i.UART_SetConfig                         0x080040ac   Section        0  stm32f4xx_hal_uart.o(i.UART_SetConfig)
    UART_SetConfig                           0x080040ad   Thumb Code   546  stm32f4xx_hal_uart.o(i.UART_SetConfig)
    i.UART_Transmit_IT                       0x080042d8   Section        0  stm32f4xx_hal_uart.o(i.UART_Transmit_IT)
    UART_Transmit_IT                         0x080042d9   Thumb Code    96  stm32f4xx_hal_uart.o(i.UART_Transmit_IT)
    i.UART_WaitOnFlagUntilTimeout            0x08004338   Section        0  stm32f4xx_hal_uart.o(i.UART_WaitOnFlagUntilTimeout)
    UART_WaitOnFlagUntilTimeout              0x08004339   Thumb Code   146  stm32f4xx_hal_uart.o(i.UART_WaitOnFlagUntilTimeout)
    i.USART1_IRQHandler                      0x080043ca   Section        0  stm32f4xx_it.o(i.USART1_IRQHandler)
    i.USART2_IRQHandler                      0x080043cc   Section        0  stm32f4xx_it.o(i.USART2_IRQHandler)
    i.USART3_IRQHandler                      0x080043dc   Section        0  stm32f4xx_it.o(i.USART3_IRQHandler)
    i.USART6_IRQHandler                      0x080043de   Section        0  stm32f4xx_it.o(i.USART6_IRQHandler)
    i.UsageFault_Handler                     0x080043e0   Section        0  stm32f4xx_it.o(i.UsageFault_Handler)
    i._GPIO_IIC_AT24CXX_send_address         0x080043e8   Section        0  gpio_at24cxx.o(i._GPIO_IIC_AT24CXX_send_address)
    _GPIO_IIC_AT24CXX_send_address           0x080043e9   Thumb Code   144  gpio_at24cxx.o(i._GPIO_IIC_AT24CXX_send_address)
    i.__0printf                              0x08004478   Section        0  printfa.o(i.__0printf)
    i.__0vprintf                             0x08004498   Section        0  printfa.o(i.__0vprintf)
    i.__NVIC_GetPriorityGrouping             0x080044a8   Section        0  stm32f4xx_hal_cortex.o(i.__NVIC_GetPriorityGrouping)
    __NVIC_GetPriorityGrouping               0x080044a9   Thumb Code    10  stm32f4xx_hal_cortex.o(i.__NVIC_GetPriorityGrouping)
    i.__NVIC_SetPriority                     0x080044b8   Section        0  stm32f4xx_hal_cortex.o(i.__NVIC_SetPriority)
    __NVIC_SetPriority                       0x080044b9   Thumb Code    32  stm32f4xx_hal_cortex.o(i.__NVIC_SetPriority)
    i.__scatterload_copy                     0x080044e0   Section       14  handlers.o(i.__scatterload_copy)
    i.__scatterload_null                     0x080044ee   Section        2  handlers.o(i.__scatterload_null)
    i.__scatterload_zeroinit                 0x080044f0   Section       14  handlers.o(i.__scatterload_zeroinit)
    i._check_busy                            0x080044fe   Section        0  gpio_at24cxx.o(i._check_busy)
    _check_busy                              0x080044ff   Thumb Code   106  gpio_at24cxx.o(i._check_busy)
    i._fp_digits                             0x08004568   Section        0  printfa.o(i._fp_digits)
    _fp_digits                               0x08004569   Thumb Code   366  printfa.o(i._fp_digits)
    i._get_crc16                             0x080046ec   Section        0  utils.o(i._get_crc16)
    _get_crc16                               0x080046ed   Thumb Code    34  utils.o(i._get_crc16)
    i._printf_core                           0x08004710   Section        0  printfa.o(i._printf_core)
    _printf_core                             0x08004711   Thumb Code  1744  printfa.o(i._printf_core)
    i._printf_post_padding                   0x08004dec   Section        0  printfa.o(i._printf_post_padding)
    _printf_post_padding                     0x08004ded   Thumb Code    36  printfa.o(i._printf_post_padding)
    i._printf_pre_padding                    0x08004e10   Section        0  printfa.o(i._printf_pre_padding)
    _printf_pre_padding                      0x08004e11   Thumb Code    46  printfa.o(i._printf_pre_padding)
    i.add_crc32                              0x08004e40   Section        0  utils.o(i.add_crc32)
    i.crc32                                  0x08004e6c   Section        0  utils.o(i.crc32)
    i.fputc                                  0x08004e98   Section        0  bsp_log.o(i.fputc)
    i.get_modbus_crc16                       0x08004eb4   Section        0  utils.o(i.get_modbus_crc16)
    i.main                                   0x08004ed0   Section        0  main.o(i.main)
    i.read_uint16_t                          0x08004ee6   Section        0  utils.o(i.read_uint16_t)
    i.read_uint32_t                          0x08004ef4   Section        0  utils.o(i.read_uint32_t)
    i.read_uint8_t                           0x08004f00   Section        0  utils.o(i.read_uint8_t)
    i.stm32_flashErase                       0x08004f10   Section        0  stm32_flash.o(i.stm32_flashErase)
    i.stm32_flashRead                        0x08004f90   Section        0  stm32_flash.o(i.stm32_flashRead)
    i.stm32_flashWrite_Dire                  0x08004fb8   Section        0  stm32_flash.o(i.stm32_flashWrite_Dire)
    i.write_uint16_t                         0x08005000   Section        0  utils.o(i.write_uint16_t)
    i.write_uint32_t                         0x08005010   Section        0  utils.o(i.write_uint32_t)
    i.write_uint8_t                          0x0800501e   Section        0  utils.o(i.write_uint8_t)
    .constdata                               0x0800502e   Section        8  stm32f4xx_hal_dma.o(.constdata)
    flagBitshiftOffset                       0x0800502e   Data           8  stm32f4xx_hal_dma.o(.constdata)
    .constdata                               0x08005036   Section       24  system_stm32f4xx.o(.constdata)
    .constdata                               0x0800504e   Section       46  app.o(.constdata)
    .constdata                               0x0800507c   Section      308  app_update_firmware.o(.constdata)
    .constdata                               0x080051b0   Section     1536  utils.o(.constdata)
    CRC16_TABLE                              0x080051b0   Data         512  utils.o(.constdata)
    CRC32_TABLE                              0x080053b0   Data        1024  utils.o(.constdata)
    .conststring                             0x080057b0   Section      397  app_update_firmware.o(.conststring)
    .conststring                             0x08005940   Section       46  bsp_log.o(.conststring)
    .data                                    0x20000000   Section        9  stm32f4xx_hal.o(.data)
    .data                                    0x2000000c   Section        4  system_stm32f4xx.o(.data)
    .data                                    0x20000010   Section        4  app.o(.data)
    s_jumpToApplication                      0x20000010   Data           4  app.o(.data)
    .data                                    0x20000014   Section       40  app_update_firmware.o(.data)
    s_localBootInfo                          0x20000014   Data          12  app_update_firmware.o(.data)
    s_localAppInfo                           0x20000020   Data          12  app_update_firmware.o(.data)
    s_localDownloadInfo                      0x2000002c   Data          12  app_update_firmware.o(.data)
    .data                                    0x2000003c   Section       20  bsp_at24cm1.o(.data)
    gpio_iic                                 0x2000003c   Data          12  bsp_at24cm1.o(.data)
    .data                                    0x20000050   Section       28  bsp_log.o(.data)
    log_levels                               0x20000054   Data          24  bsp_log.o(.data)
    .data                                    0x2000006c   Section        1  bsp_mcu.o(.data)
    run_led                                  0x2000006c   Data           1  bsp_mcu.o(.data)
    .data                                    0x20000070   Section        4  bsp_wdg.o(.data)
    sp706_wdi                                0x20000070   Data           4  bsp_wdg.o(.data)
    .bss                                     0x20000074   Section       12  iwdg.o(.bss)
    .bss                                     0x20000080   Section       72  tim.o(.bss)
    .bss                                     0x200000c8   Section      984  usart.o(.bss)
    .bss                                     0x200004a0   Section       72  stm32f4xx_hal_timebase_tim.o(.bss)
    .bss                                     0x200004e8   Section       32  stm32f4xx_hal_flash.o(.bss)
    .bss                                     0x20000508   Section       56  app_update_firmware.o(.bss)
    .bss                                     0x20000540   Section       20  stm32_flash.o(.bss)
    EraseInitStruct                          0x20000540   Data          20  stm32_flash.o(.bss)
    STACK                                    0x20000558   Section     1024  startup_stm32f407xx.o(STACK)

    Global Symbols

    Symbol Name                              Value     Ov Type        Size  Object(Section)

    BuildAttributes$$THM_ISAv4$E$P$D$K$B$S$7EM$VFPi3$EXTD16$VFPS$VFMA$PE$A:L22UL41UL21$X:L11$S22US41US21$IEEE1$IW$USESV6$~STKCKD$USESV7$~SHL$OSPACE$ROPI$EBA8$MICROLIB$REQ8$PRES8$EABIv2 0x00000000   Number         0  anon$$obj.o ABSOLUTE
    __ARM_use_no_argv                        0x00000000   Number         0  main.o ABSOLUTE
    __use_no_errno                           0x00000000   Number         0  useno.o ABSOLUTE
    __use_no_exception_handling              0x00000000   Number         0  useno.o ABSOLUTE
    __use_no_fp                              0x00000000   Number         0  useno.o ABSOLUTE
    __use_no_heap                            0x00000000   Number         0  useno.o ABSOLUTE
    __use_no_heap_region                     0x00000000   Number         0  useno.o ABSOLUTE
    __use_no_semihosting                     0x00000000   Number         0  useno.o ABSOLUTE
    __use_no_semihosting_swi                 0x00000000   Number         0  useno.o ABSOLUTE
    __use_no_signal_handling                 0x00000000   Number         0  useno.o ABSOLUTE
    _printf_a                                0x00000000   Number         0  stubs.o ABSOLUTE
    _printf_c                                0x00000000   Number         0  stubs.o ABSOLUTE
    _printf_charcount                        0x00000000   Number         0  stubs.o ABSOLUTE
    _printf_d                                0x00000000   Number         0  stubs.o ABSOLUTE
    _printf_e                                0x00000000   Number         0  stubs.o ABSOLUTE
    _printf_f                                0x00000000   Number         0  stubs.o ABSOLUTE
    _printf_flags                            0x00000000   Number         0  stubs.o ABSOLUTE
    _printf_fp_dec                           0x00000000   Number         0  stubs.o ABSOLUTE
    _printf_fp_hex                           0x00000000   Number         0  stubs.o ABSOLUTE
    _printf_g                                0x00000000   Number         0  stubs.o ABSOLUTE
    _printf_i                                0x00000000   Number         0  stubs.o ABSOLUTE
    _printf_int_dec                          0x00000000   Number         0  stubs.o ABSOLUTE
    _printf_l                                0x00000000   Number         0  stubs.o ABSOLUTE
    _printf_lc                               0x00000000   Number         0  stubs.o ABSOLUTE
    _printf_ll                               0x00000000   Number         0  stubs.o ABSOLUTE
    _printf_lld                              0x00000000   Number         0  stubs.o ABSOLUTE
    _printf_lli                              0x00000000   Number         0  stubs.o ABSOLUTE
    _printf_llo                              0x00000000   Number         0  stubs.o ABSOLUTE
    _printf_llu                              0x00000000   Number         0  stubs.o ABSOLUTE
    _printf_llx                              0x00000000   Number         0  stubs.o ABSOLUTE
    _printf_longlong_dec                     0x00000000   Number         0  stubs.o ABSOLUTE
    _printf_longlong_hex                     0x00000000   Number         0  stubs.o ABSOLUTE
    _printf_longlong_oct                     0x00000000   Number         0  stubs.o ABSOLUTE
    _printf_ls                               0x00000000   Number         0  stubs.o ABSOLUTE
    _printf_mbtowc                           0x00000000   Number         0  stubs.o ABSOLUTE
    _printf_n                                0x00000000   Number         0  stubs.o ABSOLUTE
    _printf_o                                0x00000000   Number         0  stubs.o ABSOLUTE
    _printf_p                                0x00000000   Number         0  stubs.o ABSOLUTE
    _printf_percent                          0x00000000   Number         0  stubs.o ABSOLUTE
    _printf_pre_padding                      0x00000000   Number         0  stubs.o ABSOLUTE
    _printf_return_value                     0x00000000   Number         0  stubs.o ABSOLUTE
    _printf_s                                0x00000000   Number         0  stubs.o ABSOLUTE
    _printf_sizespec                         0x00000000   Number         0  stubs.o ABSOLUTE
    _printf_str                              0x00000000   Number         0  stubs.o ABSOLUTE
    _printf_truncate_signed                  0x00000000   Number         0  stubs.o ABSOLUTE
    _printf_truncate_unsigned                0x00000000   Number         0  stubs.o ABSOLUTE
    _printf_u                                0x00000000   Number         0  stubs.o ABSOLUTE
    _printf_wc                               0x00000000   Number         0  stubs.o ABSOLUTE
    _printf_wctomb                           0x00000000   Number         0  stubs.o ABSOLUTE
    _printf_widthprec                        0x00000000   Number         0  stubs.o ABSOLUTE
    _printf_x                                0x00000000   Number         0  stubs.o ABSOLUTE
    __cpp_initialize__aeabi_                  - Undefined Weak Reference
    __cxa_finalize                            - Undefined Weak Reference
    __decompress                              - Undefined Weak Reference
    _clock_init                               - Undefined Weak Reference
    _microlib_exit                            - Undefined Weak Reference
    __Vectors_Size                           0x00000188   Number         0  startup_stm32f407xx.o ABSOLUTE
    __Vectors                                0x08000000   Data           4  startup_stm32f407xx.o(RESET)
    __Vectors_End                            0x08000188   Data           0  startup_stm32f407xx.o(RESET)
    __main                                   0x08000189   Thumb Code     0  entry.o(.ARM.Collect$$$$00000000)
    _main_stk                                0x08000189   Thumb Code     0  entry2.o(.ARM.Collect$$$$00000001)
    _main_scatterload                        0x0800018d   Thumb Code     0  entry5.o(.ARM.Collect$$$$00000004)
    __main_after_scatterload                 0x08000191   Thumb Code     0  entry5.o(.ARM.Collect$$$$00000004)
    _main_clock                              0x08000191   Thumb Code     0  entry7b.o(.ARM.Collect$$$$00000008)
    _main_cpp_init                           0x08000191   Thumb Code     0  entry8b.o(.ARM.Collect$$$$0000000A)
    _main_init                               0x08000191   Thumb Code     0  entry9a.o(.ARM.Collect$$$$0000000B)
    __rt_final_cpp                           0x08000199   Thumb Code     0  entry10a.o(.ARM.Collect$$$$0000000D)
    __rt_final_exit                          0x08000199   Thumb Code     0  entry11a.o(.ARM.Collect$$$$0000000F)
    Reset_Handler                            0x0800019d   Thumb Code     8  startup_stm32f407xx.o(.text)
    SVC_Handler                              0x080001af   Thumb Code     2  startup_stm32f407xx.o(.text)
    PendSV_Handler                           0x080001b3   Thumb Code     2  startup_stm32f407xx.o(.text)
    SysTick_Handler                          0x080001b5   Thumb Code     2  startup_stm32f407xx.o(.text)
    ADC_IRQHandler                           0x080001b7   Thumb Code     0  startup_stm32f407xx.o(.text)
    CAN1_RX0_IRQHandler                      0x080001b7   Thumb Code     0  startup_stm32f407xx.o(.text)
    CAN1_RX1_IRQHandler                      0x080001b7   Thumb Code     0  startup_stm32f407xx.o(.text)
    CAN1_SCE_IRQHandler                      0x080001b7   Thumb Code     0  startup_stm32f407xx.o(.text)
    CAN1_TX_IRQHandler                       0x080001b7   Thumb Code     0  startup_stm32f407xx.o(.text)
    CAN2_RX0_IRQHandler                      0x080001b7   Thumb Code     0  startup_stm32f407xx.o(.text)
    CAN2_RX1_IRQHandler                      0x080001b7   Thumb Code     0  startup_stm32f407xx.o(.text)
    CAN2_SCE_IRQHandler                      0x080001b7   Thumb Code     0  startup_stm32f407xx.o(.text)
    CAN2_TX_IRQHandler                       0x080001b7   Thumb Code     0  startup_stm32f407xx.o(.text)
    DCMI_IRQHandler                          0x080001b7   Thumb Code     0  startup_stm32f407xx.o(.text)
    DMA1_Stream3_IRQHandler                  0x080001b7   Thumb Code     0  startup_stm32f407xx.o(.text)
    DMA1_Stream4_IRQHandler                  0x080001b7   Thumb Code     0  startup_stm32f407xx.o(.text)
    DMA1_Stream6_IRQHandler                  0x080001b7   Thumb Code     0  startup_stm32f407xx.o(.text)
    DMA1_Stream7_IRQHandler                  0x080001b7   Thumb Code     0  startup_stm32f407xx.o(.text)
    DMA2_Stream0_IRQHandler                  0x080001b7   Thumb Code     0  startup_stm32f407xx.o(.text)
    DMA2_Stream3_IRQHandler                  0x080001b7   Thumb Code     0  startup_stm32f407xx.o(.text)
    DMA2_Stream4_IRQHandler                  0x080001b7   Thumb Code     0  startup_stm32f407xx.o(.text)
    DMA2_Stream5_IRQHandler                  0x080001b7   Thumb Code     0  startup_stm32f407xx.o(.text)
    DMA2_Stream6_IRQHandler                  0x080001b7   Thumb Code     0  startup_stm32f407xx.o(.text)
    DMA2_Stream7_IRQHandler                  0x080001b7   Thumb Code     0  startup_stm32f407xx.o(.text)
    ETH_IRQHandler                           0x080001b7   Thumb Code     0  startup_stm32f407xx.o(.text)
    ETH_WKUP_IRQHandler                      0x080001b7   Thumb Code     0  startup_stm32f407xx.o(.text)
    EXTI0_IRQHandler                         0x080001b7   Thumb Code     0  startup_stm32f407xx.o(.text)
    EXTI2_IRQHandler                         0x080001b7   Thumb Code     0  startup_stm32f407xx.o(.text)
    EXTI3_IRQHandler                         0x080001b7   Thumb Code     0  startup_stm32f407xx.o(.text)
    EXTI4_IRQHandler                         0x080001b7   Thumb Code     0  startup_stm32f407xx.o(.text)
    EXTI9_5_IRQHandler                       0x080001b7   Thumb Code     0  startup_stm32f407xx.o(.text)
    FLASH_IRQHandler                         0x080001b7   Thumb Code     0  startup_stm32f407xx.o(.text)
    FMC_IRQHandler                           0x080001b7   Thumb Code     0  startup_stm32f407xx.o(.text)
    FPU_IRQHandler                           0x080001b7   Thumb Code     0  startup_stm32f407xx.o(.text)
    HASH_RNG_IRQHandler                      0x080001b7   Thumb Code     0  startup_stm32f407xx.o(.text)
    I2C1_ER_IRQHandler                       0x080001b7   Thumb Code     0  startup_stm32f407xx.o(.text)
    I2C1_EV_IRQHandler                       0x080001b7   Thumb Code     0  startup_stm32f407xx.o(.text)
    I2C2_ER_IRQHandler                       0x080001b7   Thumb Code     0  startup_stm32f407xx.o(.text)
    I2C2_EV_IRQHandler                       0x080001b7   Thumb Code     0  startup_stm32f407xx.o(.text)
    I2C3_ER_IRQHandler                       0x080001b7   Thumb Code     0  startup_stm32f407xx.o(.text)
    I2C3_EV_IRQHandler                       0x080001b7   Thumb Code     0  startup_stm32f407xx.o(.text)
    OTG_FS_IRQHandler                        0x080001b7   Thumb Code     0  startup_stm32f407xx.o(.text)
    OTG_FS_WKUP_IRQHandler                   0x080001b7   Thumb Code     0  startup_stm32f407xx.o(.text)
    OTG_HS_EP1_IN_IRQHandler                 0x080001b7   Thumb Code     0  startup_stm32f407xx.o(.text)
    OTG_HS_EP1_OUT_IRQHandler                0x080001b7   Thumb Code     0  startup_stm32f407xx.o(.text)
    OTG_HS_IRQHandler                        0x080001b7   Thumb Code     0  startup_stm32f407xx.o(.text)
    OTG_HS_WKUP_IRQHandler                   0x080001b7   Thumb Code     0  startup_stm32f407xx.o(.text)
    PVD_IRQHandler                           0x080001b7   Thumb Code     0  startup_stm32f407xx.o(.text)
    RCC_IRQHandler                           0x080001b7   Thumb Code     0  startup_stm32f407xx.o(.text)
    RTC_Alarm_IRQHandler                     0x080001b7   Thumb Code     0  startup_stm32f407xx.o(.text)
    RTC_WKUP_IRQHandler                      0x080001b7   Thumb Code     0  startup_stm32f407xx.o(.text)
    SDIO_IRQHandler                          0x080001b7   Thumb Code     0  startup_stm32f407xx.o(.text)
    SPI1_IRQHandler                          0x080001b7   Thumb Code     0  startup_stm32f407xx.o(.text)
    SPI2_IRQHandler                          0x080001b7   Thumb Code     0  startup_stm32f407xx.o(.text)
    SPI3_IRQHandler                          0x080001b7   Thumb Code     0  startup_stm32f407xx.o(.text)
    TAMP_STAMP_IRQHandler                    0x080001b7   Thumb Code     0  startup_stm32f407xx.o(.text)
    TIM1_BRK_TIM9_IRQHandler                 0x080001b7   Thumb Code     0  startup_stm32f407xx.o(.text)
    TIM1_CC_IRQHandler                       0x080001b7   Thumb Code     0  startup_stm32f407xx.o(.text)
    TIM1_TRG_COM_TIM11_IRQHandler            0x080001b7   Thumb Code     0  startup_stm32f407xx.o(.text)
    TIM3_IRQHandler                          0x080001b7   Thumb Code     0  startup_stm32f407xx.o(.text)
    TIM4_IRQHandler                          0x080001b7   Thumb Code     0  startup_stm32f407xx.o(.text)
    TIM5_IRQHandler                          0x080001b7   Thumb Code     0  startup_stm32f407xx.o(.text)
    TIM6_DAC_IRQHandler                      0x080001b7   Thumb Code     0  startup_stm32f407xx.o(.text)
    TIM7_IRQHandler                          0x080001b7   Thumb Code     0  startup_stm32f407xx.o(.text)
    TIM8_BRK_TIM12_IRQHandler                0x080001b7   Thumb Code     0  startup_stm32f407xx.o(.text)
    TIM8_CC_IRQHandler                       0x080001b7   Thumb Code     0  startup_stm32f407xx.o(.text)
    TIM8_TRG_COM_TIM14_IRQHandler            0x080001b7   Thumb Code     0  startup_stm32f407xx.o(.text)
    TIM8_UP_TIM13_IRQHandler                 0x080001b7   Thumb Code     0  startup_stm32f407xx.o(.text)
    WWDG_IRQHandler                          0x080001b7   Thumb Code     0  startup_stm32f407xx.o(.text)
    __aeabi_uldivmod                         0x080001c1   Thumb Code    98  uldiv.o(.text)
    __aeabi_memcpy                           0x08000223   Thumb Code    36  memcpya.o(.text)
    __aeabi_memcpy4                          0x08000223   Thumb Code     0  memcpya.o(.text)
    __aeabi_memcpy8                          0x08000223   Thumb Code     0  memcpya.o(.text)
    __aeabi_memset                           0x08000247   Thumb Code    14  memseta.o(.text)
    __aeabi_memset4                          0x08000247   Thumb Code     0  memseta.o(.text)
    __aeabi_memset8                          0x08000247   Thumb Code     0  memseta.o(.text)
    __aeabi_memclr                           0x08000255   Thumb Code     4  memseta.o(.text)
    __aeabi_memclr4                          0x08000255   Thumb Code     0  memseta.o(.text)
    __aeabi_memclr8                          0x08000255   Thumb Code     0  memseta.o(.text)
    _memset$wrapper                          0x08000259   Thumb Code    18  memseta.o(.text)
    strstr                                   0x0800026b   Thumb Code    36  strstr.o(.text)
    __aeabi_uidiv                            0x0800028f   Thumb Code     0  uidiv.o(.text)
    __aeabi_uidivmod                         0x0800028f   Thumb Code    44  uidiv.o(.text)
    __aeabi_llsl                             0x080002bb   Thumb Code    30  llshl.o(.text)
    _ll_shift_l                              0x080002bb   Thumb Code     0  llshl.o(.text)
    __aeabi_llsr                             0x080002d9   Thumb Code    32  llushr.o(.text)
    _ll_ushift_r                             0x080002d9   Thumb Code     0  llushr.o(.text)
    __I$use$fp                               0x080002f9   Thumb Code     0  iusefp.o(.text)
    __aeabi_dmul                             0x080002f9   Thumb Code   228  dmul.o(.text)
    __scatterload                            0x080003dd   Thumb Code    28  init.o(.text)
    __scatterload_rt2                        0x080003dd   Thumb Code     0  init.o(.text)
    c_bootFileNameStr                        0x08000400   Data          64  app.o(.ARM.__AT_0x08000400)
    c_compilerTime                           0x08000440   Data          64  app.o(.ARM.__AT_0x08000440)
    __aeabi_dadd                             0x08000481   Thumb Code   322  dadd.o(.text)
    __aeabi_dsub                             0x080005c3   Thumb Code     6  dadd.o(.text)
    __aeabi_drsub                            0x080005c9   Thumb Code     6  dadd.o(.text)
    __aeabi_ddiv                             0x080005cf   Thumb Code   222  ddiv.o(.text)
    __aeabi_d2ulz                            0x080006ad   Thumb Code    48  dfixul.o(.text)
    __aeabi_cdrcmple                         0x080006dd   Thumb Code    48  cdrcmple.o(.text)
    __aeabi_lasr                             0x0800070d   Thumb Code    36  llsshr.o(.text)
    _ll_sshift_r                             0x0800070d   Thumb Code     0  llsshr.o(.text)
    _double_round                            0x08000731   Thumb Code    30  depilogue.o(.text)
    _double_epilogue                         0x0800074f   Thumb Code   156  depilogue.o(.text)
    APP_CONFIG_AllFirmwareInfoRecovery       0x080007ed   Thumb Code    90  app_update_firmware.o(i.APP_CONFIG_AllFirmwareInfoRecovery)
    APP_CONFIG_AppFirmwareInfoRecovery       0x08000851   Thumb Code    64  app_update_firmware.o(i.APP_CONFIG_AppFirmwareInfoRecovery)
    APP_CONFIG_AppFirmwareInfoSync           0x08000895   Thumb Code    72  app_update_firmware.o(i.APP_CONFIG_AppFirmwareInfoSync)
    APP_CONFIG_DownloadFirmwareInfoRecovery  0x080008e5   Thumb Code    66  app_update_firmware.o(i.APP_CONFIG_DownloadFirmwareInfoRecovery)
    APP_CONFIG_FirmwareInfoInit              0x0800092d   Thumb Code    32  app_update_firmware.o(i.APP_CONFIG_FirmwareInfoInit)
    APP_CONFIG_FirmwareInfoLoad              0x0800094d   Thumb Code    52  app_update_firmware.o(i.APP_CONFIG_FirmwareInfoLoad)
    APP_CONFIG_FirmwareInfoRead              0x08000989   Thumb Code   110  app_update_firmware.o(i.APP_CONFIG_FirmwareInfoRead)
    APP_CONFIG_FirmwareInfoWrite             0x080009f7   Thumb Code    98  app_update_firmware.o(i.APP_CONFIG_FirmwareInfoWrite)
    APP_MAIN                                 0x08000a59   Thumb Code   100  app.o(i.APP_MAIN)
    APP_TASK_run_per_second_ISR              0x08000ad5   Thumb Code    12  bsp_hal.o(i.APP_TASK_run_per_second_ISR)
    APP_UPDATE_FIRMWARE_CheckFile            0x08000ae1   Thumb Code   144  app_update_firmware.o(i.APP_UPDATE_FIRMWARE_CheckFile)
    APP_UPDATE_FIRMWARE_FactoryCheck         0x08000b89   Thumb Code    24  app_update_firmware.o(i.APP_UPDATE_FIRMWARE_FactoryCheck)
    APP_UPDATE_FIRMWARE_ShowErrorTypeContent 0x08000ba1   Thumb Code    56  app_update_firmware.o(i.APP_UPDATE_FIRMWARE_ShowErrorTypeContent)
    BSP_AT24CM1_read_bytes                   0x08000cad   Thumb Code    60  bsp_at24cm1.o(i.BSP_AT24CM1_read_bytes)
    BSP_AT24CM1_write_bytes                  0x08000ced   Thumb Code    66  bsp_at24cm1.o(i.BSP_AT24CM1_write_bytes)
    BSP_GPIO_set_pin_as_input                0x08000d35   Thumb Code    38  bsp_gpio.o(i.BSP_GPIO_set_pin_as_input)
    BSP_GPIO_set_pin_as_output               0x08000d5b   Thumb Code    46  bsp_gpio.o(i.BSP_GPIO_set_pin_as_output)
    BSP_HAL_init                             0x08000d89   Thumb Code    44  bsp_hal.o(i.BSP_HAL_init)
    BSP_LOG_init                             0x08000db9   Thumb Code     4  bsp_log.o(i.BSP_LOG_init)
    BSP_LOG_level_show                       0x08000dbd   Thumb Code    20  bsp_log.o(i.BSP_LOG_level_show)
    BSP_LOG_print                            0x08000de5   Thumb Code    36  bsp_log.o(i.BSP_LOG_print)
    BSP_LOG_print_hex                        0x08000e09   Thumb Code    40  bsp_log.o(i.BSP_LOG_print_hex)
    BSP_MCU_reset                            0x08000e39   Thumb Code    18  bsp_mcu.o(i.BSP_MCU_reset)
    BSP_MCU_run_led_flash                    0x08000e4d   Thumb Code    38  bsp_mcu.o(i.BSP_MCU_run_led_flash)
    BSP_WDG_Timer_init                       0x08000e7d   Thumb Code    22  bsp_wdg.o(i.BSP_WDG_Timer_init)
    BSP_WDG_feed                             0x08000e99   Thumb Code    60  bsp_wdg.o(i.BSP_WDG_feed)
    BSP_WDG_init                             0x08000ee1   Thumb Code    40  bsp_wdg.o(i.BSP_WDG_init)
    BSP_WDG_stop                             0x08000f11   Thumb Code    12  bsp_wdg.o(i.BSP_WDG_stop)
    BusFault_Handler                         0x08000f79   Thumb Code     8  stm32f4xx_it.o(i.BusFault_Handler)
    DMA1_Stream0_IRQHandler                  0x08001165   Thumb Code     2  stm32f4xx_it.o(i.DMA1_Stream0_IRQHandler)
    DMA1_Stream1_IRQHandler                  0x08001167   Thumb Code     2  stm32f4xx_it.o(i.DMA1_Stream1_IRQHandler)
    DMA1_Stream2_IRQHandler                  0x08001169   Thumb Code     2  stm32f4xx_it.o(i.DMA1_Stream2_IRQHandler)
    DMA1_Stream5_IRQHandler                  0x0800116d   Thumb Code    10  stm32f4xx_it.o(i.DMA1_Stream5_IRQHandler)
    DMA2_Stream1_IRQHandler                  0x0800117d   Thumb Code     2  stm32f4xx_it.o(i.DMA2_Stream1_IRQHandler)
    DMA2_Stream2_IRQHandler                  0x0800117f   Thumb Code     2  stm32f4xx_it.o(i.DMA2_Stream2_IRQHandler)
    DWT_delay                                0x08001261   Thumb Code    34  dwt_delay.o(i.DWT_delay)
    DWT_init                                 0x08001291   Thumb Code    70  dwt_delay.o(i.DWT_init)
    DebugMon_Handler                         0x080012e1   Thumb Code     2  stm32f4xx_it.o(i.DebugMon_Handler)
    EEPROM_ReadBlock                         0x080012e5   Thumb Code    92  app_update_firmware.o(i.EEPROM_ReadBlock)
    EEPROM_WriteBlock                        0x08001359   Thumb Code    84  app_update_firmware.o(i.EEPROM_WriteBlock)
    EXTI15_10_IRQHandler                     0x080013c9   Thumb Code     2  stm32f4xx_it.o(i.EXTI15_10_IRQHandler)
    EXTI1_IRQHandler                         0x080013cb   Thumb Code     2  stm32f4xx_it.o(i.EXTI1_IRQHandler)
    Error_Handler                            0x080013cd   Thumb Code     2  bsp_hal.o(i.Error_Handler)
    FLASH_Erase_Sector                       0x080013d1   Thumb Code    86  stm32f4xx_hal_flash_ex.o(i.FLASH_Erase_Sector)
    FLASH_FlushCaches                        0x0800142d   Thumb Code   114  stm32f4xx_hal_flash_ex.o(i.FLASH_FlushCaches)
    FLASH_WaitForLastOperation               0x0800161d   Thumb Code    90  stm32f4xx_hal_flash.o(i.FLASH_WaitForLastOperation)
    FirmwareSettingInfoTestSend              0x0800171f   Thumb Code     2  app_update_firmware.o(i.FirmwareSettingInfoTestSend)
    GPIO_IIC_AT24CXX_read_bytes              0x080017c1   Thumb Code   174  gpio_at24cxx.o(i.GPIO_IIC_AT24CXX_read_bytes)
    GPIO_IIC_AT24CXX_write_bytes             0x0800186f   Thumb Code   142  gpio_at24cxx.o(i.GPIO_IIC_AT24CXX_write_bytes)
    GPIO_IIC_ack                             0x080018fd   Thumb Code    66  gpio_iic.o(i.GPIO_IIC_ack)
    GPIO_IIC_nack                            0x0800193f   Thumb Code    66  gpio_iic.o(i.GPIO_IIC_nack)
    GPIO_IIC_read_byte                       0x08001981   Thumb Code   130  gpio_iic.o(i.GPIO_IIC_read_byte)
    GPIO_IIC_send_byte                       0x08001a03   Thumb Code   114  gpio_iic.o(i.GPIO_IIC_send_byte)
    GPIO_IIC_start                           0x08001a75   Thumb Code    62  gpio_iic.o(i.GPIO_IIC_start)
    GPIO_IIC_stop                            0x08001ab3   Thumb Code    62  gpio_iic.o(i.GPIO_IIC_stop)
    GPIO_IIC_wait_ack                        0x08001af1   Thumb Code    88  gpio_iic.o(i.GPIO_IIC_wait_ack)
    HAL_DMA_Abort                            0x08001c53   Thumb Code   172  stm32f4xx_hal_dma.o(i.HAL_DMA_Abort)
    HAL_DMA_Abort_IT                         0x08001cff   Thumb Code    40  stm32f4xx_hal_dma.o(i.HAL_DMA_Abort_IT)
    HAL_DMA_IRQHandler                       0x08001d29   Thumb Code   570  stm32f4xx_hal_dma.o(i.HAL_DMA_IRQHandler)
    HAL_DMA_Init                             0x08001f69   Thumb Code   232  stm32f4xx_hal_dma.o(i.HAL_DMA_Init)
    HAL_DeInit                               0x08002055   Thumb Code    64  stm32f4xx_hal.o(i.HAL_DeInit)
    HAL_Delay                                0x08002099   Thumb Code    36  stm32f4xx_hal.o(i.HAL_Delay)
    HAL_FLASHEx_Erase                        0x080020c1   Thumb Code   164  stm32f4xx_hal_flash_ex.o(i.HAL_FLASHEx_Erase)
    HAL_FLASH_Lock                           0x0800216d   Thumb Code    16  stm32f4xx_hal_flash.o(i.HAL_FLASH_Lock)
    HAL_FLASH_Program                        0x08002181   Thumb Code   142  stm32f4xx_hal_flash.o(i.HAL_FLASH_Program)
    HAL_FLASH_Unlock                         0x08002219   Thumb Code    38  stm32f4xx_hal_flash.o(i.HAL_FLASH_Unlock)
    HAL_GPIO_Init                            0x0800224d   Thumb Code   452  stm32f4xx_hal_gpio.o(i.HAL_GPIO_Init)
    HAL_GPIO_ReadPin                         0x0800243d   Thumb Code    16  stm32f4xx_hal_gpio.o(i.HAL_GPIO_ReadPin)
    HAL_GPIO_WritePin                        0x0800244d   Thumb Code    12  stm32f4xx_hal_gpio.o(i.HAL_GPIO_WritePin)
    HAL_GetTick                              0x08002459   Thumb Code     6  stm32f4xx_hal.o(i.HAL_GetTick)
    HAL_IWDG_Init                            0x08002465   Thumb Code    94  stm32f4xx_hal_iwdg.o(i.HAL_IWDG_Init)
    HAL_IWDG_Refresh                         0x080024c3   Thumb Code    14  stm32f4xx_hal_iwdg.o(i.HAL_IWDG_Refresh)
    HAL_IncTick                              0x080024d1   Thumb Code    16  stm32f4xx_hal.o(i.HAL_IncTick)
    HAL_Init                                 0x080024e9   Thumb Code    54  stm32f4xx_hal.o(i.HAL_Init)
    HAL_InitTick                             0x08002525   Thumb Code   122  stm32f4xx_hal_timebase_tim.o(i.HAL_InitTick)
    HAL_MspDeInit                            0x080025b1   Thumb Code     2  stm32f4xx_hal.o(i.HAL_MspDeInit)
    HAL_MspInit                              0x080025b5   Thumb Code    78  stm32f4xx_hal_msp.o(i.HAL_MspInit)
    HAL_NVIC_EnableIRQ                       0x08002609   Thumb Code    32  stm32f4xx_hal_cortex.o(i.HAL_NVIC_EnableIRQ)
    HAL_NVIC_SetPriority                     0x08002629   Thumb Code   124  stm32f4xx_hal_cortex.o(i.HAL_NVIC_SetPriority)
    HAL_NVIC_SetPriorityGrouping             0x080026a5   Thumb Code    32  stm32f4xx_hal_cortex.o(i.HAL_NVIC_SetPriorityGrouping)
    HAL_NVIC_SystemReset                     0x080026cd   Thumb Code    60  stm32f4xx_hal_cortex.o(i.HAL_NVIC_SystemReset)
    HAL_RCC_ClockConfig                      0x08002711   Thumb Code   368  stm32f4xx_hal_rcc.o(i.HAL_RCC_ClockConfig)
    HAL_RCC_DeInit                           0x08002895   Thumb Code   358  stm32f4xx_hal_rcc_ex.o(i.HAL_RCC_DeInit)
    HAL_RCC_GetClockConfig                   0x08002a15   Thumb Code    58  stm32f4xx_hal_rcc.o(i.HAL_RCC_GetClockConfig)
    HAL_RCC_GetHCLKFreq                      0x08002a59   Thumb Code     6  stm32f4xx_hal_rcc.o(i.HAL_RCC_GetHCLKFreq)
    HAL_RCC_GetPCLK1Freq                     0x08002a65   Thumb Code    22  stm32f4xx_hal_rcc.o(i.HAL_RCC_GetPCLK1Freq)
    HAL_RCC_GetPCLK2Freq                     0x08002a85   Thumb Code    22  stm32f4xx_hal_rcc.o(i.HAL_RCC_GetPCLK2Freq)
    HAL_RCC_GetSysClockFreq                  0x08002aa5   Thumb Code   162  stm32f4xx_hal_rcc.o(i.HAL_RCC_GetSysClockFreq)
    HAL_RCC_OscConfig                        0x08002b55   Thumb Code  1172  stm32f4xx_hal_rcc.o(i.HAL_RCC_OscConfig)
    HAL_TIMEx_BreakCallback                  0x08002ff1   Thumb Code     2  stm32f4xx_hal_tim_ex.o(i.HAL_TIMEx_BreakCallback)
    HAL_TIMEx_CommutCallback                 0x08002ff3   Thumb Code     2  stm32f4xx_hal_tim_ex.o(i.HAL_TIMEx_CommutCallback)
    HAL_TIMEx_MasterConfigSynchronization    0x08002ff5   Thumb Code   150  stm32f4xx_hal_tim_ex.o(i.HAL_TIMEx_MasterConfigSynchronization)
    HAL_TIM_Base_Init                        0x080030a9   Thumb Code   102  stm32f4xx_hal_tim.o(i.HAL_TIM_Base_Init)
    HAL_TIM_Base_MspInit                     0x08003111   Thumb Code    62  tim.o(i.HAL_TIM_Base_MspInit)
    HAL_TIM_Base_Start_IT                    0x08003155   Thumb Code   138  stm32f4xx_hal_tim.o(i.HAL_TIM_Base_Start_IT)
    HAL_TIM_ConfigClockSource                0x080031fd   Thumb Code   268  stm32f4xx_hal_tim.o(i.HAL_TIM_ConfigClockSource)
    HAL_TIM_IC_CaptureCallback               0x08003309   Thumb Code     2  stm32f4xx_hal_tim.o(i.HAL_TIM_IC_CaptureCallback)
    HAL_TIM_IRQHandler                       0x0800330b   Thumb Code   406  stm32f4xx_hal_tim.o(i.HAL_TIM_IRQHandler)
    HAL_TIM_OC_DelayElapsedCallback          0x080034a1   Thumb Code     2  stm32f4xx_hal_tim.o(i.HAL_TIM_OC_DelayElapsedCallback)
    HAL_TIM_PWM_PulseFinishedCallback        0x080034a3   Thumb Code     2  stm32f4xx_hal_tim.o(i.HAL_TIM_PWM_PulseFinishedCallback)
    HAL_TIM_PeriodElapsedCallback            0x080034a5   Thumb Code    30  bsp_hal.o(i.HAL_TIM_PeriodElapsedCallback)
    HAL_TIM_TriggerCallback                  0x080034c9   Thumb Code     2  stm32f4xx_hal_tim.o(i.HAL_TIM_TriggerCallback)
    HAL_UARTEx_RxEventCallback               0x080034cb   Thumb Code     2  stm32f4xx_hal_uart.o(i.HAL_UARTEx_RxEventCallback)
    HAL_UART_ErrorCallback                   0x080034cd   Thumb Code     2  stm32f4xx_hal_uart.o(i.HAL_UART_ErrorCallback)
    HAL_UART_IRQHandler                      0x080034d1   Thumb Code   732  stm32f4xx_hal_uart.o(i.HAL_UART_IRQHandler)
    HAL_UART_Init                            0x080037b1   Thumb Code   114  stm32f4xx_hal_uart.o(i.HAL_UART_Init)
    HAL_UART_MspInit                         0x08003825   Thumb Code   236  usart.o(i.HAL_UART_MspInit)
    HAL_UART_RxCpltCallback                  0x08003935   Thumb Code     2  stm32f4xx_hal_uart.o(i.HAL_UART_RxCpltCallback)
    HAL_UART_Transmit                        0x08003937   Thumb Code   210  stm32f4xx_hal_uart.o(i.HAL_UART_Transmit)
    HAL_UART_TxCpltCallback                  0x08003a09   Thumb Code     2  stm32f4xx_hal_uart.o(i.HAL_UART_TxCpltCallback)
    HardFault_Handler                        0x08003a0b   Thumb Code     8  stm32f4xx_it.o(i.HardFault_Handler)
    MX_DMA_Init                              0x08003a95   Thumb Code    52  dma.o(i.MX_DMA_Init)
    MX_GPIO_Init                             0x08003acd   Thumb Code   264  gpio.o(i.MX_GPIO_Init)
    MX_IWDG_Init                             0x08003be5   Thumb Code    32  iwdg.o(i.MX_IWDG_Init)
    MX_TIM2_Init                             0x08003c0d   Thumb Code   106  tim.o(i.MX_TIM2_Init)
    MX_USART2_UART_Init                      0x08003c7d   Thumb Code    46  usart.o(i.MX_USART2_UART_Init)
    MemManage_Handler                        0x08003cb5   Thumb Code     8  stm32f4xx_it.o(i.MemManage_Handler)
    NMI_Handler                              0x08003cbd   Thumb Code     8  stm32f4xx_it.o(i.NMI_Handler)
    SystemClock_Config                       0x08003ccd   Thumb Code   176  bsp_hal.o(i.SystemClock_Config)
    SystemInit                               0x08003d85   Thumb Code    24  system_stm32f4xx.o(i.SystemInit)
    TIM1_UP_TIM10_IRQHandler                 0x08003da1   Thumb Code    10  stm32f4xx_it.o(i.TIM1_UP_TIM10_IRQHandler)
    TIM2_IRQHandler                          0x08003db1   Thumb Code    10  stm32f4xx_it.o(i.TIM2_IRQHandler)
    TIM_Base_SetConfig                       0x08003dc1   Thumb Code   170  stm32f4xx_hal_tim.o(i.TIM_Base_SetConfig)
    TIM_ETR_SetConfig                        0x08003e99   Thumb Code    22  stm32f4xx_hal_tim.o(i.TIM_ETR_SetConfig)
    UART4_IRQHandler                         0x08003f0f   Thumb Code     2  stm32f4xx_it.o(i.UART4_IRQHandler)
    UART5_IRQHandler                         0x08003f11   Thumb Code     2  stm32f4xx_it.o(i.UART5_IRQHandler)
    USART1_IRQHandler                        0x080043cb   Thumb Code     2  stm32f4xx_it.o(i.USART1_IRQHandler)
    USART2_IRQHandler                        0x080043cd   Thumb Code    10  stm32f4xx_it.o(i.USART2_IRQHandler)
    USART3_IRQHandler                        0x080043dd   Thumb Code     2  stm32f4xx_it.o(i.USART3_IRQHandler)
    USART6_IRQHandler                        0x080043df   Thumb Code     2  stm32f4xx_it.o(i.USART6_IRQHandler)
    UsageFault_Handler                       0x080043e1   Thumb Code     8  stm32f4xx_it.o(i.UsageFault_Handler)
    __0printf                                0x08004479   Thumb Code    22  printfa.o(i.__0printf)
    __1printf                                0x08004479   Thumb Code     0  printfa.o(i.__0printf)
    __2printf                                0x08004479   Thumb Code     0  printfa.o(i.__0printf)
    __c89printf                              0x08004479   Thumb Code     0  printfa.o(i.__0printf)
    printf                                   0x08004479   Thumb Code     0  printfa.o(i.__0printf)
    __0vprintf                               0x08004499   Thumb Code     8  printfa.o(i.__0vprintf)
    __1vprintf                               0x08004499   Thumb Code     0  printfa.o(i.__0vprintf)
    __2vprintf                               0x08004499   Thumb Code     0  printfa.o(i.__0vprintf)
    __c89vprintf                             0x08004499   Thumb Code     0  printfa.o(i.__0vprintf)
    vprintf                                  0x08004499   Thumb Code     0  printfa.o(i.__0vprintf)
    __scatterload_copy                       0x080044e1   Thumb Code    14  handlers.o(i.__scatterload_copy)
    __scatterload_null                       0x080044ef   Thumb Code     2  handlers.o(i.__scatterload_null)
    __scatterload_zeroinit                   0x080044f1   Thumb Code    14  handlers.o(i.__scatterload_zeroinit)
    add_crc32                                0x08004e41   Thumb Code    40  utils.o(i.add_crc32)
    crc32                                    0x08004e6d   Thumb Code    40  utils.o(i.crc32)
    fputc                                    0x08004e99   Thumb Code    22  bsp_log.o(i.fputc)
    get_modbus_crc16                         0x08004eb5   Thumb Code    22  utils.o(i.get_modbus_crc16)
    main                                     0x08004ed1   Thumb Code    22  main.o(i.main)
    read_uint16_t                            0x08004ee7   Thumb Code    14  utils.o(i.read_uint16_t)
    read_uint32_t                            0x08004ef5   Thumb Code    12  utils.o(i.read_uint32_t)
    read_uint8_t                             0x08004f01   Thumb Code    14  utils.o(i.read_uint8_t)
    stm32_flashErase                         0x08004f11   Thumb Code   118  stm32_flash.o(i.stm32_flashErase)
    stm32_flashRead                          0x08004f91   Thumb Code    40  stm32_flash.o(i.stm32_flashRead)
    stm32_flashWrite_Dire                    0x08004fb9   Thumb Code    66  stm32_flash.o(i.stm32_flashWrite_Dire)
    write_uint16_t                           0x08005001   Thumb Code    16  utils.o(i.write_uint16_t)
    write_uint32_t                           0x08005011   Thumb Code    14  utils.o(i.write_uint32_t)
    write_uint8_t                            0x0800501f   Thumb Code    16  utils.o(i.write_uint8_t)
    AHBPrescTable                            0x08005036   Data          16  system_stm32f4xx.o(.constdata)
    APBPrescTable                            0x08005046   Data           8  system_stm32f4xx.o(.constdata)
    c_appInfoErrorStr                        0x0800504e   Data          46  app.o(.constdata)
    c_appInfoCheckStr                        0x0800507c   Data          37  app_update_firmware.o(.constdata)
    c_appInfoSuccessStr                      0x080050a1   Data          50  app_update_firmware.o(.constdata)
    c_eraseFirmwareInfoStr                   0x080050d3   Data          55  app_update_firmware.o(.constdata)
    c_appFileNameHeadStr                     0x0800510a   Data           5  app_update_firmware.o(.constdata)
    c_updateErrorContent                     0x08005110   Data         120  app_update_firmware.o(.constdata)
    c_pnCheckArray                           0x08005188   Data          40  app_update_firmware.o(.constdata)
    Region$$Table$$Base                      0x08005970   Number         0  anon$$obj.o(Region$$Table)
    Region$$Table$$Limit                     0x08005990   Number         0  anon$$obj.o(Region$$Table)
    uwTick                                   0x20000000   Data           4  stm32f4xx_hal.o(.data)
    uwTickPrio                               0x20000004   Data           4  stm32f4xx_hal.o(.data)
    uwTickFreq                               0x20000008   Data           1  stm32f4xx_hal.o(.data)
    SystemCoreClock                          0x2000000c   Data           4  system_stm32f4xx.o(.data)
    board_pn_key_table                       0x20000038   Data           4  app_update_firmware.o(.data)
    gpio_at24cm1                             0x20000048   Data           8  bsp_at24cm1.o(.data)
    __stdout                                 0x20000050   Data           4  bsp_log.o(.data)
    hiwdg                                    0x20000074   Data          12  iwdg.o(.bss)
    htim2                                    0x20000080   Data          72  tim.o(.bss)
    huart4                                   0x200000c8   Data          68  usart.o(.bss)
    huart5                                   0x2000010c   Data          68  usart.o(.bss)
    huart1                                   0x20000150   Data          68  usart.o(.bss)
    huart2                                   0x20000194   Data          68  usart.o(.bss)
    huart3                                   0x200001d8   Data          68  usart.o(.bss)
    huart6                                   0x2000021c   Data          68  usart.o(.bss)
    hdma_uart4_rx                            0x20000260   Data          96  usart.o(.bss)
    hdma_uart5_rx                            0x200002c0   Data          96  usart.o(.bss)
    hdma_usart1_rx                           0x20000320   Data          96  usart.o(.bss)
    hdma_usart2_rx                           0x20000380   Data          96  usart.o(.bss)
    hdma_usart3_rx                           0x200003e0   Data          96  usart.o(.bss)
    hdma_usart6_rx                           0x20000440   Data          96  usart.o(.bss)
    htim1                                    0x200004a0   Data          72  stm32f4xx_hal_timebase_tim.o(.bss)
    pFlash                                   0x200004e8   Data          32  stm32f4xx_hal_flash.o(.bss)
    g_appConfigSystem                        0x20000508   Data          16  app_update_firmware.o(.bss)
    g_appFirmwareInfo                        0x20000518   Data          20  app_update_firmware.o(.bss)
    g_downloadFirmwareInfo                   0x2000052c   Data          20  app_update_firmware.o(.bss)
    __initial_sp                             0x20000958   Data           0  startup_stm32f407xx.o(STACK)



==============================================================================

Memory Map of the image

  Image Entry point : 0x08000189

  Load Region LR_IROM1 (Base: 0x08000000, Size: 0x00005a04, Max: 0x00010000, ABSOLUTE)

    Execution Region ER_IROM1 (Exec base: 0x08000000, Load base: 0x08000000, Size: 0x00005990, Max: 0x00010000, ABSOLUTE)

    Exec Addr    Load Addr    Size         Type   Attr      Idx    E Section Name        Object

    0x08000000   0x08000000   0x00000188   Data   RO            3    RESET               startup_stm32f407xx.o
    0x08000188   0x08000188   0x00000000   Code   RO         4408  * .ARM.Collect$$$$00000000  mc_w.l(entry.o)
    0x08000188   0x08000188   0x00000004   Code   RO         4682    .ARM.Collect$$$$00000001  mc_w.l(entry2.o)
    0x0800018c   0x0800018c   0x00000004   Code   RO         4685    .ARM.Collect$$$$00000004  mc_w.l(entry5.o)
    0x08000190   0x08000190   0x00000000   Code   RO         4687    .ARM.Collect$$$$00000008  mc_w.l(entry7b.o)
    0x08000190   0x08000190   0x00000000   Code   RO         4689    .ARM.Collect$$$$0000000A  mc_w.l(entry8b.o)
    0x08000190   0x08000190   0x00000008   Code   RO         4690    .ARM.Collect$$$$0000000B  mc_w.l(entry9a.o)
    0x08000198   0x08000198   0x00000000   Code   RO         4692    .ARM.Collect$$$$0000000D  mc_w.l(entry10a.o)
    0x08000198   0x08000198   0x00000000   Code   RO         4694    .ARM.Collect$$$$0000000F  mc_w.l(entry11a.o)
    0x08000198   0x08000198   0x00000004   Code   RO         4683    .ARM.Collect$$$$00002712  mc_w.l(entry2.o)
    0x0800019c   0x0800019c   0x00000024   Code   RO            4    .text               startup_stm32f407xx.o
    0x080001c0   0x080001c0   0x00000062   Code   RO         4411    .text               mc_w.l(uldiv.o)
    0x08000222   0x08000222   0x00000024   Code   RO         4413    .text               mc_w.l(memcpya.o)
    0x08000246   0x08000246   0x00000024   Code   RO         4415    .text               mc_w.l(memseta.o)
    0x0800026a   0x0800026a   0x00000024   Code   RO         4417    .text               mc_w.l(strstr.o)
    0x0800028e   0x0800028e   0x0000002c   Code   RO         4696    .text               mc_w.l(uidiv.o)
    0x080002ba   0x080002ba   0x0000001e   Code   RO         4698    .text               mc_w.l(llshl.o)
    0x080002d8   0x080002d8   0x00000020   Code   RO         4700    .text               mc_w.l(llushr.o)
    0x080002f8   0x080002f8   0x00000000   Code   RO         4702    .text               mc_w.l(iusefp.o)
    0x080002f8   0x080002f8   0x000000e4   Code   RO         4705    .text               mf_w.l(dmul.o)
    0x080003dc   0x080003dc   0x00000024   Code   RO         4713    .text               mc_w.l(init.o)
    0x08000400   0x08000400   0x00000040   Data   RO         3101    .ARM.__AT_0x08000400  app.o
    0x08000440   0x08000440   0x00000040   Data   RO         3102    .ARM.__AT_0x08000440  app.o
    0x08000480   0x08000480   0x0000014e   Code   RO         4703    .text               mf_w.l(dadd.o)
    0x080005ce   0x080005ce   0x000000de   Code   RO         4707    .text               mf_w.l(ddiv.o)
    0x080006ac   0x080006ac   0x00000030   Code   RO         4709    .text               mf_w.l(dfixul.o)
    0x080006dc   0x080006dc   0x00000030   Code   RO         4711    .text               mf_w.l(cdrcmple.o)
    0x0800070c   0x0800070c   0x00000024   Code   RO         4715    .text               mc_w.l(llsshr.o)
    0x08000730   0x08000730   0x000000ba   Code   RO         4717    .text               mf_w.l(depilogue.o)
    0x080007ea   0x080007ea   0x00000002   PAD
    0x080007ec   0x080007ec   0x00000064   Code   RO         3201    i.APP_CONFIG_AllFirmwareInfoRecovery  app_update_firmware.o
    0x08000850   0x08000850   0x00000044   Code   RO         3202    i.APP_CONFIG_AppFirmwareInfoRecovery  app_update_firmware.o
    0x08000894   0x08000894   0x00000050   Code   RO         3203    i.APP_CONFIG_AppFirmwareInfoSync  app_update_firmware.o
    0x080008e4   0x080008e4   0x00000048   Code   RO         3204    i.APP_CONFIG_DownloadFirmwareInfoRecovery  app_update_firmware.o
    0x0800092c   0x0800092c   0x00000020   Code   RO         3205    i.APP_CONFIG_FirmwareInfoInit  app_update_firmware.o
    0x0800094c   0x0800094c   0x0000003c   Code   RO         3206    i.APP_CONFIG_FirmwareInfoLoad  app_update_firmware.o
    0x08000988   0x08000988   0x0000006e   Code   RO         3208    i.APP_CONFIG_FirmwareInfoRead  app_update_firmware.o
    0x080009f6   0x080009f6   0x00000062   Code   RO         3209    i.APP_CONFIG_FirmwareInfoWrite  app_update_firmware.o
    0x08000a58   0x08000a58   0x0000007c   Code   RO         3098    i.APP_MAIN          app.o
    0x08000ad4   0x08000ad4   0x0000000c   Code   RO         3558    i.APP_TASK_run_per_second_ISR  bsp_hal.o
    0x08000ae0   0x08000ae0   0x000000a8   Code   RO         3217    i.APP_UPDATE_FIRMWARE_CheckFile  app_update_firmware.o
    0x08000b88   0x08000b88   0x00000018   Code   RO         3218    i.APP_UPDATE_FIRMWARE_FactoryCheck  app_update_firmware.o
    0x08000ba0   0x08000ba0   0x0000004c   Code   RO         3219    i.APP_UPDATE_FIRMWARE_ShowErrorTypeContent  app_update_firmware.o
    0x08000bec   0x08000bec   0x000000a4   Code   RO         3220    i.AppInfoCheck      app_update_firmware.o
    0x08000c90   0x08000c90   0x0000001a   Code   RO         3222    i.AppParamentsInit  app_update_firmware.o
    0x08000caa   0x08000caa   0x00000002   PAD
    0x08000cac   0x08000cac   0x00000040   Code   RO         3474    i.BSP_AT24CM1_read_bytes  bsp_at24cm1.o
    0x08000cec   0x08000cec   0x00000048   Code   RO         3476    i.BSP_AT24CM1_write_bytes  bsp_at24cm1.o
    0x08000d34   0x08000d34   0x00000026   Code   RO         3518    i.BSP_GPIO_set_pin_as_input  bsp_gpio.o
    0x08000d5a   0x08000d5a   0x0000002e   Code   RO         3519    i.BSP_GPIO_set_pin_as_output  bsp_gpio.o
    0x08000d88   0x08000d88   0x00000030   Code   RO         3559    i.BSP_HAL_init      bsp_hal.o
    0x08000db8   0x08000db8   0x00000004   Code   RO         3623    i.BSP_LOG_init      bsp_log.o
    0x08000dbc   0x08000dbc   0x00000028   Code   RO         3624    i.BSP_LOG_level_show  bsp_log.o
    0x08000de4   0x08000de4   0x00000024   Code   RO         3625    i.BSP_LOG_print     bsp_log.o
    0x08000e08   0x08000e08   0x00000030   Code   RO         3626    i.BSP_LOG_print_hex  bsp_log.o
    0x08000e38   0x08000e38   0x00000012   Code   RO         3709    i.BSP_MCU_reset     bsp_mcu.o
    0x08000e4a   0x08000e4a   0x00000002   PAD
    0x08000e4c   0x08000e4c   0x00000030   Code   RO         3710    i.BSP_MCU_run_led_flash  bsp_mcu.o
    0x08000e7c   0x08000e7c   0x0000001c   Code   RO         3743    i.BSP_WDG_Timer_init  bsp_wdg.o
    0x08000e98   0x08000e98   0x00000048   Code   RO         3744    i.BSP_WDG_feed      bsp_wdg.o
    0x08000ee0   0x08000ee0   0x00000030   Code   RO         3745    i.BSP_WDG_init      bsp_wdg.o
    0x08000f10   0x08000f10   0x00000010   Code   RO         3746    i.BSP_WDG_stop      bsp_wdg.o
    0x08000f20   0x08000f20   0x00000058   Code   RO         3099    i.BootFileInfoShow  app.o
    0x08000f78   0x08000f78   0x00000008   Code   RO          335    i.BusFault_Handler  stm32f4xx_it.o
    0x08000f80   0x08000f80   0x0000006c   Code   RO         3223    i.CheckAppFactoryExit  app_update_firmware.o
    0x08000fec   0x08000fec   0x000000d0   Code   RO         3224    i.CheckAppUpdateInfo  app_update_firmware.o
    0x080010bc   0x080010bc   0x00000024   Code   RO         3225    i.CheckBlockCrc     app_update_firmware.o
    0x080010e0   0x080010e0   0x00000036   Code   RO         3227    i.CheckTwoBlockCrc  app_update_firmware.o
    0x08001116   0x08001116   0x00000002   PAD
    0x08001118   0x08001118   0x0000004c   Code   RO         3229    i.CopyDownloadToApp  app_update_firmware.o
    0x08001164   0x08001164   0x00000002   Code   RO          336    i.DMA1_Stream0_IRQHandler  stm32f4xx_it.o
    0x08001166   0x08001166   0x00000002   Code   RO          337    i.DMA1_Stream1_IRQHandler  stm32f4xx_it.o
    0x08001168   0x08001168   0x00000002   Code   RO          338    i.DMA1_Stream2_IRQHandler  stm32f4xx_it.o
    0x0800116a   0x0800116a   0x00000002   PAD
    0x0800116c   0x0800116c   0x00000010   Code   RO          339    i.DMA1_Stream5_IRQHandler  stm32f4xx_it.o
    0x0800117c   0x0800117c   0x00000002   Code   RO          340    i.DMA2_Stream1_IRQHandler  stm32f4xx_it.o
    0x0800117e   0x0800117e   0x00000002   Code   RO          341    i.DMA2_Stream2_IRQHandler  stm32f4xx_it.o
    0x08001180   0x08001180   0x00000034   Code   RO         1056    i.DMA_CalcBaseAndBitshift  stm32f4xx_hal_dma.o
    0x080011b4   0x080011b4   0x000000aa   Code   RO         1057    i.DMA_CheckFifoParam  stm32f4xx_hal_dma.o
    0x0800125e   0x0800125e   0x00000002   PAD
    0x08001260   0x08001260   0x00000030   Code   RO         3850    i.DWT_delay         dwt_delay.o
    0x08001290   0x08001290   0x00000050   Code   RO         3851    i.DWT_init          dwt_delay.o
    0x080012e0   0x080012e0   0x00000002   Code   RO          342    i.DebugMon_Handler  stm32f4xx_it.o
    0x080012e2   0x080012e2   0x00000002   PAD
    0x080012e4   0x080012e4   0x00000074   Code   RO         3231    i.EEPROM_ReadBlock  app_update_firmware.o
    0x08001358   0x08001358   0x00000070   Code   RO         3233    i.EEPROM_WriteBlock  app_update_firmware.o
    0x080013c8   0x080013c8   0x00000002   Code   RO          343    i.EXTI15_10_IRQHandler  stm32f4xx_it.o
    0x080013ca   0x080013ca   0x00000002   Code   RO          344    i.EXTI1_IRQHandler  stm32f4xx_it.o
    0x080013cc   0x080013cc   0x00000002   Code   RO         3560    i.Error_Handler     bsp_hal.o
    0x080013ce   0x080013ce   0x00000002   PAD
    0x080013d0   0x080013d0   0x0000005c   Code   RO          826    i.FLASH_Erase_Sector  stm32f4xx_hal_flash_ex.o
    0x0800142c   0x0800142c   0x00000078   Code   RO          827    i.FLASH_FlushCaches  stm32f4xx_hal_flash_ex.o
    0x080014a4   0x080014a4   0x00000030   Code   RO          828    i.FLASH_MassErase   stm32f4xx_hal_flash_ex.o
    0x080014d4   0x080014d4   0x00000024   Code   RO          708    i.FLASH_Program_Byte  stm32f4xx_hal_flash.o
    0x080014f8   0x080014f8   0x0000003c   Code   RO          709    i.FLASH_Program_DoubleWord  stm32f4xx_hal_flash.o
    0x08001534   0x08001534   0x00000028   Code   RO          710    i.FLASH_Program_HalfWord  stm32f4xx_hal_flash.o
    0x0800155c   0x0800155c   0x00000028   Code   RO          711    i.FLASH_Program_Word  stm32f4xx_hal_flash.o
    0x08001584   0x08001584   0x00000098   Code   RO          712    i.FLASH_SetErrorCode  stm32f4xx_hal_flash.o
    0x0800161c   0x0800161c   0x00000064   Code   RO          713    i.FLASH_WaitForLastOperation  stm32f4xx_hal_flash.o
    0x08001680   0x08001680   0x00000046   Code   RO         3234    i.FirmwareInfoDeserialize  app_update_firmware.o
    0x080016c6   0x080016c6   0x00000012   Code   RO         3235    i.FirmwareInfoInit  app_update_firmware.o
    0x080016d8   0x080016d8   0x00000046   Code   RO         3236    i.FirmwareInfoSerialize  app_update_firmware.o
    0x0800171e   0x0800171e   0x00000002   Code   RO         3238    i.FirmwareSettingInfoTestSend  app_update_firmware.o
    0x08001720   0x08001720   0x00000044   Code   RO         3239    i.FlashEarseDownload  app_update_firmware.o
    0x08001764   0x08001764   0x00000026   Code   RO         3240    i.FlashWriteDireFlash  app_update_firmware.o
    0x0800178a   0x0800178a   0x00000036   Code   RO         3241    i.FlashWriteFlash   app_update_firmware.o
    0x080017c0   0x080017c0   0x000000ae   Code   RO         4223    i.GPIO_IIC_AT24CXX_read_bytes  gpio_at24cxx.o
    0x0800186e   0x0800186e   0x0000008e   Code   RO         4226    i.GPIO_IIC_AT24CXX_write_bytes  gpio_at24cxx.o
    0x080018fc   0x080018fc   0x00000042   Code   RO         4280    i.GPIO_IIC_ack      gpio_iic.o
    0x0800193e   0x0800193e   0x00000042   Code   RO         4281    i.GPIO_IIC_nack     gpio_iic.o
    0x08001980   0x08001980   0x00000082   Code   RO         4282    i.GPIO_IIC_read_byte  gpio_iic.o
    0x08001a02   0x08001a02   0x00000072   Code   RO         4283    i.GPIO_IIC_send_byte  gpio_iic.o
    0x08001a74   0x08001a74   0x0000003e   Code   RO         4284    i.GPIO_IIC_start    gpio_iic.o
    0x08001ab2   0x08001ab2   0x0000003e   Code   RO         4285    i.GPIO_IIC_stop     gpio_iic.o
    0x08001af0   0x08001af0   0x00000058   Code   RO         4286    i.GPIO_IIC_wait_ack  gpio_iic.o
    0x08001b48   0x08001b48   0x000000e4   Code   RO         4340    i.GetSector         stm32_flash.o
    0x08001c2c   0x08001c2c   0x00000026   Code   RO         4341    i.GetSectorSize     stm32_flash.o
    0x08001c52   0x08001c52   0x000000ac   Code   RO         1059    i.HAL_DMA_Abort     stm32f4xx_hal_dma.o
    0x08001cfe   0x08001cfe   0x00000028   Code   RO         1060    i.HAL_DMA_Abort_IT  stm32f4xx_hal_dma.o
    0x08001d26   0x08001d26   0x00000002   PAD
    0x08001d28   0x08001d28   0x00000240   Code   RO         1064    i.HAL_DMA_IRQHandler  stm32f4xx_hal_dma.o
    0x08001f68   0x08001f68   0x000000ec   Code   RO         1065    i.HAL_DMA_Init      stm32f4xx_hal_dma.o
    0x08002054   0x08002054   0x00000044   Code   RO         1482    i.HAL_DeInit        stm32f4xx_hal.o
    0x08002098   0x08002098   0x00000028   Code   RO         1483    i.HAL_Delay         stm32f4xx_hal.o
    0x080020c0   0x080020c0   0x000000ac   Code   RO          838    i.HAL_FLASHEx_Erase  stm32f4xx_hal_flash_ex.o
    0x0800216c   0x0800216c   0x00000014   Code   RO          717    i.HAL_FLASH_Lock    stm32f4xx_hal_flash.o
    0x08002180   0x08002180   0x00000098   Code   RO          722    i.HAL_FLASH_Program  stm32f4xx_hal_flash.o
    0x08002218   0x08002218   0x00000034   Code   RO          724    i.HAL_FLASH_Unlock  stm32f4xx_hal_flash.o
    0x0800224c   0x0800224c   0x000001f0   Code   RO          952    i.HAL_GPIO_Init     stm32f4xx_hal_gpio.o
    0x0800243c   0x0800243c   0x00000010   Code   RO          954    i.HAL_GPIO_ReadPin  stm32f4xx_hal_gpio.o
    0x0800244c   0x0800244c   0x0000000c   Code   RO          956    i.HAL_GPIO_WritePin  stm32f4xx_hal_gpio.o
    0x08002458   0x08002458   0x0000000c   Code   RO         1489    i.HAL_GetTick       stm32f4xx_hal.o
    0x08002464   0x08002464   0x0000005e   Code   RO         1662    i.HAL_IWDG_Init     stm32f4xx_hal_iwdg.o
    0x080024c2   0x080024c2   0x0000000e   Code   RO         1663    i.HAL_IWDG_Refresh  stm32f4xx_hal_iwdg.o
    0x080024d0   0x080024d0   0x00000018   Code   RO         1495    i.HAL_IncTick       stm32f4xx_hal.o
    0x080024e8   0x080024e8   0x0000003c   Code   RO         1496    i.HAL_Init          stm32f4xx_hal.o
    0x08002524   0x08002524   0x0000008c   Code   RO          513    i.HAL_InitTick      stm32f4xx_hal_timebase_tim.o
    0x080025b0   0x080025b0   0x00000002   Code   RO         1498    i.HAL_MspDeInit     stm32f4xx_hal.o
    0x080025b2   0x080025b2   0x00000002   PAD
    0x080025b4   0x080025b4   0x00000054   Code   RO          489    i.HAL_MspInit       stm32f4xx_hal_msp.o
    0x08002608   0x08002608   0x00000020   Code   RO         1341    i.HAL_NVIC_EnableIRQ  stm32f4xx_hal_cortex.o
    0x08002628   0x08002628   0x0000007c   Code   RO         1347    i.HAL_NVIC_SetPriority  stm32f4xx_hal_cortex.o
    0x080026a4   0x080026a4   0x00000028   Code   RO         1348    i.HAL_NVIC_SetPriorityGrouping  stm32f4xx_hal_cortex.o
    0x080026cc   0x080026cc   0x00000044   Code   RO         1349    i.HAL_NVIC_SystemReset  stm32f4xx_hal_cortex.o
    0x08002710   0x08002710   0x00000184   Code   RO          553    i.HAL_RCC_ClockConfig  stm32f4xx_hal_rcc.o
    0x08002894   0x08002894   0x00000180   Code   RO          659    i.HAL_RCC_DeInit    stm32f4xx_hal_rcc_ex.o
    0x08002a14   0x08002a14   0x00000044   Code   RO          557    i.HAL_RCC_GetClockConfig  stm32f4xx_hal_rcc.o
    0x08002a58   0x08002a58   0x0000000c   Code   RO          558    i.HAL_RCC_GetHCLKFreq  stm32f4xx_hal_rcc.o
    0x08002a64   0x08002a64   0x00000020   Code   RO          560    i.HAL_RCC_GetPCLK1Freq  stm32f4xx_hal_rcc.o
    0x08002a84   0x08002a84   0x00000020   Code   RO          561    i.HAL_RCC_GetPCLK2Freq  stm32f4xx_hal_rcc.o
    0x08002aa4   0x08002aa4   0x000000b0   Code   RO          562    i.HAL_RCC_GetSysClockFreq  stm32f4xx_hal_rcc.o
    0x08002b54   0x08002b54   0x0000049c   Code   RO          565    i.HAL_RCC_OscConfig  stm32f4xx_hal_rcc.o
    0x08002ff0   0x08002ff0   0x00000002   Code   RO         2427    i.HAL_TIMEx_BreakCallback  stm32f4xx_hal_tim_ex.o
    0x08002ff2   0x08002ff2   0x00000002   Code   RO         2428    i.HAL_TIMEx_CommutCallback  stm32f4xx_hal_tim_ex.o
    0x08002ff4   0x08002ff4   0x000000b4   Code   RO         2446    i.HAL_TIMEx_MasterConfigSynchronization  stm32f4xx_hal_tim_ex.o
    0x080030a8   0x080030a8   0x00000066   Code   RO         1712    i.HAL_TIM_Base_Init  stm32f4xx_hal_tim.o
    0x0800310e   0x0800310e   0x00000002   PAD
    0x08003110   0x08003110   0x00000044   Code   RO          222    i.HAL_TIM_Base_MspInit  tim.o
    0x08003154   0x08003154   0x000000a8   Code   RO         1717    i.HAL_TIM_Base_Start_IT  stm32f4xx_hal_tim.o
    0x080031fc   0x080031fc   0x0000010c   Code   RO         1721    i.HAL_TIM_ConfigClockSource  stm32f4xx_hal_tim.o
    0x08003308   0x08003308   0x00000002   Code   RO         1746    i.HAL_TIM_IC_CaptureCallback  stm32f4xx_hal_tim.o
    0x0800330a   0x0800330a   0x00000196   Code   RO         1760    i.HAL_TIM_IRQHandler  stm32f4xx_hal_tim.o
    0x080034a0   0x080034a0   0x00000002   Code   RO         1763    i.HAL_TIM_OC_DelayElapsedCallback  stm32f4xx_hal_tim.o
    0x080034a2   0x080034a2   0x00000002   Code   RO         1790    i.HAL_TIM_PWM_PulseFinishedCallback  stm32f4xx_hal_tim.o
    0x080034a4   0x080034a4   0x00000024   Code   RO         3562    i.HAL_TIM_PeriodElapsedCallback  bsp_hal.o
    0x080034c8   0x080034c8   0x00000002   Code   RO         1803    i.HAL_TIM_TriggerCallback  stm32f4xx_hal_tim.o
    0x080034ca   0x080034ca   0x00000002   Code   RO         2705    i.HAL_UARTEx_RxEventCallback  stm32f4xx_hal_uart.o
    0x080034cc   0x080034cc   0x00000002   Code   RO         2719    i.HAL_UART_ErrorCallback  stm32f4xx_hal_uart.o
    0x080034ce   0x080034ce   0x00000002   PAD
    0x080034d0   0x080034d0   0x000002e0   Code   RO         2722    i.HAL_UART_IRQHandler  stm32f4xx_hal_uart.o
    0x080037b0   0x080037b0   0x00000072   Code   RO         2723    i.HAL_UART_Init     stm32f4xx_hal_uart.o
    0x08003822   0x08003822   0x00000002   PAD
    0x08003824   0x08003824   0x00000110   Code   RO          264    i.HAL_UART_MspInit  usart.o
    0x08003934   0x08003934   0x00000002   Code   RO         2729    i.HAL_UART_RxCpltCallback  stm32f4xx_hal_uart.o
    0x08003936   0x08003936   0x000000d2   Code   RO         2731    i.HAL_UART_Transmit  stm32f4xx_hal_uart.o
    0x08003a08   0x08003a08   0x00000002   Code   RO         2734    i.HAL_UART_TxCpltCallback  stm32f4xx_hal_uart.o
    0x08003a0a   0x08003a0a   0x00000008   Code   RO          345    i.HardFault_Handler  stm32f4xx_it.o
    0x08003a12   0x08003a12   0x00000002   PAD
    0x08003a14   0x08003a14   0x00000080   Code   RO         3100    i.IapLoadApp        app.o
    0x08003a94   0x08003a94   0x00000038   Code   RO          164    i.MX_DMA_Init       dma.o
    0x08003acc   0x08003acc   0x00000118   Code   RO          137    i.MX_GPIO_Init      gpio.o
    0x08003be4   0x08003be4   0x00000028   Code   RO          191    i.MX_IWDG_Init      iwdg.o
    0x08003c0c   0x08003c0c   0x00000070   Code   RO          223    i.MX_TIM2_Init      tim.o
    0x08003c7c   0x08003c7c   0x00000038   Code   RO          268    i.MX_USART2_UART_Init  usart.o
    0x08003cb4   0x08003cb4   0x00000008   Code   RO          346    i.MemManage_Handler  stm32f4xx_it.o
    0x08003cbc   0x08003cbc   0x00000008   Code   RO          347    i.NMI_Handler       stm32f4xx_it.o
    0x08003cc4   0x08003cc4   0x00000006   Code   RO         4343    i.STMFLASH_ReadWord  stm32_flash.o
    0x08003cca   0x08003cca   0x00000002   PAD
    0x08003ccc   0x08003ccc   0x000000b8   Code   RO         3563    i.SystemClock_Config  bsp_hal.o
    0x08003d84   0x08003d84   0x0000001c   Code   RO         3062    i.SystemInit        system_stm32f4xx.o
    0x08003da0   0x08003da0   0x00000010   Code   RO          348    i.TIM1_UP_TIM10_IRQHandler  stm32f4xx_it.o
    0x08003db0   0x08003db0   0x00000010   Code   RO          349    i.TIM2_IRQHandler   stm32f4xx_it.o
    0x08003dc0   0x08003dc0   0x000000d8   Code   RO         1805    i.TIM_Base_SetConfig  stm32f4xx_hal_tim.o
    0x08003e98   0x08003e98   0x00000016   Code   RO         1816    i.TIM_ETR_SetConfig  stm32f4xx_hal_tim.o
    0x08003eae   0x08003eae   0x00000012   Code   RO         1817    i.TIM_ITRx_SetConfig  stm32f4xx_hal_tim.o
    0x08003ec0   0x08003ec0   0x00000026   Code   RO         1823    i.TIM_TI1_ConfigInputStage  stm32f4xx_hal_tim.o
    0x08003ee6   0x08003ee6   0x00000028   Code   RO         1825    i.TIM_TI2_ConfigInputStage  stm32f4xx_hal_tim.o
    0x08003f0e   0x08003f0e   0x00000002   Code   RO          350    i.UART4_IRQHandler  stm32f4xx_it.o
    0x08003f10   0x08003f10   0x00000002   Code   RO          351    i.UART5_IRQHandler  stm32f4xx_it.o
    0x08003f12   0x08003f12   0x00000014   Code   RO         2736    i.UART_DMAAbortOnError  stm32f4xx_hal_uart.o
    0x08003f26   0x08003f26   0x0000006c   Code   RO         2746    i.UART_EndRxTransfer  stm32f4xx_hal_uart.o
    0x08003f92   0x08003f92   0x00000020   Code   RO         2747    i.UART_EndTransmit_IT  stm32f4xx_hal_uart.o
    0x08003fb2   0x08003fb2   0x000000f8   Code   RO         2749    i.UART_Receive_IT   stm32f4xx_hal_uart.o
    0x080040aa   0x080040aa   0x00000002   PAD
    0x080040ac   0x080040ac   0x0000022c   Code   RO         2750    i.UART_SetConfig    stm32f4xx_hal_uart.o
    0x080042d8   0x080042d8   0x00000060   Code   RO         2753    i.UART_Transmit_IT  stm32f4xx_hal_uart.o
    0x08004338   0x08004338   0x00000092   Code   RO         2754    i.UART_WaitOnFlagUntilTimeout  stm32f4xx_hal_uart.o
    0x080043ca   0x080043ca   0x00000002   Code   RO          352    i.USART1_IRQHandler  stm32f4xx_it.o
    0x080043cc   0x080043cc   0x00000010   Code   RO          353    i.USART2_IRQHandler  stm32f4xx_it.o
    0x080043dc   0x080043dc   0x00000002   Code   RO          354    i.USART3_IRQHandler  stm32f4xx_it.o
    0x080043de   0x080043de   0x00000002   Code   RO          355    i.USART6_IRQHandler  stm32f4xx_it.o
    0x080043e0   0x080043e0   0x00000008   Code   RO          356    i.UsageFault_Handler  stm32f4xx_it.o
    0x080043e8   0x080043e8   0x00000090   Code   RO         4227    i._GPIO_IIC_AT24CXX_send_address  gpio_at24cxx.o
    0x08004478   0x08004478   0x00000020   Code   RO         4654    i.__0printf         mc_w.l(printfa.o)
    0x08004498   0x08004498   0x00000010   Code   RO         4658    i.__0vprintf        mc_w.l(printfa.o)
    0x080044a8   0x080044a8   0x00000010   Code   RO         1354    i.__NVIC_GetPriorityGrouping  stm32f4xx_hal_cortex.o
    0x080044b8   0x080044b8   0x00000028   Code   RO         1355    i.__NVIC_SetPriority  stm32f4xx_hal_cortex.o
    0x080044e0   0x080044e0   0x0000000e   Code   RO         4721    i.__scatterload_copy  mc_w.l(handlers.o)
    0x080044ee   0x080044ee   0x00000002   Code   RO         4722    i.__scatterload_null  mc_w.l(handlers.o)
    0x080044f0   0x080044f0   0x0000000e   Code   RO         4723    i.__scatterload_zeroinit  mc_w.l(handlers.o)
    0x080044fe   0x080044fe   0x0000006a   Code   RO         4228    i._check_busy       gpio_at24cxx.o
    0x08004568   0x08004568   0x00000184   Code   RO         4661    i._fp_digits        mc_w.l(printfa.o)
    0x080046ec   0x080046ec   0x00000022   Code   RO         3877    i._get_crc16        utils.o
    0x0800470e   0x0800470e   0x00000002   PAD
    0x08004710   0x08004710   0x000006dc   Code   RO         4662    i._printf_core      mc_w.l(printfa.o)
    0x08004dec   0x08004dec   0x00000024   Code   RO         4663    i._printf_post_padding  mc_w.l(printfa.o)
    0x08004e10   0x08004e10   0x0000002e   Code   RO         4664    i._printf_pre_padding  mc_w.l(printfa.o)
    0x08004e3e   0x08004e3e   0x00000002   PAD
    0x08004e40   0x08004e40   0x0000002c   Code   RO         3880    i.add_crc32         utils.o
    0x08004e6c   0x08004e6c   0x0000002c   Code   RO         3882    i.crc32             utils.o
    0x08004e98   0x08004e98   0x0000001c   Code   RO         3630    i.fputc             bsp_log.o
    0x08004eb4   0x08004eb4   0x0000001c   Code   RO         3896    i.get_modbus_crc16  utils.o
    0x08004ed0   0x08004ed0   0x00000016   Code   RO           13    i.main              main.o
    0x08004ee6   0x08004ee6   0x0000000e   Code   RO         3908    i.read_uint16_t     utils.o
    0x08004ef4   0x08004ef4   0x0000000c   Code   RO         3910    i.read_uint32_t     utils.o
    0x08004f00   0x08004f00   0x0000000e   Code   RO         3912    i.read_uint8_t      utils.o
    0x08004f0e   0x08004f0e   0x00000002   PAD
    0x08004f10   0x08004f10   0x00000080   Code   RO         4344    i.stm32_flashErase  stm32_flash.o
    0x08004f90   0x08004f90   0x00000028   Code   RO         4345    i.stm32_flashRead   stm32_flash.o
    0x08004fb8   0x08004fb8   0x00000048   Code   RO         4347    i.stm32_flashWrite_Dire  stm32_flash.o
    0x08005000   0x08005000   0x00000010   Code   RO         3926    i.write_uint16_t    utils.o
    0x08005010   0x08005010   0x0000000e   Code   RO         3928    i.write_uint32_t    utils.o
    0x0800501e   0x0800501e   0x00000010   Code   RO         3930    i.write_uint8_t     utils.o
    0x0800502e   0x0800502e   0x00000008   Data   RO         1071    .constdata          stm32f4xx_hal_dma.o
    0x08005036   0x08005036   0x00000018   Data   RO         3063    .constdata          system_stm32f4xx.o
    0x0800504e   0x0800504e   0x0000002e   Data   RO         3103    .constdata          app.o
    0x0800507c   0x0800507c   0x00000134   Data   RO         3244    .constdata          app_update_firmware.o
    0x080051b0   0x080051b0   0x00000600   Data   RO         3932    .constdata          utils.o
    0x080057b0   0x080057b0   0x0000018d   Data   RO         3245    .conststring        app_update_firmware.o
    0x0800593d   0x0800593d   0x00000003   PAD
    0x08005940   0x08005940   0x0000002e   Data   RO         3631    .conststring        bsp_log.o
    0x0800596e   0x0800596e   0x00000002   PAD
    0x08005970   0x08005970   0x00000020   Data   RO         4719    Region$$Table       anon$$obj.o


    Execution Region RW_IRAM2 (Exec base: 0x10000000, Load base: 0x08005a04, Size: 0x00000000, Max: 0x00010000, ABSOLUTE)

    **** No section assigned to this execution region ****


    Execution Region RW_IRAM1 (Exec base: 0x20000000, Load base: 0x08005990, Size: 0x00000958, Max: 0x00020000, ABSOLUTE)

    Exec Addr    Load Addr    Size         Type   Attr      Idx    E Section Name        Object

    0x20000000   0x08005990   0x00000009   Data   RW         1503    .data               stm32f4xx_hal.o
    0x20000009   0x08005999   0x00000003   PAD
    0x2000000c   0x0800599c   0x00000004   Data   RW         3064    .data               system_stm32f4xx.o
    0x20000010   0x080059a0   0x00000004   Data   RW         3104    .data               app.o
    0x20000014   0x080059a4   0x00000028   Data   RW         3246    .data               app_update_firmware.o
    0x2000003c   0x080059cc   0x00000014   Data   RW         3477    .data               bsp_at24cm1.o
    0x20000050   0x080059e0   0x0000001c   Data   RW         3632    .data               bsp_log.o
    0x2000006c   0x080059fc   0x00000001   Data   RW         3711    .data               bsp_mcu.o
    0x2000006d   0x080059fd   0x00000003   PAD
    0x20000070   0x08005a00   0x00000004   Data   RW         3747    .data               bsp_wdg.o
    0x20000074        -       0x0000000c   Zero   RW          192    .bss                iwdg.o
    0x20000080        -       0x00000048   Zero   RW          224    .bss                tim.o
    0x200000c8        -       0x000003d8   Zero   RW          271    .bss                usart.o
    0x200004a0        -       0x00000048   Zero   RW          516    .bss                stm32f4xx_hal_timebase_tim.o
    0x200004e8        -       0x00000020   Zero   RW          725    .bss                stm32f4xx_hal_flash.o
    0x20000508        -       0x00000038   Zero   RW         3243    .bss                app_update_firmware.o
    0x20000540        -       0x00000014   Zero   RW         4348    .bss                stm32_flash.o
    0x20000554   0x08005a04   0x00000004   PAD
    0x20000558        -       0x00000400   Zero   RW            1    STACK               startup_stm32f407xx.o


==============================================================================

Image component sizes


      Code (inc. data)   RO Data    RW Data    ZI Data      Debug   Object Name

       340        122        174          4          0      11012   app.o
      2108        310        705         40         56      22767   app_update_firmware.o
       136         10          0         20          0       2222   bsp_at24cm1.o
        84          0          0          0          0       1565   bsp_gpio.o
       282         18          0          0          0       3362   bsp_hal.o
       156         34         46         28          0       5438   bsp_log.o
        66         10          0          1          0       6304   bsp_mcu.o
       164         30          0          4          0       2138   bsp_wdg.o
        56          4          0          0          0        802   dma.o
       128         24          0          0          0       1127   dwt_delay.o
       280         16          0          0          0       1123   gpio.o
       566          0          0          0          0       3905   gpio_at24cxx.o
       588          0          0          0          0       5674   gpio_iic.o
        40          8          0          0         12        727   iwdg.o
        22          0          0          0          0     700539   main.o
        36          8        392          0       1024        856   startup_stm32f407xx.o
       512         62          0          0         20       5017   stm32_flash.o
       206         28          0          9          0      10003   stm32f4xx_hal.o
       320         30          0          0          0      34457   stm32f4xx_hal_cortex.o
      1246         16          8          0          0       5507   stm32f4xx_hal_dma.o
       652         64          0          0         32       6174   stm32f4xx_hal_flash.o
       432         26          0          0          0       3354   stm32f4xx_hal_flash_ex.o
       524         44          0          0          0       2863   stm32f4xx_hal_gpio.o
       108          0          0          0          0       1935   stm32f4xx_hal_iwdg.o
        84          6          0          0          0        898   stm32f4xx_hal_msp.o
      1888         94          0          0          0       6429   stm32f4xx_hal_rcc.o
       384         26          0          0          0        881   stm32f4xx_hal_rcc_ex.o
      1286         76          0          0          0       9947   stm32f4xx_hal_tim.o
       184         30          0          0          0       2573   stm32f4xx_hal_tim_ex.o
       140         18          0          0         72       1523   stm32f4xx_hal_timebase_tim.o
      2274         14          0          0          0      11900   stm32f4xx_hal_uart.o
       130         24          0          0          0      10962   stm32f4xx_it.o
        28          4         24          4          0       1255   system_stm32f4xx.o
       180         12          0          0         72       1766   tim.o
       328         46          0          0        984       2277   usart.o
       236         14       1536          0          0       9776   utils.o

    ----------------------------------------------------------------------
     16228       1228       2922        116       2276     899058   Object Totals
         0          0         32          0          0          0   (incl. Generated)
        34          0          5          6          4          0   (incl. Padding)

    ----------------------------------------------------------------------

      Code (inc. data)   RO Data    RW Data    ZI Data      Debug   Library Member Name

         0          0          0          0          0          0   entry.o
         0          0          0          0          0          0   entry10a.o
         0          0          0          0          0          0   entry11a.o
         8          4          0          0          0          0   entry2.o
         4          0          0          0          0          0   entry5.o
         0          0          0          0          0          0   entry7b.o
         0          0          0          0          0          0   entry8b.o
         8          4          0          0          0          0   entry9a.o
        30          0          0          0          0          0   handlers.o
        36          8          0          0          0         68   init.o
         0          0          0          0          0          0   iusefp.o
        30          0          0          0          0         68   llshl.o
        36          0          0          0          0         68   llsshr.o
        32          0          0          0          0         68   llushr.o
        36          0          0          0          0         68   memcpya.o
        36          0          0          0          0        108   memseta.o
      2274         98          0          0          0        520   printfa.o
        36          0          0          0          0         80   strstr.o
        44          0          0          0          0         80   uidiv.o
        98          0          0          0          0         92   uldiv.o
        48          0          0          0          0         68   cdrcmple.o
       334          0          0          0          0        148   dadd.o
       222          0          0          0          0        100   ddiv.o
       186          0          0          0          0        176   depilogue.o
        48          0          0          0          0         68   dfixul.o
       228          0          0          0          0         96   dmul.o

    ----------------------------------------------------------------------
      3778        114          0          0          0       1876   Library Totals
         4          0          0          0          0          0   (incl. Padding)

    ----------------------------------------------------------------------

      Code (inc. data)   RO Data    RW Data    ZI Data      Debug   Library Name

      2708        114          0          0          0       1220   mc_w.l
      1066          0          0          0          0        656   mf_w.l

    ----------------------------------------------------------------------
      3778        114          0          0          0       1876   Library Totals

    ----------------------------------------------------------------------

==============================================================================


      Code (inc. data)   RO Data    RW Data    ZI Data      Debug   

     20006       1342       2922        116       2276     882250   Grand Totals
     20006       1342       2922        116       2276     882250   ELF Image Totals
     20006       1342       2922        116          0          0   ROM Totals

==============================================================================

    Total RO  Size (Code + RO Data)                22928 (  22.39kB)
    Total RW  Size (RW Data + ZI Data)              2392 (   2.34kB)
    Total ROM Size (Code + RO Data + RW Data)      23044 (  22.50kB)

==============================================================================

