Component: ARM Compiler 5.06 update 6 (build 750) Tool: armlink [4d35ed]

==============================================================================

Section Cross References

    startup_stm32f407xx.o(RESET) refers to startup_stm32f407xx.o(STACK) for __initial_sp
    startup_stm32f407xx.o(RESET) refers to startup_stm32f407xx.o(.text) for Reset_Handler
    startup_stm32f407xx.o(RESET) refers to stm32f4xx_it.o(i.NMI_Handler) for NMI_Handler
    startup_stm32f407xx.o(RESET) refers to stm32f4xx_it.o(i.HardFault_Handler) for HardFault_Handler
    startup_stm32f407xx.o(RESET) refers to stm32f4xx_it.o(i.MemManage_Handler) for MemManage_Handler
    startup_stm32f407xx.o(RESET) refers to stm32f4xx_it.o(i.BusFault_Handler) for BusFault_Handler
    startup_stm32f407xx.o(RESET) refers to stm32f4xx_it.o(i.UsageFault_Handler) for UsageFault_Handler
    startup_stm32f407xx.o(RESET) refers to stm32f4xx_it.o(i.DebugMon_Handler) for DebugMon_Handler
    startup_stm32f407xx.o(RESET) refers to stm32f4xx_it.o(i.EXTI1_IRQHandler) for EXTI1_IRQHandler
    startup_stm32f407xx.o(RESET) refers to stm32f4xx_it.o(i.DMA1_Stream0_IRQHandler) for DMA1_Stream0_IRQHandler
    startup_stm32f407xx.o(RESET) refers to stm32f4xx_it.o(i.DMA1_Stream1_IRQHandler) for DMA1_Stream1_IRQHandler
    startup_stm32f407xx.o(RESET) refers to stm32f4xx_it.o(i.DMA1_Stream2_IRQHandler) for DMA1_Stream2_IRQHandler
    startup_stm32f407xx.o(RESET) refers to stm32f4xx_it.o(i.DMA1_Stream5_IRQHandler) for DMA1_Stream5_IRQHandler
    startup_stm32f407xx.o(RESET) refers to stm32f4xx_it.o(i.TIM1_UP_TIM10_IRQHandler) for TIM1_UP_TIM10_IRQHandler
    startup_stm32f407xx.o(RESET) refers to stm32f4xx_it.o(i.TIM2_IRQHandler) for TIM2_IRQHandler
    startup_stm32f407xx.o(RESET) refers to stm32f4xx_it.o(i.USART1_IRQHandler) for USART1_IRQHandler
    startup_stm32f407xx.o(RESET) refers to stm32f4xx_it.o(i.USART2_IRQHandler) for USART2_IRQHandler
    startup_stm32f407xx.o(RESET) refers to stm32f4xx_it.o(i.USART3_IRQHandler) for USART3_IRQHandler
    startup_stm32f407xx.o(RESET) refers to stm32f4xx_it.o(i.EXTI15_10_IRQHandler) for EXTI15_10_IRQHandler
    startup_stm32f407xx.o(RESET) refers to stm32f4xx_it.o(i.UART4_IRQHandler) for UART4_IRQHandler
    startup_stm32f407xx.o(RESET) refers to stm32f4xx_it.o(i.UART5_IRQHandler) for UART5_IRQHandler
    startup_stm32f407xx.o(RESET) refers to stm32f4xx_it.o(i.DMA2_Stream1_IRQHandler) for DMA2_Stream1_IRQHandler
    startup_stm32f407xx.o(RESET) refers to stm32f4xx_it.o(i.DMA2_Stream2_IRQHandler) for DMA2_Stream2_IRQHandler
    startup_stm32f407xx.o(RESET) refers to stm32f4xx_it.o(i.USART6_IRQHandler) for USART6_IRQHandler
    startup_stm32f407xx.o(.text) refers to system_stm32f4xx.o(i.SystemInit) for SystemInit
    startup_stm32f407xx.o(.text) refers to entry.o(.ARM.Collect$$$$00000000) for __main
    main.o(i.main) refers to stm32f4xx_hal.o(i.HAL_Init) for HAL_Init
    main.o(i.main) refers to bsp_hal.o(i.SystemClock_Config) for SystemClock_Config
    main.o(i.main) refers to bsp_hal.o(i.BSP_HAL_init) for BSP_HAL_init
    main.o(i.main) refers to app.o(i.APP_MAIN) for APP_MAIN
    gpio.o(i.MX_GPIO_Init) refers to memseta.o(.text) for __aeabi_memclr4
    gpio.o(i.MX_GPIO_Init) refers to stm32f4xx_hal_gpio.o(i.HAL_GPIO_Init) for HAL_GPIO_Init
    dma.o(i.MX_DMA_Init) refers to stm32f4xx_hal_cortex.o(i.HAL_NVIC_SetPriority) for HAL_NVIC_SetPriority
    dma.o(i.MX_DMA_Init) refers to stm32f4xx_hal_cortex.o(i.HAL_NVIC_EnableIRQ) for HAL_NVIC_EnableIRQ
    iwdg.o(i.MX_IWDG_Init) refers to stm32f4xx_hal_iwdg.o(i.HAL_IWDG_Init) for HAL_IWDG_Init
    iwdg.o(i.MX_IWDG_Init) refers to bsp_hal.o(i.Error_Handler) for Error_Handler
    iwdg.o(i.MX_IWDG_Init) refers to iwdg.o(.bss) for hiwdg
    tim.o(i.HAL_TIM_Base_MspDeInit) refers to stm32f4xx_hal_cortex.o(i.HAL_NVIC_DisableIRQ) for HAL_NVIC_DisableIRQ
    tim.o(i.HAL_TIM_Base_MspInit) refers to stm32f4xx_hal_cortex.o(i.HAL_NVIC_SetPriority) for HAL_NVIC_SetPriority
    tim.o(i.HAL_TIM_Base_MspInit) refers to stm32f4xx_hal_cortex.o(i.HAL_NVIC_EnableIRQ) for HAL_NVIC_EnableIRQ
    tim.o(i.MX_TIM2_Init) refers to stm32f4xx_hal_tim.o(i.HAL_TIM_Base_Init) for HAL_TIM_Base_Init
    tim.o(i.MX_TIM2_Init) refers to bsp_hal.o(i.Error_Handler) for Error_Handler
    tim.o(i.MX_TIM2_Init) refers to stm32f4xx_hal_tim.o(i.HAL_TIM_ConfigClockSource) for HAL_TIM_ConfigClockSource
    tim.o(i.MX_TIM2_Init) refers to stm32f4xx_hal_tim_ex.o(i.HAL_TIMEx_MasterConfigSynchronization) for HAL_TIMEx_MasterConfigSynchronization
    tim.o(i.MX_TIM2_Init) refers to tim.o(.bss) for htim2
    usart.o(i.HAL_UART_MspDeInit) refers to stm32f4xx_hal_gpio.o(i.HAL_GPIO_DeInit) for HAL_GPIO_DeInit
    usart.o(i.HAL_UART_MspDeInit) refers to stm32f4xx_hal_dma.o(i.HAL_DMA_DeInit) for HAL_DMA_DeInit
    usart.o(i.HAL_UART_MspDeInit) refers to stm32f4xx_hal_cortex.o(i.HAL_NVIC_DisableIRQ) for HAL_NVIC_DisableIRQ
    usart.o(i.HAL_UART_MspInit) refers to memseta.o(.text) for __aeabi_memclr4
[...]
    i.HAL_NVIC_EnableIRQ                     0x08002014   Section        0  stm32f4xx_hal_cortex.o(i.HAL_NVIC_EnableIRQ)
    i.HAL_NVIC_SetPriority                   0x08002034   Section        0  stm32f4xx_hal_cortex.o(i.HAL_NVIC_SetPriority)
    i.HAL_NVIC_SetPriorityGrouping           0x080020b0   Section        0  stm32f4xx_hal_cortex.o(i.HAL_NVIC_SetPriorityGrouping)
    i.HAL_NVIC_SystemReset                   0x080020d8   Section        0  stm32f4xx_hal_cortex.o(i.HAL_NVIC_SystemReset)
    i.HAL_RCC_ClockConfig                    0x0800211c   Section        0  stm32f4xx_hal_rcc.o(i.HAL_RCC_ClockConfig)
    i.HAL_RCC_GetClockConfig                 0x080022a0   Section        0  stm32f4xx_hal_rcc.o(i.HAL_RCC_GetClockConfig)
    i.HAL_RCC_GetHCLKFreq                    0x080022e4   Section        0  stm32f4xx_hal_rcc.o(i.HAL_RCC_GetHCLKFreq)
    i.HAL_RCC_GetPCLK1Freq                   0x080022f0   Section        0  stm32f4xx_hal_rcc.o(i.HAL_RCC_GetPCLK1Freq)
    i.HAL_RCC_GetPCLK2Freq                   0x08002310   Section        0  stm32f4xx_hal_rcc.o(i.HAL_RCC_GetPCLK2Freq)
    i.HAL_RCC_GetSysClockFreq                0x08002330   Section        0  stm32f4xx_hal_rcc.o(i.HAL_RCC_GetSysClockFreq)
    i.HAL_RCC_OscConfig                      0x080023e0   Section        0  stm32f4xx_hal_rcc.o(i.HAL_RCC_OscConfig)
    i.HAL_TIMEx_BreakCallback                0x0800287c   Section        0  stm32f4xx_hal_tim_ex.o(i.HAL_TIMEx_BreakCallback)
    i.HAL_TIMEx_CommutCallback               0x0800287e   Section        0  stm32f4xx_hal_tim_ex.o(i.HAL_TIMEx_CommutCallback)
    i.HAL_TIMEx_MasterConfigSynchronization  0x08002880   Section        0  stm32f4xx_hal_tim_ex.o(i.HAL_TIMEx_MasterConfigSynchronization)
    i.HAL_TIM_Base_Init                      0x08002934   Section        0  stm32f4xx_hal_tim.o(i.HAL_TIM_Base_Init)
    i.HAL_TIM_Base_MspInit                   0x0800299c   Section        0  tim.o(i.HAL_TIM_Base_MspInit)
    i.HAL_TIM_Base_Start_IT                  0x080029e0   Section        0  stm32f4xx_hal_tim.o(i.HAL_TIM_Base_Start_IT)
    i.HAL_TIM_ConfigClockSource              0x08002a88   Section        0  stm32f4xx_hal_tim.o(i.HAL_TIM_ConfigClockSource)
    i.HAL_TIM_IC_CaptureCallback             0x08002b94   Section        0  stm32f4xx_hal_tim.o(i.HAL_TIM_IC_CaptureCallback)
    i.HAL_TIM_IRQHandler                     0x08002b96   Section        0  stm32f4xx_hal_tim.o(i.HAL_TIM_IRQHandler)
    i.HAL_TIM_OC_DelayElapsedCallback        0x08002d2c   Section        0  stm32f4xx_hal_tim.o(i.HAL_TIM_OC_DelayElapsedCallback)
    i.HAL_TIM_PWM_PulseFinishedCallback      0x08002d2e   Section        0  stm32f4xx_hal_tim.o(i.HAL_TIM_PWM_PulseFinishedCallback)
    i.HAL_TIM_PeriodElapsedCallback          0x08002d30   Section        0  bsp_hal.o(i.HAL_TIM_PeriodElapsedCallback)
    i.HAL_TIM_TriggerCallback                0x08002d54   Section        0  stm32f4xx_hal_tim.o(i.HAL_TIM_TriggerCallback)
    i.HAL_UARTEx_RxEventCallback             0x08002d56   Section        0  stm32f4xx_hal_uart.o(i.HAL_UARTEx_RxEventCallback)
    i.HAL_UART_ErrorCallback                 0x08002d58   Section        0  stm32f4xx_hal_uart.o(i.HAL_UART_ErrorCallback)
    i.HAL_UART_IRQHandler                    0x08002d5c   Section        0  stm32f4xx_hal_uart.o(i.HAL_UART_IRQHandler)
    i.HAL_UART_Init                          0x0800303c   Section        0  stm32f4xx_hal_uart.o(i.HAL_UART_Init)
    i.HAL_UART_MspInit                       0x080030b0   Section        0  usart.o(i.HAL_UART_MspInit)
    i.HAL_UART_RxCpltCallback                0x080031c0   Section        0  stm32f4xx_hal_uart.o(i.HAL_UART_RxCpltCallback)
    i.HAL_UART_Transmit                      0x080031c2   Section        0  stm32f4xx_hal_uart.o(i.HAL_UART_Transmit)
    i.HAL_UART_TxCpltCallback                0x08003294   Section        0  stm32f4xx_hal_uart.o(i.HAL_UART_TxCpltCallback)
    i.HardFault_Handler                      0x08003296   Section        0  stm32f4xx_it.o(i.HardFault_Handler)
    i.MX_DMA_Init                            0x080032a0   Section        0  dma.o(i.MX_DMA_Init)
    i.MX_GPIO_Init                           0x080032d8   Section        0  gpio.o(i.MX_GPIO_Init)
    i.MX_TIM2_Init                           0x080033f0   Section        0  tim.o(i.MX_TIM2_Init)
    i.MX_USART2_UART_Init                    0x08003460   Section        0  usart.o(i.MX_USART2_UART_Init)
    i.MemManage_Handler                      0x08003498   Section        0  stm32f4xx_it.o(i.MemManage_Handler)
    i.NMI_Handler                            0x080034a0   Section        0  stm32f4xx_it.o(i.NMI_Handler)
    i.STMFLASH_ReadWord                      0x080034a8   Section        0  stm32_flash.o(i.STMFLASH_ReadWord)
    STMFLASH_ReadWord                        0x080034a9   Thumb Code     6  stm32_flash.o(i.STMFLASH_ReadWord)
    i.SystemClock_Config                     0x080034b0   Section        0  bsp_hal.o(i.SystemClock_Config)
    i.SystemInit                             0x08003568   Section        0  system_stm32f4xx.o(i.SystemInit)
    i.TIM1_UP_TIM10_IRQHandler               0x08003584   Section        0  stm32f4xx_it.o(i.TIM1_UP_TIM10_IRQHandler)
    i.TIM2_IRQHandler                        0x08003594   Section        0  stm32f4xx_it.o(i.TIM2_IRQHandler)
    i.TIM_Base_SetConfig                     0x080035a4   Section        0  stm32f4xx_hal_tim.o(i.TIM_Base_SetConfig)
    i.TIM_ETR_SetConfig                      0x0800367c   Section        0  stm32f4xx_hal_tim.o(i.TIM_ETR_SetConfig)
    i.TIM_ITRx_SetConfig                     0x08003692   Section        0  stm32f4xx_hal_tim.o(i.TIM_ITRx_SetConfig)
    TIM_ITRx_SetConfig                       0x08003693   Thumb Code    18  stm32f4xx_hal_tim.o(i.TIM_ITRx_SetConfig)
    i.TIM_TI1_ConfigInputStage               0x080036a4   Section        0  stm32f4xx_hal_tim.o(i.TIM_TI1_ConfigInputStage)
    TIM_TI1_ConfigInputStage                 0x080036a5   Thumb Code    38  stm32f4xx_hal_tim.o(i.TIM_TI1_ConfigInputStage)
    i.TIM_TI2_ConfigInputStage               0x080036ca   Section        0  stm32f4xx_hal_tim.o(i.TIM_TI2_ConfigInputStage)
    TIM_TI2_ConfigInputStage                 0x080036cb   Thumb Code    40  stm32f4xx_hal_tim.o(i.TIM_TI2_ConfigInputStage)
    i.UART4_IRQHandler                       0x080036f2   Section        0  stm32f4xx_it.o(i.UART4_IRQHandler)
    i.UART5_IRQHandler                       0x080036f4   Section        0  stm32f4xx_it.o(i.UART5_IRQHandler)
    i.UART_DMAAbortOnError                   0x080036f6   Section        0  stm32f4xx_hal_uart.o(i.UART_DMAAbortOnError)
    UART_DMAAbortOnError                     0x080036f7   Thumb Code    20  stm32f4xx_hal_uart.o(i.UART_DMAAbortOnError)
    i.UART_EndRxTransfer                     0x0800370a   Section        0  stm32f4xx_hal_uart.o(i.UART_EndRxTransfer)
    UART_EndRxTransfer                       0x0800370b   Thumb Code   108  stm32f4xx_hal_uart.o(i.UART_EndRxTransfer)
    i.UART_EndTransmit_IT                    0x08003776   Section        0  stm32f4xx_hal_uart.o(i.UART_EndTransmit_IT)
    UART_EndTransmit_IT                      0x08003777   Thumb Code    32  stm32f4xx_hal_uart.o(i.UART_EndTransmit_IT)
    i.UART_Receive_IT                        0x08003796   Section        0  stm32f4xx_hal_uart.o(i.UART_Receive_IT)
    UART_Receive_IT                          0x08003797   Thumb Code   248  stm32f4xx_hal_uart.o(i.UART_Receive_IT)
    i.UART_SetConfig                         0x08003890   Section        0  stm32f4xx_hal_uart.o(i.UART_SetConfig)
    UART_SetConfig                           0x08003891   Thumb Code   546  stm32f4xx_hal_uart.o(i.UART_SetConfig)
    i.UART_Transmit_IT                       0x08003abc   Section        0  stm32f4xx_hal_uart.o(i.UART_Transmit_IT)
    UART_Transmit_IT                         0x08003abd   Thumb Code    96  stm32f4xx_hal_uart.o(i.UART_Transmit_IT)
    i.UART_WaitOnFlagUntilTimeout            0x08003b1c   Section        0  stm32f4xx_hal_uart.o(i.UART_WaitOnFlagUntilTimeout)
    UART_WaitOnFlagUntilTimeout              0x08003b1d   Thumb Code   146  stm32f4xx_hal_uart.o(i.UART_WaitOnFlagUntilTimeout)
    i.USART1_IRQHandler                      0x08003bae   Section        0  stm32f4xx_it.o(i.USART1_IRQHandler)
    i.USART2_IRQHandler                      0x08003bb0   Section        0  stm32f4xx_it.o(i.USART2_IRQHandler)
    i.USART3_IRQHandler                      0x08003bc0   Section        0  stm32f4xx_it.o(i.USART3_IRQHandler)
    i.USART6_IRQHandler                      0x08003bc2   Section        0  stm32f4xx_it.o(i.USART6_IRQHandler)
    i.UsageFault_Handler                     0x08003bc4   Section        0  stm32f4xx_it.o(i.UsageFault_Handler)
    i._GPIO_IIC_AT24CXX_send_address         0x08003bcc   Section        0  gpio_at24cxx.o(i._GPIO_IIC_AT24CXX_send_address)
    _GPIO_IIC_AT24CXX_send_address           0x08003bcd   Thumb Code   144  gpio_at24cxx.o(i._GPIO_IIC_AT24CXX_send_address)
    i.__0printf                              0x08003c5c   Section        0  printfa.o(i.__0printf)
    i.__0vprintf                             0x08003c7c   Section        0  printfa.o(i.__0vprintf)
    i.__NVIC_GetPriorityGrouping             0x08003c8c   Section        0  stm32f4xx_hal_cortex.o(i.__NVIC_GetPriorityGrouping)
    __NVIC_GetPriorityGrouping               0x08003c8d   Thumb Code    10  stm32f4xx_hal_cortex.o(i.__NVIC_GetPriorityGrouping)
    i.__NVIC_SetPriority                     0x08003c9c   Section        0  stm32f4xx_hal_cortex.o(i.__NVIC_SetPriority)
    __NVIC_SetPriority                       0x08003c9d   Thumb Code    32  stm32f4xx_hal_cortex.o(i.__NVIC_SetPriority)
    i.__scatterload_copy                     0x08003cc4   Section       14  handlers.o(i.__scatterload_copy)
    i.__scatterload_null                     0x08003cd2   Section        2  handlers.o(i.__scatterload_null)
    i.__scatterload_zeroinit                 0x08003cd4   Section       14  handlers.o(i.__scatterload_zeroinit)
    i._app_info_check                        0x08003ce4   Section        0  app_update_firmware.o(i._app_info_check)
    _app_info_check                          0x08003ce5   Thumb Code   210  app_update_firmware.o(i._app_info_check)
    i._app_para_init                         0x08003dc8   Section        0  app_update_firmware.o(i._app_para_init)
    _app_para_init                           0x08003dc9   Thumb Code    30  app_update_firmware.o(i._app_para_init)
    i._check_app_factory_exit                0x08003de8   Section        0  app_update_firmware.o(i._check_app_factory_exit)
    _check_app_factory_exit                  0x08003de9   Thumb Code   140  app_update_firmware.o(i._check_app_factory_exit)
    i._check_app_update_info                 0x08003eb4   Section        0  app_update_firmware.o(i._check_app_update_info)
    _check_app_update_info                   0x08003eb5   Thumb Code   224  app_update_firmware.o(i._check_app_update_info)
    i._check_block_crc                       0x08003fcc   Section        0  app_update_firmware.o(i._check_block_crc)
    _check_block_crc                         0x08003fcd   Thumb Code    36  app_update_firmware.o(i._check_block_crc)
    i._check_busy                            0x08003ff0   Section        0  gpio_at24cxx.o(i._check_busy)
    _check_busy                              0x08003ff1   Thumb Code   106  gpio_at24cxx.o(i._check_busy)
    i._check_download_firmware_integrity     0x0800405c   Section        0  app_update_firmware.o(i._check_download_firmware_integrity)
    _check_download_firmware_integrity       0x0800405d   Thumb Code   152  app_update_firmware.o(i._check_download_firmware_integrity)
    i._check_two_block_crc                   0x08004100   Section        0  app_update_firmware.o(i._check_two_block_crc)
    _check_two_block_crc                     0x08004101   Thumb Code    54  app_update_firmware.o(i._check_two_block_crc)
    i._copy_app_to_factory                   0x08004138   Section        0  app_update_firmware.o(i._copy_app_to_factory)
    i._copy_download_to_app                  0x080041b0   Section        0  app_update_firmware.o(i._copy_download_to_app)
    _copy_download_to_app                    0x080041b1   Thumb Code    58  app_update_firmware.o(i._copy_download_to_app)
    i._copy_factory_to_app                   0x080041fc   Section        0  app_update_firmware.o(i._copy_factory_to_app)
    i._firmware_info_deserialize             0x08004274   Section        0  app_update_firmware.o(i._firmware_info_deserialize)
    _firmware_info_deserialize               0x08004275   Thumb Code    70  app_update_firmware.o(i._firmware_info_deserialize)
    i._firmware_info_init                    0x080042ba   Section        0  app_update_firmware.o(i._firmware_info_init)
    _firmware_info_init                      0x080042bb   Thumb Code    18  app_update_firmware.o(i._firmware_info_init)
    i._firmware_info_serialize               0x080042cc   Section        0  app_update_firmware.o(i._firmware_info_serialize)
    _firmware_info_serialize                 0x080042cd   Thumb Code    70  app_update_firmware.o(i._firmware_info_serialize)
    i._flash_earse_download                  0x08004314   Section        0  app_update_firmware.o(i._flash_earse_download)
    _flash_earse_download                    0x08004315   Thumb Code    34  app_update_firmware.o(i._flash_earse_download)
    i._flash_write_dire_flash                0x08004358   Section        0  app_update_firmware.o(i._flash_write_dire_flash)
    _flash_write_dire_flash                  0x08004359   Thumb Code    38  app_update_firmware.o(i._flash_write_dire_flash)
    i._flash_write_flash                     0x0800437e   Section        0  app_update_firmware.o(i._flash_write_flash)
    _flash_write_flash                       0x0800437f   Thumb Code    54  app_update_firmware.o(i._flash_write_flash)
    i._fp_digits                             0x080043b4   Section        0  printfa.o(i._fp_digits)
    _fp_digits                               0x080043b5   Thumb Code   366  printfa.o(i._fp_digits)
    i._get_crc16                             0x08004538   Section        0  utils.o(i._get_crc16)
    _get_crc16                               0x08004539   Thumb Code    34  utils.o(i._get_crc16)
    i._iap_load_app                          0x0800455c   Section        0  app.o(i._iap_load_app)
    i._printf_core                           0x080045b4   Section        0  printfa.o(i._printf_core)
    _printf_core                             0x080045b5   Thumb Code  1744  printfa.o(i._printf_core)
    i._printf_post_padding                   0x08004c90   Section        0  printfa.o(i._printf_post_padding)
    _printf_post_padding                     0x08004c91   Thumb Code    36  printfa.o(i._printf_post_padding)
    i._printf_pre_padding                    0x08004cb4   Section        0  printfa.o(i._printf_pre_padding)
    _printf_pre_padding                      0x08004cb5   Thumb Code    46  printfa.o(i._printf_pre_padding)
    i._recovery_to_factory                   0x08004ce2   Section        0  app_update_firmware.o(i._recovery_to_factory)
    _recovery_to_factory                     0x08004ce3   Thumb Code    18  app_update_firmware.o(i._recovery_to_factory)
    i.add_crc32                              0x08004cf4   Section        0  utils.o(i.add_crc32)
    i.crc32                                  0x08004d20   Section        0  utils.o(i.crc32)
    i.epprom_read_block                      0x08004d4c   Section        0  app_update_firmware.o(i.epprom_read_block)
    i.epprom_write_block                     0x08004dc0   Section        0  app_update_firmware.o(i.epprom_write_block)
    i.firmware_setting_info_test_send        0x08004e30   Section        0  app_update_firmware.o(i.firmware_setting_info_test_send)
    i.fputc                                  0x08004e34   Section        0  bsp_log.o(i.fputc)
    i.get_modbus_crc16                       0x08004e50   Section        0  utils.o(i.get_modbus_crc16)
    i.main                                   0x08004e6c   Section        0  main.o(i.main)
    i.read_uint16_t                          0x08004e82   Section        0  utils.o(i.read_uint16_t)
    i.read_uint32_t                          0x08004e90   Section        0  utils.o(i.read_uint32_t)
    i.read_uint8_t                           0x08004e9c   Section        0  utils.o(i.read_uint8_t)
    i.stm32_flashErase                       0x08004eac   Section        0  stm32_flash.o(i.stm32_flashErase)
    i.stm32_flashRead                        0x08004f2c   Section        0  stm32_flash.o(i.stm32_flashRead)
    i.stm32_flashWrite_Dire                  0x08004f54   Section        0  stm32_flash.o(i.stm32_flashWrite_Dire)
    i.write_uint16_t                         0x08004f9c   Section        0  utils.o(i.write_uint16_t)
    i.write_uint32_t                         0x08004fac   Section        0  utils.o(i.write_uint32_t)
    i.write_uint8_t                          0x08004fba   Section        0  utils.o(i.write_uint8_t)
    .constdata                               0x08004fca   Section        8  stm32f4xx_hal_dma.o(.constdata)
    flagBitshiftOffset                       0x08004fca   Data           8  stm32f4xx_hal_dma.o(.constdata)
    .constdata                               0x08004fd2   Section       24  system_stm32f4xx.o(.constdata)
    .constdata                               0x08004fec   Section      176  app_update_firmware.o(.constdata)
    .constdata                               0x0800509c   Section     1536  utils.o(.constdata)
    CRC16_TABLE                              0x0800509c   Data         512  utils.o(.constdata)
    CRC32_TABLE                              0x0800529c   Data        1024  utils.o(.constdata)
    .conststring                             0x0800569c   Section      429  app_update_firmware.o(.conststring)
    .conststring                             0x0800584c   Section       46  bsp_log.o(.conststring)
    .data                                    0x20000000   Section        9  stm32f4xx_hal.o(.data)
    .data                                    0x2000000c   Section        4  system_stm32f4xx.o(.data)
    .data                                    0x20000010   Section       52  app.o(.data)
    .data                                    0x20000044   Section      184  app_update_firmware.o(.data)
    .data                                    0x200000fc   Section       20  bsp_at24cm1.o(.data)
    gpio_iic                                 0x200000fc   Data          12  bsp_at24cm1.o(.data)
    .data                                    0x20000110   Section       28  bsp_log.o(.data)
    log_levels                               0x20000114   Data          24  bsp_log.o(.data)
    .data                                    0x2000012c   Section        1  bsp_mcu.o(.data)
    run_led                                  0x2000012c   Data           1  bsp_mcu.o(.data)
    .bss                                     0x20000130   Section       72  tim.o(.bss)
    .bss                                     0x20000178   Section      984  usart.o(.bss)
    .bss                                     0x20000550   Section       72  stm32f4xx_hal_timebase_tim.o(.bss)
    .bss                                     0x20000598   Section       32  stm32f4xx_hal_flash.o(.bss)
    .bss                                     0x200005b8   Section       56  app_update_firmware.o(.bss)
    .bss                                     0x200005f0   Section       20  stm32_flash.o(.bss)
    EraseInitStruct                          0x200005f0   Data          20  stm32_flash.o(.bss)
    STACK                                    0x20000608   Section     1024  startup_stm32f407xx.o(STACK)

    Global Symbols

    Symbol Name                              Value     Ov Type        Size  Object(Section)

    BuildAttributes$$THM_ISAv4$E$P$D$K$B$S$7EM$VFPi3$EXTD16$VFPS$VFMA$PE$A:L22UL41UL21$X:L11$S22US41US21$IEEE1$IW$USESV6$~STKCKD$USESV7$~SHL$OSPACE$ROPI$EBA8$MICROLIB$REQ8$PRES8$EABIv2 0x00000000   Number         0  anon$$obj.o ABSOLUTE
    __ARM_use_no_argv                        0x00000000   Number         0  main.o ABSOLUTE
    __use_no_errno                           0x00000000   Number         0  useno.o ABSOLUTE
    __use_no_exception_handling              0x00000000   Number         0  useno.o ABSOLUTE
    __use_no_fp                              0x00000000   Number         0  useno.o ABSOLUTE
    __use_no_heap                            0x00000000   Number         0  useno.o ABSOLUTE
    __use_no_heap_region                     0x00000000   Number         0  useno.o ABSOLUTE
    __use_no_semihosting                     0x00000000   Number         0  useno.o ABSOLUTE
    __use_no_semihosting_swi                 0x00000000   Number         0  useno.o ABSOLUTE
    __use_no_signal_handling                 0x00000000   Number         0  useno.o ABSOLUTE
    _printf_a                                0x00000000   Number         0  stubs.o ABSOLUTE
    _printf_c                                0x00000000   Number         0  stubs.o ABSOLUTE
    _printf_charcount                        0x00000000   Number         0  stubs.o ABSOLUTE
    _printf_d                                0x00000000   Number         0  stubs.o ABSOLUTE
    _printf_e                                0x00000000   Number         0  stubs.o ABSOLUTE
    _printf_f                                0x00000000   Number         0  stubs.o ABSOLUTE
    _printf_flags                            0x00000000   Number         0  stubs.o ABSOLUTE
    _printf_fp_dec                           0x00000000   Number         0  stubs.o ABSOLUTE
    _printf_fp_hex                           0x00000000   Number         0  stubs.o ABSOLUTE
    _printf_g                                0x00000000   Number         0  stubs.o ABSOLUTE
    _printf_i                                0x00000000   Number         0  stubs.o ABSOLUTE
    _printf_int_dec                          0x00000000   Number         0  stubs.o ABSOLUTE
    _printf_l                                0x00000000   Number         0  stubs.o ABSOLUTE
    _printf_lc                               0x00000000   Number         0  stubs.o ABSOLUTE
    _printf_ll                               0x00000000   Number         0  stubs.o ABSOLUTE
    _printf_lld                              0x00000000   Number         0  stubs.o ABSOLUTE
    _printf_lli                              0x00000000   Number         0  stubs.o ABSOLUTE
    _printf_llo                              0x00000000   Number         0  stubs.o ABSOLUTE
    _printf_llu                              0x00000000   Number         0  stubs.o ABSOLUTE
    _printf_llx                              0x00000000   Number         0  stubs.o ABSOLUTE
    _printf_longlong_dec                     0x00000000   Number         0  stubs.o ABSOLUTE
    _printf_longlong_hex                     0x00000000   Number         0  stubs.o ABSOLUTE
    _printf_longlong_oct                     0x00000000   Number         0  stubs.o ABSOLUTE
    _printf_ls                               0x00000000   Number         0  stubs.o ABSOLUTE
    _printf_mbtowc                           0x00000000   Number         0  stubs.o ABSOLUTE
    _printf_n                                0x00000000   Number         0  stubs.o ABSOLUTE
    _printf_o                                0x00000000   Number         0  stubs.o ABSOLUTE
    _printf_p                                0x00000000   Number         0  stubs.o ABSOLUTE
    _printf_percent                          0x00000000   Number         0  stubs.o ABSOLUTE
    _printf_pre_padding                      0x00000000   Number         0  stubs.o ABSOLUTE
    _printf_return_value                     0x00000000   Number         0  stubs.o ABSOLUTE
    _printf_s                                0x00000000   Number         0  stubs.o ABSOLUTE
    _printf_sizespec                         0x00000000   Number         0  stubs.o ABSOLUTE
    _printf_str                              0x00000000   Number         0  stubs.o ABSOLUTE
    _printf_truncate_signed                  0x00000000   Number         0  stubs.o ABSOLUTE
    _printf_truncate_unsigned                0x00000000   Number         0  stubs.o ABSOLUTE
    _printf_u                                0x00000000   Number         0  stubs.o ABSOLUTE
    _printf_wc                               0x00000000   Number         0  stubs.o ABSOLUTE
    _printf_wctomb                           0x00000000   Number         0  stubs.o ABSOLUTE
    _printf_widthprec                        0x00000000   Number         0  stubs.o ABSOLUTE
    _printf_x                                0x00000000   Number         0  stubs.o ABSOLUTE
    __cpp_initialize__aeabi_                  - Undefined Weak Reference
    __cxa_finalize                            - Undefined Weak Reference
    _clock_init                               - Undefined Weak Reference
    _microlib_exit                            - Undefined Weak Reference
    __Vectors_Size                           0x00000188   Number         0  startup_stm32f407xx.o ABSOLUTE
    __Vectors                                0x08000000   Data           4  startup_stm32f407xx.o(RESET)
    __Vectors_End                            0x08000188   Data           0  startup_stm32f407xx.o(RESET)
    __main                                   0x08000189   Thumb Code     0  entry.o(.ARM.Collect$$$$00000000)
    _main_stk                                0x08000189   Thumb Code     0  entry2.o(.ARM.Collect$$$$00000001)
    _main_scatterload                        0x0800018d   Thumb Code     0  entry5.o(.ARM.Collect$$$$00000004)
    __main_after_scatterload                 0x08000191   Thumb Code     0  entry5.o(.ARM.Collect$$$$00000004)
    _main_clock                              0x08000191   Thumb Code     0  entry7b.o(.ARM.Collect$$$$00000008)
    _main_cpp_init                           0x08000191   Thumb Code     0  entry8b.o(.ARM.Collect$$$$0000000A)
    _main_init                               0x08000191   Thumb Code     0  entry9a.o(.ARM.Collect$$$$0000000B)
    __rt_final_cpp                           0x08000199   Thumb Code     0  entry10a.o(.ARM.Collect$$$$0000000D)
    __rt_final_exit                          0x08000199   Thumb Code     0  entry11a.o(.ARM.Collect$$$$0000000F)
    Reset_Handler                            0x0800019d   Thumb Code     8  startup_stm32f407xx.o(.text)
    SVC_Handler                              0x080001af   Thumb Code     2  startup_stm32f407xx.o(.text)
    PendSV_Handler                           0x080001b3   Thumb Code     2  startup_stm32f407xx.o(.text)
    SysTick_Handler                          0x080001b5   Thumb Code     2  startup_stm32f407xx.o(.text)
    ADC_IRQHandler                           0x080001b7   Thumb Code     0  startup_stm32f407xx.o(.text)
    CAN1_RX0_IRQHandler                      0x080001b7   Thumb Code     0  startup_stm32f407xx.o(.text)
    CAN1_RX1_IRQHandler                      0x080001b7   Thumb Code     0  startup_stm32f407xx.o(.text)
    CAN1_SCE_IRQHandler                      0x080001b7   Thumb Code     0  startup_stm32f407xx.o(.text)
    CAN1_TX_IRQHandler                       0x080001b7   Thumb Code     0  startup_stm32f407xx.o(.text)
    CAN2_RX0_IRQHandler                      0x080001b7   Thumb Code     0  startup_stm32f407xx.o(.text)
    CAN2_RX1_IRQHandler                      0x080001b7   Thumb Code     0  startup_stm32f407xx.o(.text)
    CAN2_SCE_IRQHandler                      0x080001b7   Thumb Code     0  startup_stm32f407xx.o(.text)
    CAN2_TX_IRQHandler                       0x080001b7   Thumb Code     0  startup_stm32f407xx.o(.text)
    DCMI_IRQHandler                          0x080001b7   Thumb Code     0  startup_stm32f407xx.o(.text)
    DMA1_Stream3_IRQHandler                  0x080001b7   Thumb Code     0  startup_stm32f407xx.o(.text)
    DMA1_Stream4_IRQHandler                  0x080001b7   Thumb Code     0  startup_stm32f407xx.o(.text)
    DMA1_Stream6_IRQHandler                  0x080001b7   Thumb Code     0  startup_stm32f407xx.o(.text)
    DMA1_Stream7_IRQHandler                  0x080001b7   Thumb Code     0  startup_stm32f407xx.o(.text)
    DMA2_Stream0_IRQHandler                  0x080001b7   Thumb Code     0  startup_stm32f407xx.o(.text)
    DMA2_Stream3_IRQHandler                  0x080001b7   Thumb Code     0  startup_stm32f407xx.o(.text)
    DMA2_Stream4_IRQHandler                  0x080001b7   Thumb Code     0  startup_stm32f407xx.o(.text)
    DMA2_Stream5_IRQHandler                  0x080001b7   Thumb Code     0  startup_stm32f407xx.o(.text)
    DMA2_Stream6_IRQHandler                  0x080001b7   Thumb Code     0  startup_stm32f407xx.o(.text)
    DMA2_Stream7_IRQHandler                  0x080001b7   Thumb Code     0  startup_stm32f407xx.o(.text)
    ETH_IRQHandler                           0x080001b7   Thumb Code     0  startup_stm32f407xx.o(.text)
    ETH_WKUP_IRQHandler                      0x080001b7   Thumb Code     0  startup_stm32f407xx.o(.text)
    EXTI0_IRQHandler                         0x080001b7   Thumb Code     0  startup_stm32f407xx.o(.text)
    EXTI2_IRQHandler                         0x080001b7   Thumb Code     0  startup_stm32f407xx.o(.text)
    EXTI3_IRQHandler                         0x080001b7   Thumb Code     0  startup_stm32f407xx.o(.text)
    EXTI4_IRQHandler                         0x080001b7   Thumb Code     0  startup_stm32f407xx.o(.text)
    EXTI9_5_IRQHandler                       0x080001b7   Thumb Code     0  startup_stm32f407xx.o(.text)
    FLASH_IRQHandler                         0x080001b7   Thumb Code     0  startup_stm32f407xx.o(.text)
    FMC_IRQHandler                           0x080001b7   Thumb Code     0  startup_stm32f407xx.o(.text)
    FPU_IRQHandler                           0x080001b7   Thumb Code     0  startup_stm32f407xx.o(.text)
    HASH_RNG_IRQHandler                      0x080001b7   Thumb Code     0  startup_stm32f407xx.o(.text)
    I2C1_ER_IRQHandler                       0x080001b7   Thumb Code     0  startup_stm32f407xx.o(.text)
    I2C1_EV_IRQHandler                       0x080001b7   Thumb Code     0  startup_stm32f407xx.o(.text)
    I2C2_ER_IRQHandler                       0x080001b7   Thumb Code     0  startup_stm32f407xx.o(.text)
    I2C2_EV_IRQHandler                       0x080001b7   Thumb Code     0  startup_stm32f407xx.o(.text)
    I2C3_ER_IRQHandler                       0x080001b7   Thumb Code     0  startup_stm32f407xx.o(.text)
    I2C3_EV_IRQHandler                       0x080001b7   Thumb Code     0  startup_stm32f407xx.o(.text)
    OTG_FS_IRQHandler                        0x080001b7   Thumb Code     0  startup_stm32f407xx.o(.text)
    OTG_FS_WKUP_IRQHandler                   0x080001b7   Thumb Code     0  startup_stm32f407xx.o(.text)
    OTG_HS_EP1_IN_IRQHandler                 0x080001b7   Thumb Code     0  startup_stm32f407xx.o(.text)
    OTG_HS_EP1_OUT_IRQHandler                0x080001b7   Thumb Code     0  startup_stm32f407xx.o(.text)
    OTG_HS_IRQHandler                        0x080001b7   Thumb Code     0  startup_stm32f407xx.o(.text)
    OTG_HS_WKUP_IRQHandler                   0x080001b7   Thumb Code     0  startup_stm32f407xx.o(.text)
    PVD_IRQHandler                           0x080001b7   Thumb Code     0  startup_stm32f407xx.o(.text)
    RCC_IRQHandler                           0x080001b7   Thumb Code     0  startup_stm32f407xx.o(.text)
    RTC_Alarm_IRQHandler                     0x080001b7   Thumb Code     0  startup_stm32f407xx.o(.text)
    RTC_WKUP_IRQHandler                      0x080001b7   Thumb Code     0  startup_stm32f407xx.o(.text)
    SDIO_IRQHandler                          0x080001b7   Thumb Code     0  startup_stm32f407xx.o(.text)
    SPI1_IRQHandler                          0x080001b7   Thumb Code     0  startup_stm32f407xx.o(.text)
    SPI2_IRQHandler                          0x080001b7   Thumb Code     0  startup_stm32f407xx.o(.text)
    SPI3_IRQHandler                          0x080001b7   Thumb Code     0  startup_stm32f407xx.o(.text)
    TAMP_STAMP_IRQHandler                    0x080001b7   Thumb Code     0  startup_stm32f407xx.o(.text)
    TIM1_BRK_TIM9_IRQHandler                 0x080001b7   Thumb Code     0  startup_stm32f407xx.o(.text)
    TIM1_CC_IRQHandler                       0x080001b7   Thumb Code     0  startup_stm32f407xx.o(.text)
    TIM1_TRG_COM_TIM11_IRQHandler            0x080001b7   Thumb Code     0  startup_stm32f407xx.o(.text)
    TIM3_IRQHandler                          0x080001b7   Thumb Code     0  startup_stm32f407xx.o(.text)
    TIM4_IRQHandler                          0x080001b7   Thumb Code     0  startup_stm32f407xx.o(.text)
    TIM5_IRQHandler                          0x080001b7   Thumb Code     0  startup_stm32f407xx.o(.text)
    TIM6_DAC_IRQHandler                      0x080001b7   Thumb Code     0  startup_stm32f407xx.o(.text)
    TIM7_IRQHandler                          0x080001b7   Thumb Code     0  startup_stm32f407xx.o(.text)
    TIM8_BRK_TIM12_IRQHandler                0x080001b7   Thumb Code     0  startup_stm32f407xx.o(.text)
    TIM8_CC_IRQHandler                       0x080001b7   Thumb Code     0  startup_stm32f407xx.o(.text)
    TIM8_TRG_COM_TIM14_IRQHandler            0x080001b7   Thumb Code     0  startup_stm32f407xx.o(.text)
    TIM8_UP_TIM13_IRQHandler                 0x080001b7   Thumb Code     0  startup_stm32f407xx.o(.text)
    WWDG_IRQHandler                          0x080001b7   Thumb Code     0  startup_stm32f407xx.o(.text)
    __aeabi_uldivmod                         0x080001c1   Thumb Code    98  uldiv.o(.text)
    __aeabi_memcpy                           0x08000223   Thumb Code    36  memcpya.o(.text)
    __aeabi_memcpy4                          0x08000223   Thumb Code     0  memcpya.o(.text)
    __aeabi_memcpy8                          0x08000223   Thumb Code     0  memcpya.o(.text)
    __aeabi_memset                           0x08000247   Thumb Code    14  memseta.o(.text)
    __aeabi_memset4                          0x08000247   Thumb Code     0  memseta.o(.text)
    __aeabi_memset8                          0x08000247   Thumb Code     0  memseta.o(.text)
    __aeabi_memclr                           0x08000255   Thumb Code     4  memseta.o(.text)
    __aeabi_memclr4                          0x08000255   Thumb Code     0  memseta.o(.text)
    __aeabi_memclr8                          0x08000255   Thumb Code     0  memseta.o(.text)
    _memset$wrapper                          0x08000259   Thumb Code    18  memseta.o(.text)
    strstr                                   0x0800026b   Thumb Code    36  strstr.o(.text)
    strlen                                   0x0800028f   Thumb Code    14  strlen.o(.text)
    __aeabi_uidiv                            0x0800029d   Thumb Code     0  uidiv.o(.text)
    __aeabi_uidivmod                         0x0800029d   Thumb Code    44  uidiv.o(.text)
    __aeabi_llsl                             0x080002c9   Thumb Code    30  llshl.o(.text)
    _ll_shift_l                              0x080002c9   Thumb Code     0  llshl.o(.text)
    __aeabi_llsr                             0x080002e7   Thumb Code    32  llushr.o(.text)
    _ll_ushift_r                             0x080002e7   Thumb Code     0  llushr.o(.text)
    __I$use$fp                               0x08000307   Thumb Code     0  iusefp.o(.text)
    __aeabi_dmul                             0x08000307   Thumb Code   228  dmul.o(.text)
    BSP_LOG_init                             0x080003eb   Thumb Code     4  bsp_log.o(i.BSP_LOG_init)
    BSP_MCU_reset                            0x080003ef   Thumb Code    18  bsp_mcu.o(i.BSP_MCU_reset)
    boot_file_name_str                       0x08000400   Data          64  app.o(.ARM.__AT_0x08000400)
    compiler_time                            0x08000440   Data          64  app.o(.ARM.__AT_0x08000440)
    __aeabi_dadd                             0x08000481   Thumb Code   322  dadd.o(.text)
    __aeabi_dsub                             0x080005c3   Thumb Code     6  dadd.o(.text)
    __aeabi_drsub                            0x080005c9   Thumb Code     6  dadd.o(.text)
    __aeabi_ddiv                             0x080005cf   Thumb Code   222  ddiv.o(.text)
    __aeabi_d2ulz                            0x080006ad   Thumb Code    48  dfixul.o(.text)
    __aeabi_cdrcmple                         0x080006dd   Thumb Code    48  cdrcmple.o(.text)
    __scatterload                            0x0800070d   Thumb Code    28  init.o(.text)
    __scatterload_rt2                        0x0800070d   Thumb Code     0  init.o(.text)
    __aeabi_lasr                             0x08000731   Thumb Code    36  llsshr.o(.text)
    _ll_sshift_r                             0x08000731   Thumb Code     0  llsshr.o(.text)
    _double_round                            0x08000755   Thumb Code    30  depilogue.o(.text)
    _double_epilogue                         0x08000773   Thumb Code   156  depilogue.o(.text)
    __decompress                             0x0800080f   Thumb Code     0  __dczerorl2.o(.text)
    __decompress1                            0x0800080f   Thumb Code    86  __dczerorl2.o(.text)
    APP_CONFIG_app_firmware_info_recovery    0x08000865   Thumb Code    62  app_update_firmware.o(i.APP_CONFIG_app_firmware_info_recovery)
    APP_CONFIG_app_firmware_update_fail      0x080008a9   Thumb Code    32  app_update_firmware.o(i.APP_CONFIG_app_firmware_update_fail)
    APP_CONFIG_download_firmware_info_recovery 0x080008cd   Thumb Code    60  app_update_firmware.o(i.APP_CONFIG_download_firmware_info_recovery)
    APP_CONFIG_firmware_check_info_valid     0x0800090d   Thumb Code    28  app_update_firmware.o(i.APP_CONFIG_firmware_check_info_valid)
    APP_CONFIG_firmware_setting_info_init    0x08000929   Thumb Code    38  app_update_firmware.o(i.APP_CONFIG_firmware_setting_info_init)
    APP_CONFIG_firmware_setting_info_load    0x08000955   Thumb Code    52  app_update_firmware.o(i.APP_CONFIG_firmware_setting_info_load)
    APP_CONFIG_firmware_setting_info_overwrite 0x08000991   Thumb Code    38  app_update_firmware.o(i.APP_CONFIG_firmware_setting_info_overwrite)
    APP_CONFIG_firmware_setting_info_read    0x080009c1   Thumb Code   110  app_update_firmware.o(i.APP_CONFIG_firmware_setting_info_read)
    APP_CONFIG_firmware_setting_info_write   0x08000a2f   Thumb Code    98  app_update_firmware.o(i.APP_CONFIG_firmware_setting_info_write)
    APP_MAIN                                 0x08000ad1   Thumb Code   100  app.o(i.APP_MAIN)
    APP_TASK_run_per_second_ISR              0x08000b4d   Thumb Code    20  bsp_hal.o(i.APP_TASK_run_per_second_ISR)
    APP_UPDATE_FIRMWARE_check_file           0x08000b69   Thumb Code    88  app_update_firmware.o(i.APP_UPDATE_FIRMWARE_check_file)
    APP_UPDATE_FIRMWARE_factory_check        0x08000bd9   Thumb Code    68  app_update_firmware.o(i.APP_UPDATE_FIRMWARE_factory_check)
    APP_UPDATE_FIRMWARE_showErrorTypeContent 0x08000c21   Thumb Code    56  app_update_firmware.o(i.APP_UPDATE_FIRMWARE_showErrorTypeContent)
    BSP_AT24CM1_read_bytes                   0x08000c6d   Thumb Code    60  bsp_at24cm1.o(i.BSP_AT24CM1_read_bytes)
    BSP_AT24CM1_write_bytes                  0x08000cad   Thumb Code    66  bsp_at24cm1.o(i.BSP_AT24CM1_write_bytes)
    BSP_GPIO_set_pin_as_input                0x08000cf5   Thumb Code    38  bsp_gpio.o(i.BSP_GPIO_set_pin_as_input)
    BSP_GPIO_set_pin_as_output               0x08000d1b   Thumb Code    46  bsp_gpio.o(i.BSP_GPIO_set_pin_as_output)
    BSP_HAL_init                             0x08000d49   Thumb Code    44  bsp_hal.o(i.BSP_HAL_init)
    BSP_LOG_level_show                       0x08000d79   Thumb Code    20  bsp_log.o(i.BSP_LOG_level_show)
    BSP_LOG_print                            0x08000da1   Thumb Code    36  bsp_log.o(i.BSP_LOG_print)
    BSP_LOG_print_hex                        0x08000dc5   Thumb Code    40  bsp_log.o(i.BSP_LOG_print_hex)
    BSP_MCU_run_led_flash                    0x08000df5   Thumb Code    38  bsp_mcu.o(i.BSP_MCU_run_led_flash)
    BSP_WDG_Timer_init                       0x08000e25   Thumb Code    22  bsp_wdg.o(i.BSP_WDG_Timer_init)
    BSP_WDG_feed                             0x08000e41   Thumb Code     2  bsp_wdg.o(i.BSP_WDG_feed)
    BSP_WDG_init                             0x08000e43   Thumb Code     2  bsp_wdg.o(i.BSP_WDG_init)
    BSP_WDG_stop                             0x08000e45   Thumb Code     2  bsp_wdg.o(i.BSP_WDG_stop)
    BusFault_Handler                         0x08000e47   Thumb Code     8  stm32f4xx_it.o(i.BusFault_Handler)
    DMA1_Stream0_IRQHandler                  0x08000e4f   Thumb Code     2  stm32f4xx_it.o(i.DMA1_Stream0_IRQHandler)
    DMA1_Stream1_IRQHandler                  0x08000e51   Thumb Code     2  stm32f4xx_it.o(i.DMA1_Stream1_IRQHandler)
    DMA1_Stream2_IRQHandler                  0x08000e53   Thumb Code     2  stm32f4xx_it.o(i.DMA1_Stream2_IRQHandler)
    DMA1_Stream5_IRQHandler                  0x08000e55   Thumb Code    10  stm32f4xx_it.o(i.DMA1_Stream5_IRQHandler)
    DMA2_Stream1_IRQHandler                  0x08000e65   Thumb Code     2  stm32f4xx_it.o(i.DMA2_Stream1_IRQHandler)
    DMA2_Stream2_IRQHandler                  0x08000e67   Thumb Code     2  stm32f4xx_it.o(i.DMA2_Stream2_IRQHandler)
    DWT_delay                                0x08000f49   Thumb Code    34  dwt_delay.o(i.DWT_delay)
    DWT_init                                 0x08000f79   Thumb Code    70  dwt_delay.o(i.DWT_init)
    DebugMon_Handler                         0x08000fc9   Thumb Code     2  stm32f4xx_it.o(i.DebugMon_Handler)
    EXTI15_10_IRQHandler                     0x08000fcb   Thumb Code     2  stm32f4xx_it.o(i.EXTI15_10_IRQHandler)
    EXTI1_IRQHandler                         0x08000fcd   Thumb Code     2  stm32f4xx_it.o(i.EXTI1_IRQHandler)
    Error_Handler                            0x08000fcf   Thumb Code     2  bsp_hal.o(i.Error_Handler)
    FLASH_Erase_Sector                       0x08000fd1   Thumb Code    86  stm32f4xx_hal_flash_ex.o(i.FLASH_Erase_Sector)
    FLASH_FlushCaches                        0x0800102d   Thumb Code   114  stm32f4xx_hal_flash_ex.o(i.FLASH_FlushCaches)
    FLASH_WaitForLastOperation               0x0800121d   Thumb Code    90  stm32f4xx_hal_flash.o(i.FLASH_WaitForLastOperation)
    GPIO_IIC_AT24CXX_read_bytes              0x08001281   Thumb Code   174  gpio_at24cxx.o(i.GPIO_IIC_AT24CXX_read_bytes)
    GPIO_IIC_AT24CXX_write_bytes             0x0800132f   Thumb Code   142  gpio_at24cxx.o(i.GPIO_IIC_AT24CXX_write_bytes)
    GPIO_IIC_ack                             0x080013bd   Thumb Code    66  gpio_iic.o(i.GPIO_IIC_ack)
    GPIO_IIC_nack                            0x080013ff   Thumb Code    66  gpio_iic.o(i.GPIO_IIC_nack)
    GPIO_IIC_read_byte                       0x08001441   Thumb Code   130  gpio_iic.o(i.GPIO_IIC_read_byte)
    GPIO_IIC_send_byte                       0x080014c3   Thumb Code   114  gpio_iic.o(i.GPIO_IIC_send_byte)
    GPIO_IIC_start                           0x08001535   Thumb Code    62  gpio_iic.o(i.GPIO_IIC_start)
    GPIO_IIC_stop                            0x08001573   Thumb Code    62  gpio_iic.o(i.GPIO_IIC_stop)
    GPIO_IIC_wait_ack                        0x080015b1   Thumb Code    88  gpio_iic.o(i.GPIO_IIC_wait_ack)
    HAL_DMA_Abort                            0x08001713   Thumb Code   172  stm32f4xx_hal_dma.o(i.HAL_DMA_Abort)
    HAL_DMA_Abort_IT                         0x080017bf   Thumb Code    40  stm32f4xx_hal_dma.o(i.HAL_DMA_Abort_IT)
    HAL_DMA_IRQHandler                       0x080017e9   Thumb Code   570  stm32f4xx_hal_dma.o(i.HAL_DMA_IRQHandler)
    HAL_DMA_Init                             0x08001a29   Thumb Code   232  stm32f4xx_hal_dma.o(i.HAL_DMA_Init)
    HAL_Delay                                0x08001b15   Thumb Code    36  stm32f4xx_hal.o(i.HAL_Delay)
    HAL_FLASHEx_Erase                        0x08001b3d   Thumb Code   164  stm32f4xx_hal_flash_ex.o(i.HAL_FLASHEx_Erase)
    HAL_FLASH_Lock                           0x08001be9   Thumb Code    16  stm32f4xx_hal_flash.o(i.HAL_FLASH_Lock)
    HAL_FLASH_Program                        0x08001bfd   Thumb Code   142  stm32f4xx_hal_flash.o(i.HAL_FLASH_Program)
    HAL_FLASH_Unlock                         0x08001c95   Thumb Code    38  stm32f4xx_hal_flash.o(i.HAL_FLASH_Unlock)
    HAL_GPIO_Init                            0x08001cc9   Thumb Code   452  stm32f4xx_hal_gpio.o(i.HAL_GPIO_Init)
    HAL_GPIO_ReadPin                         0x08001eb9   Thumb Code    16  stm32f4xx_hal_gpio.o(i.HAL_GPIO_ReadPin)
    HAL_GPIO_WritePin                        0x08001ec9   Thumb Code    12  stm32f4xx_hal_gpio.o(i.HAL_GPIO_WritePin)
    HAL_GetTick                              0x08001ed5   Thumb Code     6  stm32f4xx_hal.o(i.HAL_GetTick)
    HAL_IncTick                              0x08001ee1   Thumb Code    16  stm32f4xx_hal.o(i.HAL_IncTick)
    HAL_Init                                 0x08001ef9   Thumb Code    54  stm32f4xx_hal.o(i.HAL_Init)
    HAL_InitTick                             0x08001f35   Thumb Code   122  stm32f4xx_hal_timebase_tim.o(i.HAL_InitTick)
    HAL_MspInit                              0x08001fc1   Thumb Code    78  stm32f4xx_hal_msp.o(i.HAL_MspInit)
    HAL_NVIC_EnableIRQ                       0x08002015   Thumb Code    32  stm32f4xx_hal_cortex.o(i.HAL_NVIC_EnableIRQ)
    HAL_NVIC_SetPriority                     0x08002035   Thumb Code   124  stm32f4xx_hal_cortex.o(i.HAL_NVIC_SetPriority)
    HAL_NVIC_SetPriorityGrouping             0x080020b1   Thumb Code    32  stm32f4xx_hal_cortex.o(i.HAL_NVIC_SetPriorityGrouping)
    HAL_NVIC_SystemReset                     0x080020d9   Thumb Code    60  stm32f4xx_hal_cortex.o(i.HAL_NVIC_SystemReset)
    HAL_RCC_ClockConfig                      0x0800211d   Thumb Code   368  stm32f4xx_hal_rcc.o(i.HAL_RCC_ClockConfig)
    HAL_RCC_GetClockConfig                   0x080022a1   Thumb Code    58  stm32f4xx_hal_rcc.o(i.HAL_RCC_GetClockConfig)
    HAL_RCC_GetHCLKFreq                      0x080022e5   Thumb Code     6  stm32f4xx_hal_rcc.o(i.HAL_RCC_GetHCLKFreq)
    HAL_RCC_GetPCLK1Freq                     0x080022f1   Thumb Code    22  stm32f4xx_hal_rcc.o(i.HAL_RCC_GetPCLK1Freq)
    HAL_RCC_GetPCLK2Freq                     0x08002311   Thumb Code    22  stm32f4xx_hal_rcc.o(i.HAL_RCC_GetPCLK2Freq)
    HAL_RCC_GetSysClockFreq                  0x08002331   Thumb Code   162  stm32f4xx_hal_rcc.o(i.HAL_RCC_GetSysClockFreq)
    HAL_RCC_OscConfig                        0x080023e1   Thumb Code  1172  stm32f4xx_hal_rcc.o(i.HAL_RCC_OscConfig)
    HAL_TIMEx_BreakCallback                  0x0800287d   Thumb Code     2  stm32f4xx_hal_tim_ex.o(i.HAL_TIMEx_BreakCallback)
    HAL_TIMEx_CommutCallback                 0x0800287f   Thumb Code     2  stm32f4xx_hal_tim_ex.o(i.HAL_TIMEx_CommutCallback)
    HAL_TIMEx_MasterConfigSynchronization    0x08002881   Thumb Code   150  stm32f4xx_hal_tim_ex.o(i.HAL_TIMEx_MasterConfigSynchronization)
    HAL_TIM_Base_Init                        0x08002935   Thumb Code   102  stm32f4xx_hal_tim.o(i.HAL_TIM_Base_Init)
    HAL_TIM_Base_MspInit                     0x0800299d   Thumb Code    62  tim.o(i.HAL_TIM_Base_MspInit)
    HAL_TIM_Base_Start_IT                    0x080029e1   Thumb Code   138  stm32f4xx_hal_tim.o(i.HAL_TIM_Base_Start_IT)
    HAL_TIM_ConfigClockSource                0x08002a89   Thumb Code   268  stm32f4xx_hal_tim.o(i.HAL_TIM_ConfigClockSource)
    HAL_TIM_IC_CaptureCallback               0x08002b95   Thumb Code     2  stm32f4xx_hal_tim.o(i.HAL_TIM_IC_CaptureCallback)
    HAL_TIM_IRQHandler                       0x08002b97   Thumb Code   406  stm32f4xx_hal_tim.o(i.HAL_TIM_IRQHandler)
    HAL_TIM_OC_DelayElapsedCallback          0x08002d2d   Thumb Code     2  stm32f4xx_hal_tim.o(i.HAL_TIM_OC_DelayElapsedCallback)
    HAL_TIM_PWM_PulseFinishedCallback        0x08002d2f   Thumb Code     2  stm32f4xx_hal_tim.o(i.HAL_TIM_PWM_PulseFinishedCallback)
    HAL_TIM_PeriodElapsedCallback            0x08002d31   Thumb Code    30  bsp_hal.o(i.HAL_TIM_PeriodElapsedCallback)
    HAL_TIM_TriggerCallback                  0x08002d55   Thumb Code     2  stm32f4xx_hal_tim.o(i.HAL_TIM_TriggerCallback)
    HAL_UARTEx_RxEventCallback               0x08002d57   Thumb Code     2  stm32f4xx_hal_uart.o(i.HAL_UARTEx_RxEventCallback)
    HAL_UART_ErrorCallback                   0x08002d59   Thumb Code     2  stm32f4xx_hal_uart.o(i.HAL_UART_ErrorCallback)
    HAL_UART_IRQHandler                      0x08002d5d   Thumb Code   732  stm32f4xx_hal_uart.o(i.HAL_UART_IRQHandler)
    HAL_UART_Init                            0x0800303d   Thumb Code   114  stm32f4xx_hal_uart.o(i.HAL_UART_Init)
    HAL_UART_MspInit                         0x080030b1   Thumb Code   236  usart.o(i.HAL_UART_MspInit)
    HAL_UART_RxCpltCallback                  0x080031c1   Thumb Code     2  stm32f4xx_hal_uart.o(i.HAL_UART_RxCpltCallback)
    HAL_UART_Transmit                        0x080031c3   Thumb Code   210  stm32f4xx_hal_uart.o(i.HAL_UART_Transmit)
    HAL_UART_TxCpltCallback                  0x08003295   Thumb Code     2  stm32f4xx_hal_uart.o(i.HAL_UART_TxCpltCallback)
    HardFault_Handler                        0x08003297   Thumb Code     8  stm32f4xx_it.o(i.HardFault_Handler)
    MX_DMA_Init                              0x080032a1   Thumb Code    52  dma.o(i.MX_DMA_Init)
    MX_GPIO_Init                             0x080032d9   Thumb Code   264  gpio.o(i.MX_GPIO_Init)
    MX_TIM2_Init                             0x080033f1   Thumb Code   106  tim.o(i.MX_TIM2_Init)
    MX_USART2_UART_Init                      0x08003461   Thumb Code    46  usart.o(i.MX_USART2_UART_Init)
    MemManage_Handler                        0x08003499   Thumb Code     8  stm32f4xx_it.o(i.MemManage_Handler)
    NMI_Handler                              0x080034a1   Thumb Code     8  stm32f4xx_it.o(i.NMI_Handler)
    SystemClock_Config                       0x080034b1   Thumb Code   176  bsp_hal.o(i.SystemClock_Config)
    SystemInit                               0x08003569   Thumb Code    24  system_stm32f4xx.o(i.SystemInit)
    TIM1_UP_TIM10_IRQHandler                 0x08003585   Thumb Code    10  stm32f4xx_it.o(i.TIM1_UP_TIM10_IRQHandler)
    TIM2_IRQHandler                          0x08003595   Thumb Code    10  stm32f4xx_it.o(i.TIM2_IRQHandler)
    TIM_Base_SetConfig                       0x080035a5   Thumb Code   170  stm32f4xx_hal_tim.o(i.TIM_Base_SetConfig)
    TIM_ETR_SetConfig                        0x0800367d   Thumb Code    22  stm32f4xx_hal_tim.o(i.TIM_ETR_SetConfig)
    UART4_IRQHandler                         0x080036f3   Thumb Code     2  stm32f4xx_it.o(i.UART4_IRQHandler)
    UART5_IRQHandler                         0x080036f5   Thumb Code     2  stm32f4xx_it.o(i.UART5_IRQHandler)
    USART1_IRQHandler                        0x08003baf   Thumb Code     2  stm32f4xx_it.o(i.USART1_IRQHandler)
    USART2_IRQHandler                        0x08003bb1   Thumb Code    10  stm32f4xx_it.o(i.USART2_IRQHandler)
    USART3_IRQHandler                        0x08003bc1   Thumb Code     2  stm32f4xx_it.o(i.USART3_IRQHandler)
    USART6_IRQHandler                        0x08003bc3   Thumb Code     2  stm32f4xx_it.o(i.USART6_IRQHandler)
    UsageFault_Handler                       0x08003bc5   Thumb Code     8  stm32f4xx_it.o(i.UsageFault_Handler)
    __0printf                                0x08003c5d   Thumb Code    22  printfa.o(i.__0printf)
    __1printf                                0x08003c5d   Thumb Code     0  printfa.o(i.__0printf)
    __2printf                                0x08003c5d   Thumb Code     0  printfa.o(i.__0printf)
    __c89printf                              0x08003c5d   Thumb Code     0  printfa.o(i.__0printf)
    printf                                   0x08003c5d   Thumb Code     0  printfa.o(i.__0printf)
    __0vprintf                               0x08003c7d   Thumb Code     8  printfa.o(i.__0vprintf)
    __1vprintf                               0x08003c7d   Thumb Code     0  printfa.o(i.__0vprintf)
    __2vprintf                               0x08003c7d   Thumb Code     0  printfa.o(i.__0vprintf)
    __c89vprintf                             0x08003c7d   Thumb Code     0  printfa.o(i.__0vprintf)
    vprintf                                  0x08003c7d   Thumb Code     0  printfa.o(i.__0vprintf)
    __scatterload_copy                       0x08003cc5   Thumb Code    14  handlers.o(i.__scatterload_copy)
    __scatterload_null                       0x08003cd3   Thumb Code     2  handlers.o(i.__scatterload_null)
    __scatterload_zeroinit                   0x08003cd5   Thumb Code    14  handlers.o(i.__scatterload_zeroinit)
    _copy_app_to_factory                     0x08004139   Thumb Code    38  app_update_firmware.o(i._copy_app_to_factory)
    _copy_factory_to_app                     0x080041fd   Thumb Code    38  app_update_firmware.o(i._copy_factory_to_app)
    _iap_load_app                            0x0800455d   Thumb Code    46  app.o(i._iap_load_app)
    add_crc32                                0x08004cf5   Thumb Code    40  utils.o(i.add_crc32)
    crc32                                    0x08004d21   Thumb Code    40  utils.o(i.crc32)
    epprom_read_block                        0x08004d4d   Thumb Code    92  app_update_firmware.o(i.epprom_read_block)
    epprom_write_block                       0x08004dc1   Thumb Code    84  app_update_firmware.o(i.epprom_write_block)
    firmware_setting_info_test_send          0x08004e31   Thumb Code     2  app_update_firmware.o(i.firmware_setting_info_test_send)
    fputc                                    0x08004e35   Thumb Code    22  bsp_log.o(i.fputc)
    get_modbus_crc16                         0x08004e51   Thumb Code    22  utils.o(i.get_modbus_crc16)
    main                                     0x08004e6d   Thumb Code    22  main.o(i.main)
    read_uint16_t                            0x08004e83   Thumb Code    14  utils.o(i.read_uint16_t)
    read_uint32_t                            0x08004e91   Thumb Code    12  utils.o(i.read_uint32_t)
    read_uint8_t                             0x08004e9d   Thumb Code    14  utils.o(i.read_uint8_t)
    stm32_flashErase                         0x08004ead   Thumb Code   118  stm32_flash.o(i.stm32_flashErase)
    stm32_flashRead                          0x08004f2d   Thumb Code    40  stm32_flash.o(i.stm32_flashRead)
    stm32_flashWrite_Dire                    0x08004f55   Thumb Code    66  stm32_flash.o(i.stm32_flashWrite_Dire)
    write_uint16_t                           0x08004f9d   Thumb Code    16  utils.o(i.write_uint16_t)
    write_uint32_t                           0x08004fad   Thumb Code    14  utils.o(i.write_uint32_t)
    write_uint8_t                            0x08004fbb   Thumb Code    16  utils.o(i.write_uint8_t)
    AHBPrescTable                            0x08004fd2   Data          16  system_stm32f4xx.o(.constdata)
    APBPrescTable                            0x08004fe2   Data           8  system_stm32f4xx.o(.constdata)
    update_error_content                     0x08004fec   Data         120  app_update_firmware.o(.constdata)
    pnCheckArray                             0x08005064   Data          56  app_update_firmware.o(.constdata)
    Region$$Table$$Base                      0x0800587c   Number         0  anon$$obj.o(Region$$Table)
    Region$$Table$$Limit                     0x0800589c   Number         0  anon$$obj.o(Region$$Table)
    uwTick                                   0x20000000   Data           4  stm32f4xx_hal.o(.data)
    uwTickPrio                               0x20000004   Data           4  stm32f4xx_hal.o(.data)
    uwTickFreq                               0x20000008   Data           1  stm32f4xx_hal.o(.data)
    SystemCoreClock                          0x2000000c   Data           4  system_stm32f4xx.o(.data)
    app_info_erro_str                        0x20000010   Data          46  app.o(.data)
    jump_to_application                      0x20000040   Data           4  app.o(.data)
    app_info_check_str                       0x20000044   Data          37  app_update_firmware.o(.data)
    app_info_success_str                     0x20000069   Data          50  app_update_firmware.o(.data)
    erase_firmware_info_str                  0x2000009b   Data          55  app_update_firmware.o(.data)
    app_file_name_head_str                   0x200000d2   Data           5  app_update_firmware.o(.data)
    local_boot_info                          0x200000d8   Data          12  app_update_firmware.o(.data)
    local_app_info                           0x200000e4   Data          12  app_update_firmware.o(.data)
    local_download_info                      0x200000f0   Data          12  app_update_firmware.o(.data)
    gpio_at24cm1                             0x20000108   Data           8  bsp_at24cm1.o(.data)
    __stdout                                 0x20000110   Data           4  bsp_log.o(.data)
    htim2                                    0x20000130   Data          72  tim.o(.bss)
    huart4                                   0x20000178   Data          68  usart.o(.bss)
    huart5                                   0x200001bc   Data          68  usart.o(.bss)
    huart1                                   0x20000200   Data          68  usart.o(.bss)
    huart2                                   0x20000244   Data          68  usart.o(.bss)
    huart3                                   0x20000288   Data          68  usart.o(.bss)
    huart6                                   0x200002cc   Data          68  usart.o(.bss)
    hdma_uart4_rx                            0x20000310   Data          96  usart.o(.bss)
    hdma_uart5_rx                            0x20000370   Data          96  usart.o(.bss)
    hdma_usart1_rx                           0x200003d0   Data          96  usart.o(.bss)
    hdma_usart2_rx                           0x20000430   Data          96  usart.o(.bss)
    hdma_usart3_rx                           0x20000490   Data          96  usart.o(.bss)
    hdma_usart6_rx                           0x200004f0   Data          96  usart.o(.bss)
    htim1                                    0x20000550   Data          72  stm32f4xx_hal_timebase_tim.o(.bss)
    pFlash                                   0x20000598   Data          32  stm32f4xx_hal_flash.o(.bss)
    app_config_system                        0x200005b8   Data          16  app_update_firmware.o(.bss)
    app_firmware_info                        0x200005c8   Data          20  app_update_firmware.o(.bss)
    download_firmware_info                   0x200005dc   Data          20  app_update_firmware.o(.bss)
    __initial_sp                             0x20000a08   Data           0  startup_stm32f407xx.o(STACK)



==============================================================================

Memory Map of the image

  Image Entry point : 0x08000189

  Load Region LR_IROM1 (Base: 0x08000000, Size: 0x000059cc, Max: 0x00010000, ABSOLUTE, COMPRESSED[0x00005958])

    Execution Region ER_IROM1 (Exec base: 0x08000000, Load base: 0x08000000, Size: 0x0000589c, Max: 0x00010000, ABSOLUTE)

    Exec Addr    Load Addr    Size         Type   Attr      Idx    E Section Name        Object

    0x08000000   0x08000000   0x00000188   Data   RO            3    RESET               startup_stm32f407xx.o
    0x08000188   0x08000188   0x00000000   Code   RO         4445  * .ARM.Collect$$$$00000000  mc_w.l(entry.o)
    0x08000188   0x08000188   0x00000004   Code   RO         4721    .ARM.Collect$$$$00000001  mc_w.l(entry2.o)
    0x0800018c   0x0800018c   0x00000004   Code   RO         4724    .ARM.Collect$$$$00000004  mc_w.l(entry5.o)
    0x08000190   0x08000190   0x00000000   Code   RO         4726    .ARM.Collect$$$$00000008  mc_w.l(entry7b.o)
    0x08000190   0x08000190   0x00000000   Code   RO         4728    .ARM.Collect$$$$0000000A  mc_w.l(entry8b.o)
    0x08000190   0x08000190   0x00000008   Code   RO         4729    .ARM.Collect$$$$0000000B  mc_w.l(entry9a.o)
    0x08000198   0x08000198   0x00000000   Code   RO         4731    .ARM.Collect$$$$0000000D  mc_w.l(entry10a.o)
    0x08000198   0x08000198   0x00000000   Code   RO         4733    .ARM.Collect$$$$0000000F  mc_w.l(entry11a.o)
    0x08000198   0x08000198   0x00000004   Code   RO         4722    .ARM.Collect$$$$00002712  mc_w.l(entry2.o)
    0x0800019c   0x0800019c   0x00000024   Code   RO            4    .text               startup_stm32f407xx.o
    0x080001c0   0x080001c0   0x00000062   Code   RO         4448    .text               mc_w.l(uldiv.o)
    0x08000222   0x08000222   0x00000024   Code   RO         4450    .text               mc_w.l(memcpya.o)
    0x08000246   0x08000246   0x00000024   Code   RO         4452    .text               mc_w.l(memseta.o)
    0x0800026a   0x0800026a   0x00000024   Code   RO         4454    .text               mc_w.l(strstr.o)
    0x0800028e   0x0800028e   0x0000000e   Code   RO         4456    .text               mc_w.l(strlen.o)
    0x0800029c   0x0800029c   0x0000002c   Code   RO         4735    .text               mc_w.l(uidiv.o)
    0x080002c8   0x080002c8   0x0000001e   Code   RO         4737    .text               mc_w.l(llshl.o)
    0x080002e6   0x080002e6   0x00000020   Code   RO         4739    .text               mc_w.l(llushr.o)
    0x08000306   0x08000306   0x00000000   Code   RO         4741    .text               mc_w.l(iusefp.o)
    0x08000306   0x08000306   0x000000e4   Code   RO         4744    .text               mf_w.l(dmul.o)
    0x080003ea   0x080003ea   0x00000004   Code   RO         3659    i.BSP_LOG_init      bsp_log.o
    0x080003ee   0x080003ee   0x00000012   Code   RO         3745    i.BSP_MCU_reset     bsp_mcu.o
    0x08000400   0x08000400   0x00000040   Data   RO         3104    .ARM.__AT_0x08000400  app.o
    0x08000440   0x08000440   0x00000040   Data   RO         3105    .ARM.__AT_0x08000440  app.o
    0x08000480   0x08000480   0x0000014e   Code   RO         4742    .text               mf_w.l(dadd.o)
    0x080005ce   0x080005ce   0x000000de   Code   RO         4746    .text               mf_w.l(ddiv.o)
    0x080006ac   0x080006ac   0x00000030   Code   RO         4748    .text               mf_w.l(dfixul.o)
    0x080006dc   0x080006dc   0x00000030   Code   RO         4750    .text               mf_w.l(cdrcmple.o)
    0x0800070c   0x0800070c   0x00000024   Code   RO         4752    .text               mc_w.l(init.o)
    0x08000730   0x08000730   0x00000024   Code   RO         4754    .text               mc_w.l(llsshr.o)
    0x08000754   0x08000754   0x000000ba   Code   RO         4756    .text               mf_w.l(depilogue.o)
    0x0800080e   0x0800080e   0x00000056   Code   RO         4766    .text               mc_w.l(__dczerorl2.o)
    0x08000864   0x08000864   0x00000044   Code   RO         3202    i.APP_CONFIG_app_firmware_info_recovery  app_update_firmware.o
    0x080008a8   0x080008a8   0x00000024   Code   RO         3203    i.APP_CONFIG_app_firmware_update_fail  app_update_firmware.o
    0x080008cc   0x080008cc   0x00000040   Code   RO         3205    i.APP_CONFIG_download_firmware_info_recovery  app_update_firmware.o
    0x0800090c   0x0800090c   0x0000001c   Code   RO         3206    i.APP_CONFIG_firmware_check_info_valid  app_update_firmware.o
    0x08000928   0x08000928   0x0000002c   Code   RO         3209    i.APP_CONFIG_firmware_setting_info_init  app_update_firmware.o
    0x08000954   0x08000954   0x0000003c   Code   RO         3210    i.APP_CONFIG_firmware_setting_info_load  app_update_firmware.o
    0x08000990   0x08000990   0x00000030   Code   RO         3211    i.APP_CONFIG_firmware_setting_info_overwrite  app_update_firmware.o
    0x080009c0   0x080009c0   0x0000006e   Code   RO         3212    i.APP_CONFIG_firmware_setting_info_read  app_update_firmware.o
    0x08000a2e   0x08000a2e   0x00000062   Code   RO         3213    i.APP_CONFIG_firmware_setting_info_write  app_update_firmware.o
    0x08000a90   0x08000a90   0x00000040   Code   RO         3101    i.APP_FILEINFO_SHOW  app.o
    0x08000ad0   0x08000ad0   0x0000007c   Code   RO         3102    i.APP_MAIN          app.o
    0x08000b4c   0x08000b4c   0x0000001c   Code   RO         3594    i.APP_TASK_run_per_second_ISR  bsp_hal.o
    0x08000b68   0x08000b68   0x00000070   Code   RO         3221    i.APP_UPDATE_FIRMWARE_check_file  app_update_firmware.o
    0x08000bd8   0x08000bd8   0x00000048   Code   RO         3222    i.APP_UPDATE_FIRMWARE_factory_check  app_update_firmware.o
    0x08000c20   0x08000c20   0x0000004c   Code   RO         3223    i.APP_UPDATE_FIRMWARE_showErrorTypeContent  app_update_firmware.o
    0x08000c6c   0x08000c6c   0x00000040   Code   RO         3510    i.BSP_AT24CM1_read_bytes  bsp_at24cm1.o
    0x08000cac   0x08000cac   0x00000048   Code   RO         3512    i.BSP_AT24CM1_write_bytes  bsp_at24cm1.o
    0x08000cf4   0x08000cf4   0x00000026   Code   RO         3554    i.BSP_GPIO_set_pin_as_input  bsp_gpio.o
    0x08000d1a   0x08000d1a   0x0000002e   Code   RO         3555    i.BSP_GPIO_set_pin_as_output  bsp_gpio.o
    0x08000d48   0x08000d48   0x00000030   Code   RO         3595    i.BSP_HAL_init      bsp_hal.o
    0x08000d78   0x08000d78   0x00000028   Code   RO         3660    i.BSP_LOG_level_show  bsp_log.o
    0x08000da0   0x08000da0   0x00000024   Code   RO         3661    i.BSP_LOG_print     bsp_log.o
    0x08000dc4   0x08000dc4   0x00000030   Code   RO         3662    i.BSP_LOG_print_hex  bsp_log.o
    0x08000df4   0x08000df4   0x00000030   Code   RO         3746    i.BSP_MCU_run_led_flash  bsp_mcu.o
    0x08000e24   0x08000e24   0x0000001c   Code   RO         3779    i.BSP_WDG_Timer_init  bsp_wdg.o
    0x08000e40   0x08000e40   0x00000002   Code   RO         3780    i.BSP_WDG_feed      bsp_wdg.o
    0x08000e42   0x08000e42   0x00000002   Code   RO         3781    i.BSP_WDG_init      bsp_wdg.o
    0x08000e44   0x08000e44   0x00000002   Code   RO         3782    i.BSP_WDG_stop      bsp_wdg.o
    0x08000e46   0x08000e46   0x00000008   Code   RO          338    i.BusFault_Handler  stm32f4xx_it.o
    0x08000e4e   0x08000e4e   0x00000002   Code   RO          339    i.DMA1_Stream0_IRQHandler  stm32f4xx_it.o
    0x08000e50   0x08000e50   0x00000002   Code   RO          340    i.DMA1_Stream1_IRQHandler  stm32f4xx_it.o
    0x08000e52   0x08000e52   0x00000002   Code   RO          341    i.DMA1_Stream2_IRQHandler  stm32f4xx_it.o
    0x08000e54   0x08000e54   0x00000010   Code   RO          342    i.DMA1_Stream5_IRQHandler  stm32f4xx_it.o
    0x08000e64   0x08000e64   0x00000002   Code   RO          343    i.DMA2_Stream1_IRQHandler  stm32f4xx_it.o
    0x08000e66   0x08000e66   0x00000002   Code   RO          344    i.DMA2_Stream2_IRQHandler  stm32f4xx_it.o
    0x08000e68   0x08000e68   0x00000034   Code   RO         1059    i.DMA_CalcBaseAndBitshift  stm32f4xx_hal_dma.o
    0x08000e9c   0x08000e9c   0x000000aa   Code   RO         1060    i.DMA_CheckFifoParam  stm32f4xx_hal_dma.o
    0x08000f46   0x08000f46   0x00000002   PAD
    0x08000f48   0x08000f48   0x00000030   Code   RO         3884    i.DWT_delay         dwt_delay.o
    0x08000f78   0x08000f78   0x00000050   Code   RO         3885    i.DWT_init          dwt_delay.o
    0x08000fc8   0x08000fc8   0x00000002   Code   RO          345    i.DebugMon_Handler  stm32f4xx_it.o
    0x08000fca   0x08000fca   0x00000002   Code   RO          346    i.EXTI15_10_IRQHandler  stm32f4xx_it.o
    0x08000fcc   0x08000fcc   0x00000002   Code   RO          347    i.EXTI1_IRQHandler  stm32f4xx_it.o
    0x08000fce   0x08000fce   0x00000002   Code   RO         3596    i.Error_Handler     bsp_hal.o
    0x08000fd0   0x08000fd0   0x0000005c   Code   RO          829    i.FLASH_Erase_Sector  stm32f4xx_hal_flash_ex.o
    0x0800102c   0x0800102c   0x00000078   Code   RO          830    i.FLASH_FlushCaches  stm32f4xx_hal_flash_ex.o
    0x080010a4   0x080010a4   0x00000030   Code   RO          831    i.FLASH_MassErase   stm32f4xx_hal_flash_ex.o
    0x080010d4   0x080010d4   0x00000024   Code   RO          711    i.FLASH_Program_Byte  stm32f4xx_hal_flash.o
    0x080010f8   0x080010f8   0x0000003c   Code   RO          712    i.FLASH_Program_DoubleWord  stm32f4xx_hal_flash.o
    0x08001134   0x08001134   0x00000028   Code   RO          713    i.FLASH_Program_HalfWord  stm32f4xx_hal_flash.o
    0x0800115c   0x0800115c   0x00000028   Code   RO          714    i.FLASH_Program_Word  stm32f4xx_hal_flash.o
    0x08001184   0x08001184   0x00000098   Code   RO          715    i.FLASH_SetErrorCode  stm32f4xx_hal_flash.o
    0x0800121c   0x0800121c   0x00000064   Code   RO          716    i.FLASH_WaitForLastOperation  stm32f4xx_hal_flash.o
    0x08001280   0x08001280   0x000000ae   Code   RO         4257    i.GPIO_IIC_AT24CXX_read_bytes  gpio_at24cxx.o
    0x0800132e   0x0800132e   0x0000008e   Code   RO         4260    i.GPIO_IIC_AT24CXX_write_bytes  gpio_at24cxx.o
    0x080013bc   0x080013bc   0x00000042   Code   RO         4314    i.GPIO_IIC_ack      gpio_iic.o
    0x080013fe   0x080013fe   0x00000042   Code   RO         4315    i.GPIO_IIC_nack     gpio_iic.o
    0x08001440   0x08001440   0x00000082   Code   RO         4316    i.GPIO_IIC_read_byte  gpio_iic.o
    0x080014c2   0x080014c2   0x00000072   Code   RO         4317    i.GPIO_IIC_send_byte  gpio_iic.o
    0x08001534   0x08001534   0x0000003e   Code   RO         4318    i.GPIO_IIC_start    gpio_iic.o
    0x08001572   0x08001572   0x0000003e   Code   RO         4319    i.GPIO_IIC_stop     gpio_iic.o
    0x080015b0   0x080015b0   0x00000058   Code   RO         4320    i.GPIO_IIC_wait_ack  gpio_iic.o
    0x08001608   0x08001608   0x000000e4   Code   RO         4374    i.GetSector         stm32_flash.o
    0x080016ec   0x080016ec   0x00000026   Code   RO         4375    i.GetSectorSize     stm32_flash.o
    0x08001712   0x08001712   0x000000ac   Code   RO         1062    i.HAL_DMA_Abort     stm32f4xx_hal_dma.o
    0x080017be   0x080017be   0x00000028   Code   RO         1063    i.HAL_DMA_Abort_IT  stm32f4xx_hal_dma.o
    0x080017e6   0x080017e6   0x00000002   PAD
    0x080017e8   0x080017e8   0x00000240   Code   RO         1067    i.HAL_DMA_IRQHandler  stm32f4xx_hal_dma.o
    0x08001a28   0x08001a28   0x000000ec   Code   RO         1068    i.HAL_DMA_Init      stm32f4xx_hal_dma.o
    0x08001b14   0x08001b14   0x00000028   Code   RO         1486    i.HAL_Delay         stm32f4xx_hal.o
    0x08001b3c   0x08001b3c   0x000000ac   Code   RO          841    i.HAL_FLASHEx_Erase  stm32f4xx_hal_flash_ex.o
    0x08001be8   0x08001be8   0x00000014   Code   RO          720    i.HAL_FLASH_Lock    stm32f4xx_hal_flash.o
    0x08001bfc   0x08001bfc   0x00000098   Code   RO          725    i.HAL_FLASH_Program  stm32f4xx_hal_flash.o
    0x08001c94   0x08001c94   0x00000034   Code   RO          727    i.HAL_FLASH_Unlock  stm32f4xx_hal_flash.o
    0x08001cc8   0x08001cc8   0x000001f0   Code   RO          955    i.HAL_GPIO_Init     stm32f4xx_hal_gpio.o
    0x08001eb8   0x08001eb8   0x00000010   Code   RO          957    i.HAL_GPIO_ReadPin  stm32f4xx_hal_gpio.o
    0x08001ec8   0x08001ec8   0x0000000c   Code   RO          959    i.HAL_GPIO_WritePin  stm32f4xx_hal_gpio.o
    0x08001ed4   0x08001ed4   0x0000000c   Code   RO         1492    i.HAL_GetTick       stm32f4xx_hal.o
    0x08001ee0   0x08001ee0   0x00000018   Code   RO         1498    i.HAL_IncTick       stm32f4xx_hal.o
    0x08001ef8   0x08001ef8   0x0000003c   Code   RO         1499    i.HAL_Init          stm32f4xx_hal.o
    0x08001f34   0x08001f34   0x0000008c   Code   RO          516    i.HAL_InitTick      stm32f4xx_hal_timebase_tim.o
    0x08001fc0   0x08001fc0   0x00000054   Code   RO          492    i.HAL_MspInit       stm32f4xx_hal_msp.o
    0x08002014   0x08002014   0x00000020   Code   RO         1344    i.HAL_NVIC_EnableIRQ  stm32f4xx_hal_cortex.o
    0x08002034   0x08002034   0x0000007c   Code   RO         1350    i.HAL_NVIC_SetPriority  stm32f4xx_hal_cortex.o
    0x080020b0   0x080020b0   0x00000028   Code   RO         1351    i.HAL_NVIC_SetPriorityGrouping  stm32f4xx_hal_cortex.o
    0x080020d8   0x080020d8   0x00000044   Code   RO         1352    i.HAL_NVIC_SystemReset  stm32f4xx_hal_cortex.o
    0x0800211c   0x0800211c   0x00000184   Code   RO          556    i.HAL_RCC_ClockConfig  stm32f4xx_hal_rcc.o
    0x080022a0   0x080022a0   0x00000044   Code   RO          560    i.HAL_RCC_GetClockConfig  stm32f4xx_hal_rcc.o
    0x080022e4   0x080022e4   0x0000000c   Code   RO          561    i.HAL_RCC_GetHCLKFreq  stm32f4xx_hal_rcc.o
    0x080022f0   0x080022f0   0x00000020   Code   RO          563    i.HAL_RCC_GetPCLK1Freq  stm32f4xx_hal_rcc.o
    0x08002310   0x08002310   0x00000020   Code   RO          564    i.HAL_RCC_GetPCLK2Freq  stm32f4xx_hal_rcc.o
    0x08002330   0x08002330   0x000000b0   Code   RO          565    i.HAL_RCC_GetSysClockFreq  stm32f4xx_hal_rcc.o
    0x080023e0   0x080023e0   0x0000049c   Code   RO          568    i.HAL_RCC_OscConfig  stm32f4xx_hal_rcc.o
    0x0800287c   0x0800287c   0x00000002   Code   RO         2430    i.HAL_TIMEx_BreakCallback  stm32f4xx_hal_tim_ex.o
    0x0800287e   0x0800287e   0x00000002   Code   RO         2431    i.HAL_TIMEx_CommutCallback  stm32f4xx_hal_tim_ex.o
    0x08002880   0x08002880   0x000000b4   Code   RO         2449    i.HAL_TIMEx_MasterConfigSynchronization  stm32f4xx_hal_tim_ex.o
    0x08002934   0x08002934   0x00000066   Code   RO         1715    i.HAL_TIM_Base_Init  stm32f4xx_hal_tim.o
    0x0800299a   0x0800299a   0x00000002   PAD
    0x0800299c   0x0800299c   0x00000044   Code   RO          225    i.HAL_TIM_Base_MspInit  tim.o
    0x080029e0   0x080029e0   0x000000a8   Code   RO         1720    i.HAL_TIM_Base_Start_IT  stm32f4xx_hal_tim.o
    0x08002a88   0x08002a88   0x0000010c   Code   RO         1724    i.HAL_TIM_ConfigClockSource  stm32f4xx_hal_tim.o
    0x08002b94   0x08002b94   0x00000002   Code   RO         1749    i.HAL_TIM_IC_CaptureCallback  stm32f4xx_hal_tim.o
    0x08002b96   0x08002b96   0x00000196   Code   RO         1763    i.HAL_TIM_IRQHandler  stm32f4xx_hal_tim.o
    0x08002d2c   0x08002d2c   0x00000002   Code   RO         1766    i.HAL_TIM_OC_DelayElapsedCallback  stm32f4xx_hal_tim.o
    0x08002d2e   0x08002d2e   0x00000002   Code   RO         1793    i.HAL_TIM_PWM_PulseFinishedCallback  stm32f4xx_hal_tim.o
    0x08002d30   0x08002d30   0x00000024   Code   RO         3598    i.HAL_TIM_PeriodElapsedCallback  bsp_hal.o
    0x08002d54   0x08002d54   0x00000002   Code   RO         1806    i.HAL_TIM_TriggerCallback  stm32f4xx_hal_tim.o
    0x08002d56   0x08002d56   0x00000002   Code   RO         2708    i.HAL_UARTEx_RxEventCallback  stm32f4xx_hal_uart.o
    0x08002d58   0x08002d58   0x00000002   Code   RO         2722    i.HAL_UART_ErrorCallback  stm32f4xx_hal_uart.o
    0x08002d5a   0x08002d5a   0x00000002   PAD
    0x08002d5c   0x08002d5c   0x000002e0   Code   RO         2725    i.HAL_UART_IRQHandler  stm32f4xx_hal_uart.o
    0x0800303c   0x0800303c   0x00000072   Code   RO         2726    i.HAL_UART_Init     stm32f4xx_hal_uart.o
    0x080030ae   0x080030ae   0x00000002   PAD
    0x080030b0   0x080030b0   0x00000110   Code   RO          267    i.HAL_UART_MspInit  usart.o
    0x080031c0   0x080031c0   0x00000002   Code   RO         2732    i.HAL_UART_RxCpltCallback  stm32f4xx_hal_uart.o
    0x080031c2   0x080031c2   0x000000d2   Code   RO         2734    i.HAL_UART_Transmit  stm32f4xx_hal_uart.o
    0x08003294   0x08003294   0x00000002   Code   RO         2737    i.HAL_UART_TxCpltCallback  stm32f4xx_hal_uart.o
    0x08003296   0x08003296   0x00000008   Code   RO          348    i.HardFault_Handler  stm32f4xx_it.o
    0x0800329e   0x0800329e   0x00000002   PAD
    0x080032a0   0x080032a0   0x00000038   Code   RO          167    i.MX_DMA_Init       dma.o
    0x080032d8   0x080032d8   0x00000118   Code   RO          140    i.MX_GPIO_Init      gpio.o
    0x080033f0   0x080033f0   0x00000070   Code   RO          226    i.MX_TIM2_Init      tim.o
    0x08003460   0x08003460   0x00000038   Code   RO          271    i.MX_USART2_UART_Init  usart.o
    0x08003498   0x08003498   0x00000008   Code   RO          349    i.MemManage_Handler  stm32f4xx_it.o
    0x080034a0   0x080034a0   0x00000008   Code   RO          350    i.NMI_Handler       stm32f4xx_it.o
    0x080034a8   0x080034a8   0x00000006   Code   RO         4377    i.STMFLASH_ReadWord  stm32_flash.o
    0x080034ae   0x080034ae   0x00000002   PAD
    0x080034b0   0x080034b0   0x000000b8   Code   RO         3599    i.SystemClock_Config  bsp_hal.o
    0x08003568   0x08003568   0x0000001c   Code   RO         3065    i.SystemInit        system_stm32f4xx.o
    0x08003584   0x08003584   0x00000010   Code   RO          351    i.TIM1_UP_TIM10_IRQHandler  stm32f4xx_it.o
    0x08003594   0x08003594   0x00000010   Code   RO          352    i.TIM2_IRQHandler   stm32f4xx_it.o
    0x080035a4   0x080035a4   0x000000d8   Code   RO         1808    i.TIM_Base_SetConfig  stm32f4xx_hal_tim.o
    0x0800367c   0x0800367c   0x00000016   Code   RO         1819    i.TIM_ETR_SetConfig  stm32f4xx_hal_tim.o
    0x08003692   0x08003692   0x00000012   Code   RO         1820    i.TIM_ITRx_SetConfig  stm32f4xx_hal_tim.o
    0x080036a4   0x080036a4   0x00000026   Code   RO         1826    i.TIM_TI1_ConfigInputStage  stm32f4xx_hal_tim.o
    0x080036ca   0x080036ca   0x00000028   Code   RO         1828    i.TIM_TI2_ConfigInputStage  stm32f4xx_hal_tim.o
    0x080036f2   0x080036f2   0x00000002   Code   RO          353    i.UART4_IRQHandler  stm32f4xx_it.o
    0x080036f4   0x080036f4   0x00000002   Code   RO          354    i.UART5_IRQHandler  stm32f4xx_it.o
    0x080036f6   0x080036f6   0x00000014   Code   RO         2739    i.UART_DMAAbortOnError  stm32f4xx_hal_uart.o
    0x0800370a   0x0800370a   0x0000006c   Code   RO         2749    i.UART_EndRxTransfer  stm32f4xx_hal_uart.o
    0x08003776   0x08003776   0x00000020   Code   RO         2750    i.UART_EndTransmit_IT  stm32f4xx_hal_uart.o
    0x08003796   0x08003796   0x000000f8   Code   RO         2752    i.UART_Receive_IT   stm32f4xx_hal_uart.o
    0x0800388e   0x0800388e   0x00000002   PAD
    0x08003890   0x08003890   0x0000022c   Code   RO         2753    i.UART_SetConfig    stm32f4xx_hal_uart.o
    0x08003abc   0x08003abc   0x00000060   Code   RO         2756    i.UART_Transmit_IT  stm32f4xx_hal_uart.o
    0x08003b1c   0x08003b1c   0x00000092   Code   RO         2757    i.UART_WaitOnFlagUntilTimeout  stm32f4xx_hal_uart.o
    0x08003bae   0x08003bae   0x00000002   Code   RO          355    i.USART1_IRQHandler  stm32f4xx_it.o
    0x08003bb0   0x08003bb0   0x00000010   Code   RO          356    i.USART2_IRQHandler  stm32f4xx_it.o
    0x08003bc0   0x08003bc0   0x00000002   Code   RO          357    i.USART3_IRQHandler  stm32f4xx_it.o
    0x08003bc2   0x08003bc2   0x00000002   Code   RO          358    i.USART6_IRQHandler  stm32f4xx_it.o
    0x08003bc4   0x08003bc4   0x00000008   Code   RO          359    i.UsageFault_Handler  stm32f4xx_it.o
    0x08003bcc   0x08003bcc   0x00000090   Code   RO         4261    i._GPIO_IIC_AT24CXX_send_address  gpio_at24cxx.o
    0x08003c5c   0x08003c5c   0x00000020   Code   RO         4693    i.__0printf         mc_w.l(printfa.o)
    0x08003c7c   0x08003c7c   0x00000010   Code   RO         4697    i.__0vprintf        mc_w.l(printfa.o)
    0x08003c8c   0x08003c8c   0x00000010   Code   RO         1357    i.__NVIC_GetPriorityGrouping  stm32f4xx_hal_cortex.o
    0x08003c9c   0x08003c9c   0x00000028   Code   RO         1358    i.__NVIC_SetPriority  stm32f4xx_hal_cortex.o
    0x08003cc4   0x08003cc4   0x0000000e   Code   RO         4760    i.__scatterload_copy  mc_w.l(handlers.o)
    0x08003cd2   0x08003cd2   0x00000002   Code   RO         4761    i.__scatterload_null  mc_w.l(handlers.o)
    0x08003cd4   0x08003cd4   0x0000000e   Code   RO         4762    i.__scatterload_zeroinit  mc_w.l(handlers.o)
    0x08003ce2   0x08003ce2   0x00000002   PAD
    0x08003ce4   0x08003ce4   0x000000e4   Code   RO         3224    i._app_info_check   app_update_firmware.o
    0x08003dc8   0x08003dc8   0x0000001e   Code   RO         3226    i._app_para_init    app_update_firmware.o
    0x08003de6   0x08003de6   0x00000002   PAD
    0x08003de8   0x08003de8   0x000000cc   Code   RO         3227    i._check_app_factory_exit  app_update_firmware.o
    0x08003eb4   0x08003eb4   0x00000118   Code   RO         3228    i._check_app_update_info  app_update_firmware.o
    0x08003fcc   0x08003fcc   0x00000024   Code   RO         3229    i._check_block_crc  app_update_firmware.o
    0x08003ff0   0x08003ff0   0x0000006a   Code   RO         4262    i._check_busy       gpio_at24cxx.o
    0x0800405a   0x0800405a   0x00000002   PAD
    0x0800405c   0x0800405c   0x000000a4   Code   RO         3231    i._check_download_firmware_integrity  app_update_firmware.o
    0x08004100   0x08004100   0x00000036   Code   RO         3232    i._check_two_block_crc  app_update_firmware.o
    0x08004136   0x08004136   0x00000002   PAD
    0x08004138   0x08004138   0x00000078   Code   RO         3233    i._copy_app_to_factory  app_update_firmware.o
    0x080041b0   0x080041b0   0x0000004c   Code   RO         3234    i._copy_download_to_app  app_update_firmware.o
    0x080041fc   0x080041fc   0x00000078   Code   RO         3235    i._copy_factory_to_app  app_update_firmware.o
    0x08004274   0x08004274   0x00000046   Code   RO         3236    i._firmware_info_deserialize  app_update_firmware.o
    0x080042ba   0x080042ba   0x00000012   Code   RO         3237    i._firmware_info_init  app_update_firmware.o
    0x080042cc   0x080042cc   0x00000046   Code   RO         3238    i._firmware_info_serialize  app_update_firmware.o
    0x08004312   0x08004312   0x00000002   PAD
    0x08004314   0x08004314   0x00000044   Code   RO         3239    i._flash_earse_download  app_update_firmware.o
    0x08004358   0x08004358   0x00000026   Code   RO         3240    i._flash_write_dire_flash  app_update_firmware.o
    0x0800437e   0x0800437e   0x00000036   Code   RO         3241    i._flash_write_flash  app_update_firmware.o
    0x080043b4   0x080043b4   0x00000184   Code   RO         4700    i._fp_digits        mc_w.l(printfa.o)
    0x08004538   0x08004538   0x00000022   Code   RO         3911    i._get_crc16        utils.o
    0x0800455a   0x0800455a   0x00000002   PAD
    0x0800455c   0x0800455c   0x00000058   Code   RO         3103    i._iap_load_app     app.o
    0x080045b4   0x080045b4   0x000006dc   Code   RO         4701    i._printf_core      mc_w.l(printfa.o)
    0x08004c90   0x08004c90   0x00000024   Code   RO         4702    i._printf_post_padding  mc_w.l(printfa.o)
    0x08004cb4   0x08004cb4   0x0000002e   Code   RO         4703    i._printf_pre_padding  mc_w.l(printfa.o)
    0x08004ce2   0x08004ce2   0x00000012   Code   RO         3242    i._recovery_to_factory  app_update_firmware.o
    0x08004cf4   0x08004cf4   0x0000002c   Code   RO         3914    i.add_crc32         utils.o
    0x08004d20   0x08004d20   0x0000002c   Code   RO         3916    i.crc32             utils.o
    0x08004d4c   0x08004d4c   0x00000074   Code   RO         3246    i.epprom_read_block  app_update_firmware.o
    0x08004dc0   0x08004dc0   0x00000070   Code   RO         3247    i.epprom_write_block  app_update_firmware.o
    0x08004e30   0x08004e30   0x00000002   Code   RO         3249    i.firmware_setting_info_test_send  app_update_firmware.o
    0x08004e32   0x08004e32   0x00000002   PAD
    0x08004e34   0x08004e34   0x0000001c   Code   RO         3666    i.fputc             bsp_log.o
    0x08004e50   0x08004e50   0x0000001c   Code   RO         3930    i.get_modbus_crc16  utils.o
    0x08004e6c   0x08004e6c   0x00000016   Code   RO           13    i.main              main.o
    0x08004e82   0x08004e82   0x0000000e   Code   RO         3942    i.read_uint16_t     utils.o
    0x08004e90   0x08004e90   0x0000000c   Code   RO         3944    i.read_uint32_t     utils.o
    0x08004e9c   0x08004e9c   0x0000000e   Code   RO         3946    i.read_uint8_t      utils.o
    0x08004eaa   0x08004eaa   0x00000002   PAD
    0x08004eac   0x08004eac   0x00000080   Code   RO         4378    i.stm32_flashErase  stm32_flash.o
    0x08004f2c   0x08004f2c   0x00000028   Code   RO         4379    i.stm32_flashRead   stm32_flash.o
    0x08004f54   0x08004f54   0x00000048   Code   RO         4381    i.stm32_flashWrite_Dire  stm32_flash.o
    0x08004f9c   0x08004f9c   0x00000010   Code   RO         3960    i.write_uint16_t    utils.o
    0x08004fac   0x08004fac   0x0000000e   Code   RO         3962    i.write_uint32_t    utils.o
    0x08004fba   0x08004fba   0x00000010   Code   RO         3964    i.write_uint8_t     utils.o
    0x08004fca   0x08004fca   0x00000008   Data   RO         1074    .constdata          stm32f4xx_hal_dma.o
    0x08004fd2   0x08004fd2   0x00000018   Data   RO         3066    .constdata          system_stm32f4xx.o
    0x08004fea   0x08004fea   0x00000002   PAD
    0x08004fec   0x08004fec   0x000000b0   Data   RO         3251    .constdata          app_update_firmware.o
    0x0800509c   0x0800509c   0x00000600   Data   RO         3966    .constdata          utils.o
    0x0800569c   0x0800569c   0x000001ad   Data   RO         3252    .conststring        app_update_firmware.o
    0x08005849   0x08005849   0x00000003   PAD
    0x0800584c   0x0800584c   0x0000002e   Data   RO         3667    .conststring        bsp_log.o
    0x0800587a   0x0800587a   0x00000002   PAD
    0x0800587c   0x0800587c   0x00000020   Data   RO         4758    Region$$Table       anon$$obj.o


    Execution Region RW_IRAM2 (Exec base: 0x10000000, Load base: 0x08005958, Size: 0x00000000, Max: 0x00010000, ABSOLUTE)

    **** No section assigned to this execution region ****


    Execution Region RW_IRAM1 (Exec base: 0x20000000, Load base: 0x0800589c, Size: 0x00000a08, Max: 0x00020000, ABSOLUTE, COMPRESSED[0x000000bc])

    Exec Addr    Load Addr    Size         Type   Attr      Idx    E Section Name        Object

    0x20000000   COMPRESSED   0x00000009   Data   RW         1506    .data               stm32f4xx_hal.o
    0x20000009   COMPRESSED   0x00000003   PAD
    0x2000000c   COMPRESSED   0x00000004   Data   RW         3067    .data               system_stm32f4xx.o
    0x20000010   COMPRESSED   0x00000034   Data   RW         3106    .data               app.o
    0x20000044   COMPRESSED   0x000000b8   Data   RW         3253    .data               app_update_firmware.o
    0x200000fc   COMPRESSED   0x00000014   Data   RW         3513    .data               bsp_at24cm1.o
    0x20000110   COMPRESSED   0x0000001c   Data   RW         3668    .data               bsp_log.o
    0x2000012c   COMPRESSED   0x00000001   Data   RW         3747    .data               bsp_mcu.o
    0x2000012d   COMPRESSED   0x00000003   PAD
    0x20000130        -       0x00000048   Zero   RW          227    .bss                tim.o
    0x20000178        -       0x000003d8   Zero   RW          274    .bss                usart.o
    0x20000550        -       0x00000048   Zero   RW          519    .bss                stm32f4xx_hal_timebase_tim.o
    0x20000598        -       0x00000020   Zero   RW          728    .bss                stm32f4xx_hal_flash.o
    0x200005b8        -       0x00000038   Zero   RW         3250    .bss                app_update_firmware.o
    0x200005f0        -       0x00000014   Zero   RW         4382    .bss                stm32_flash.o
    0x20000604   COMPRESSED   0x00000004   PAD
    0x20000608        -       0x00000400   Zero   RW            1    STACK               startup_stm32f407xx.o


==============================================================================

Image component sizes


      Code (inc. data)   RO Data    RW Data    ZI Data      Debug   Object Name

       276        108        128         52          0      10632   app.o
      2694        504        605        184         56      25338   app_update_firmware.o
       136         10          0         20          0       2170   bsp_at24cm1.o
        84          0          0          0          0       1525   bsp_gpio.o
       298         26          0          0          0       3282   bsp_hal.o
       156         34         46         28          0       5338   bsp_log.o
        66         10          0          1          0       6268   bsp_mcu.o
        34          6          0          0          0       1782   bsp_wdg.o
        56          4          0          0          0        774   dma.o
       128         24          0          0          0       1103   dwt_delay.o
       280         16          0          0          0       1091   gpio.o
       566          0          0          0          0       3829   gpio_at24cxx.o
       588          0          0          0          0       5566   gpio_iic.o
        22          0          0          0          0     698635   main.o
        36          8        392          0       1024        840   startup_stm32f407xx.o
       512         62          0          0         20       4897   stm32_flash.o
       136         24          0          9          0       8758   stm32f4xx_hal.o
       320         30          0          0          0      34357   stm32f4xx_hal_cortex.o
      1246         16          8          0          0       5407   stm32f4xx_hal_dma.o
       652         64          0          0         32       6030   stm32f4xx_hal_flash.o
       432         26          0          0          0       3282   stm32f4xx_hal_flash_ex.o
       524         44          0          0          0       2807   stm32f4xx_hal_gpio.o
        84          6          0          0          0        870   stm32f4xx_hal_msp.o
      1888         94          0          0          0       6313   stm32f4xx_hal_rcc.o
      1286         76          0          0          0       9763   stm32f4xx_hal_tim.o
       184         30          0          0          0       2517   stm32f4xx_hal_tim_ex.o
       140         18          0          0         72       1487   stm32f4xx_hal_timebase_tim.o
      2274         14          0          0          0      11672   stm32f4xx_hal_uart.o
       130         24          0          0          0      10650   stm32f4xx_it.o
        28          4         24          4          0       1215   system_stm32f4xx.o
       180         12          0          0         72       1706   tim.o
       328         46          0          0        984       2225   usart.o
       236         14       1536          0          0       9604   utils.o

    ----------------------------------------------------------------------
     16030       1354       2778        304       2264     891733   Object Totals
         0          0         32          0          0          0   (incl. Generated)
        30          0          7          6          4          0   (incl. Padding)

    ----------------------------------------------------------------------

      Code (inc. data)   RO Data    RW Data    ZI Data      Debug   Library Member Name

        86          0          0          0          0          0   __dczerorl2.o
         0          0          0          0          0          0   entry.o
         0          0          0          0          0          0   entry10a.o
         0          0          0          0          0          0   entry11a.o
         8          4          0          0          0          0   entry2.o
         4          0          0          0          0          0   entry5.o
         0          0          0          0          0          0   entry7b.o
         0          0          0          0          0          0   entry8b.o
         8          4          0          0          0          0   entry9a.o
        30          0          0          0          0          0   handlers.o
        36          8          0          0          0         68   init.o
         0          0          0          0          0          0   iusefp.o
        30          0          0          0          0         68   llshl.o
        36          0          0          0          0         68   llsshr.o
        32          0          0          0          0         68   llushr.o
        36          0          0          0          0         68   memcpya.o
        36          0          0          0          0        108   memseta.o
      2274         98          0          0          0        520   printfa.o
        14          0          0          0          0         68   strlen.o
        36          0          0          0          0         80   strstr.o
        44          0          0          0          0         80   uidiv.o
        98          0          0          0          0         92   uldiv.o
        48          0          0          0          0         68   cdrcmple.o
       334          0          0          0          0        148   dadd.o
       222          0          0          0          0        100   ddiv.o
       186          0          0          0          0        176   depilogue.o
        48          0          0          0          0         68   dfixul.o
       228          0          0          0          0         96   dmul.o

    ----------------------------------------------------------------------
      3876        114          0          0          0       1944   Library Totals
         2          0          0          0          0          0   (incl. Padding)

    ----------------------------------------------------------------------

      Code (inc. data)   RO Data    RW Data    ZI Data      Debug   Library Name

      2808        114          0          0          0       1288   mc_w.l
      1066          0          0          0          0        656   mf_w.l

    ----------------------------------------------------------------------
      3876        114          0          0          0       1944   Library Totals

    ----------------------------------------------------------------------

==============================================================================


      Code (inc. data)   RO Data    RW Data    ZI Data      Debug   

     19906       1468       2778        304       2264     875173   Grand Totals
     19906       1468       2778        188       2264     875173   ELF Image Totals (compressed)
     19906       1468       2778        188          0          0   ROM Totals

==============================================================================

    Total RO  Size (Code + RO Data)                22684 (  22.15kB)
    Total RW  Size (RW Data + ZI Data)              2568 (   2.51kB)
    Total ROM Size (Code + RO Data + RW Data)      22872 (  22.34kB)

==============================================================================

