Component: ARM Compiler 5.06 update 6 (build 750) Tool: armlink [4d35ed]

==============================================================================

Section Cross References

    app_eeprom_formatter.o(i.APP_CONFIG_AllFirmwareInfoRecovery) refers to app_eeprom_formatter.o(i.APP_CONFIG_FirmwareInfoWrite) for APP_CONFIG_FirmwareInfoWrite
    app_eeprom_formatter.o(i.APP_CONFIG_AllFirmwareInfoRecovery) refers to memcpya.o(.text) for __aeabi_memcpy4
    app_eeprom_formatter.o(i.APP_CONFIG_AllFirmwareInfoRecovery) refers to app_eeprom_formatter.o(.bss) for g_appFirmwareInfo
    app_eeprom_formatter.o(i.APP_CONFIG_AppFirmwareInfoRecovery) refers to app_eeprom_formatter.o(i.APP_CONFIG_FirmwareInfoWrite) for APP_CONFIG_FirmwareInfoWrite
    app_eeprom_formatter.o(i.APP_CONFIG_AppFirmwareInfoRecovery) refers to app_eeprom_formatter.o(.bss) for g_appFirmwareInfo
    app_eeprom_formatter.o(i.APP_CONFIG_DownloadFirmwareInfoRecovery) refers to app_eeprom_formatter.o(i.APP_CONFIG_FirmwareInfoWrite) for APP_CONFIG_FirmwareInfoWrite
    app_eeprom_formatter.o(i.APP_CONFIG_DownloadFirmwareInfoRecovery) refers to app_eeprom_formatter.o(.bss) for g_downloadFirmwareInfo
    app_eeprom_formatter.o(i.APP_CONFIG_FirmwareInfoInit) refers to app_eeprom_formatter.o(i._firmware_info_init) for _firmware_info_init
    app_eeprom_formatter.o(i.APP_CONFIG_FirmwareInfoLoad) refers to app_eeprom_formatter.o(i.APP_CONFIG_FirmwareInfoInit) for APP_CONFIG_FirmwareInfoInit
    app_eeprom_formatter.o(i.APP_CONFIG_FirmwareInfoLoad) refers to app_eeprom_formatter.o(i.APP_CONFIG_FirmwareInfoRead) for APP_CONFIG_FirmwareInfoRead
    app_eeprom_formatter.o(i.APP_CONFIG_FirmwareInfoLoad) refers to app_eeprom_formatter.o(.bss) for g_appFirmwareInfo
    app_eeprom_formatter.o(i.APP_CONFIG_FirmwareInfoRead) refers to memseta.o(.text) for __aeabi_memclr4
    app_eeprom_formatter.o(i.APP_CONFIG_FirmwareInfoRead) refers to app_eeprom_formatter.o(i.epprom_read_block) for epprom_read_block
    app_eeprom_formatter.o(i.APP_CONFIG_FirmwareInfoRead) refers to utils.o(i.read_uint32_t) for read_uint32_t
    app_eeprom_formatter.o(i.APP_CONFIG_FirmwareInfoRead) refers to utils.o(i.read_uint8_t) for read_uint8_t
    app_eeprom_formatter.o(i.APP_CONFIG_FirmwareInfoRead) refers to app_eeprom_formatter.o(i._firmware_info_deserialize) for _firmware_info_deserialize
    app_eeprom_formatter.o(i.APP_CONFIG_FirmwareInfoWrite) refers to memseta.o(.text) for __aeabi_memclr4
    app_eeprom_formatter.o(i.APP_CONFIG_FirmwareInfoWrite) refers to utils.o(i.write_uint32_t) for write_uint32_t
    app_eeprom_formatter.o(i.APP_CONFIG_FirmwareInfoWrite) refers to utils.o(i.write_uint8_t) for write_uint8_t
    app_eeprom_formatter.o(i.APP_CONFIG_FirmwareInfoWrite) refers to app_eeprom_formatter.o(i._firmware_info_serialize) for _firmware_info_serialize
    app_eeprom_formatter.o(i.APP_CONFIG_FirmwareInfoWrite) refers to app_eeprom_formatter.o(i.epprom_write_block) for epprom_write_block
    app_eeprom_formatter.o(i.APP_CONFIG_app_firmware_info_clear_result) refers to app_eeprom_formatter.o(i.APP_CONFIG_FirmwareInfoWrite) for APP_CONFIG_FirmwareInfoWrite
    app_eeprom_formatter.o(i.APP_CONFIG_app_firmware_info_clear_result) refers to app_eeprom_formatter.o(.bss) for g_appFirmwareInfo
    app_eeprom_formatter.o(i.APP_CONFIG_compensation_load) refers to app_eeprom_formatter.o(i.APP_CONFIG_compensation_init) for APP_CONFIG_compensation_init
    app_eeprom_formatter.o(i.APP_CONFIG_compensation_load) refers to app_eeprom_formatter.o(i.APP_CONFIG_compensation_read) for APP_CONFIG_compensation_read
    app_eeprom_formatter.o(i.APP_CONFIG_compensation_load) refers to app_eeprom_formatter.o(.bss) for app_config_compensation
    app_eeprom_formatter.o(i.APP_CONFIG_compensation_read) refers to memseta.o(.text) for __aeabi_memclr4
    app_eeprom_formatter.o(i.APP_CONFIG_compensation_read) refers to app_eeprom_formatter.o(i.epprom_read_block) for epprom_read_block
    app_eeprom_formatter.o(i.APP_CONFIG_compensation_read) refers to utils.o(i.read_uint8_t) for read_uint8_t
    app_eeprom_formatter.o(i.APP_CONFIG_compensation_read) refers to utils.o(i.read_uint16_t) for read_uint16_t
    app_eeprom_formatter.o(i.APP_CONFIG_compensation_recovery) refers to app_eeprom_formatter.o(i.APP_CONFIG_compensation_init) for APP_CONFIG_compensation_init
    app_eeprom_formatter.o(i.APP_CONFIG_compensation_recovery) refers to app_eeprom_formatter.o(i.APP_CONFIG_compensation_write) for APP_CONFIG_compensation_write
    app_eeprom_formatter.o(i.APP_CONFIG_compensation_recovery) refers to app_eeprom_formatter.o(.bss) for app_config_compensation
    app_eeprom_formatter.o(i.APP_CONFIG_compensation_write) refers to memseta.o(.text) for __aeabi_memclr4
    app_eeprom_formatter.o(i.APP_CONFIG_compensation_write) refers to app_eeprom_formatter.o(i._compensation_serialize) for _compensation_serialize
[...]
    .data                                    0x200000c8   Section       24  heap_4.o(.data)
    xStart                                   0x200000c8   Data           8  heap_4.o(.data)
    pxEnd                                    0x200000d0   Data           4  heap_4.o(.data)
    xFreeBytesRemaining                      0x200000d4   Data           4  heap_4.o(.data)
    xMinimumEverFreeBytesRemaining           0x200000d8   Data           4  heap_4.o(.data)
    xBlockAllocatedBit                       0x200000dc   Data           4  heap_4.o(.data)
    .data                                    0x200000e0   Section       12  port.o(.data)
    uxCriticalNesting                        0x200000e0   Data           4  port.o(.data)
    ucMaxSysCallPriority                     0x200000e4   Data           1  port.o(.data)
    ulMaxPRIGROUPValue                       0x200000e8   Data           4  port.o(.data)
    .bss                                     0x200000ec   Section       12  iwdg.o(.bss)
    .bss                                     0x200000f8   Section       64  tim.o(.bss)
    .bss                                     0x20000138   Section      960  usart.o(.bss)
    .bss                                     0x200004f8   Section       64  stm32f4xx_hal_timebase_tim.o(.bss)
    .bss                                     0x20000538   Section       88  spi.o(.bss)
    .bss                                     0x20000590   Section     1220  tasks.o(.bss)
    pxReadyTasksLists                        0x20000590   Data        1120  tasks.o(.bss)
    xDelayedTaskList1                        0x200009f0   Data          20  tasks.o(.bss)
    xDelayedTaskList2                        0x20000a04   Data          20  tasks.o(.bss)
    xPendingReadyList                        0x20000a18   Data          20  tasks.o(.bss)
    xTasksWaitingTermination                 0x20000a2c   Data          20  tasks.o(.bss)
    xSuspendedTaskList                       0x20000a40   Data          20  tasks.o(.bss)
    .bss                                     0x20000a54   Section    57344  heap_4.o(.bss)
    ucHeap                                   0x20000a54   Data       57344  heap_4.o(.bss)
    STACK                                    0x2000ea58   Section    16384  startup_stm32f407xx.o(STACK)

    Global Symbols

    Symbol Name                              Value     Ov Type        Size  Object(Section)

    BuildAttributes$$THM_ISAv4$E$P$D$K$B$S$7EM$VFPi3$EXTD16$VFPS$VFMA$PE$A:L22UL41UL21$X:L11$S22US41US21$IEEE1$IW$USESV6$~STKCKD$USESV7$~SHL$OSPACE$ROPI$EBA8$MICROLIB$REQ8$PRES8$EABIv2 0x00000000   Number         0  anon$$obj.o ABSOLUTE
    __ARM_use_no_argv                        0x00000000   Number         0  app_eeprom_formatter.o ABSOLUTE
    __use_no_errno                           0x00000000   Number         0  useno.o ABSOLUTE
    __use_no_exception_handling              0x00000000   Number         0  useno.o ABSOLUTE
    __use_no_fp                              0x00000000   Number         0  useno.o ABSOLUTE
    __use_no_heap                            0x00000000   Number         0  useno.o ABSOLUTE
    __use_no_heap_region                     0x00000000   Number         0  useno.o ABSOLUTE
    __use_no_semihosting                     0x00000000   Number         0  useno.o ABSOLUTE
    __use_no_semihosting_swi                 0x00000000   Number         0  useno.o ABSOLUTE
    __use_no_signal_handling                 0x00000000   Number         0  useno.o ABSOLUTE
    _printf_a                                0x00000000   Number         0  stubs.o ABSOLUTE
    _printf_c                                0x00000000   Number         0  stubs.o ABSOLUTE
    _printf_charcount                        0x00000000   Number         0  stubs.o ABSOLUTE
    _printf_d                                0x00000000   Number         0  stubs.o ABSOLUTE
    _printf_e                                0x00000000   Number         0  stubs.o ABSOLUTE
    _printf_f                                0x00000000   Number         0  stubs.o ABSOLUTE
    _printf_flags                            0x00000000   Number         0  stubs.o ABSOLUTE
    _printf_fp_dec                           0x00000000   Number         0  stubs.o ABSOLUTE
    _printf_fp_hex                           0x00000000   Number         0  stubs.o ABSOLUTE
    _printf_g                                0x00000000   Number         0  stubs.o ABSOLUTE
    _printf_i                                0x00000000   Number         0  stubs.o ABSOLUTE
    _printf_int_dec                          0x00000000   Number         0  stubs.o ABSOLUTE
    _printf_l                                0x00000000   Number         0  stubs.o ABSOLUTE
    _printf_lc                               0x00000000   Number         0  stubs.o ABSOLUTE
    _printf_ll                               0x00000000   Number         0  stubs.o ABSOLUTE
    _printf_lld                              0x00000000   Number         0  stubs.o ABSOLUTE
    _printf_lli                              0x00000000   Number         0  stubs.o ABSOLUTE
    _printf_llo                              0x00000000   Number         0  stubs.o ABSOLUTE
    _printf_llu                              0x00000000   Number         0  stubs.o ABSOLUTE
    _printf_llx                              0x00000000   Number         0  stubs.o ABSOLUTE
    _printf_longlong_dec                     0x00000000   Number         0  stubs.o ABSOLUTE
    _printf_longlong_hex                     0x00000000   Number         0  stubs.o ABSOLUTE
    _printf_longlong_oct                     0x00000000   Number         0  stubs.o ABSOLUTE
    _printf_ls                               0x00000000   Number         0  stubs.o ABSOLUTE
    _printf_mbtowc                           0x00000000   Number         0  stubs.o ABSOLUTE
    _printf_n                                0x00000000   Number         0  stubs.o ABSOLUTE
    _printf_o                                0x00000000   Number         0  stubs.o ABSOLUTE
    _printf_p                                0x00000000   Number         0  stubs.o ABSOLUTE
    _printf_percent                          0x00000000   Number         0  stubs.o ABSOLUTE
    _printf_pre_padding                      0x00000000   Number         0  stubs.o ABSOLUTE
    _printf_return_value                     0x00000000   Number         0  stubs.o ABSOLUTE
    _printf_s                                0x00000000   Number         0  stubs.o ABSOLUTE
    _printf_sizespec                         0x00000000   Number         0  stubs.o ABSOLUTE
    _printf_str                              0x00000000   Number         0  stubs.o ABSOLUTE
    _printf_truncate_signed                  0x00000000   Number         0  stubs.o ABSOLUTE
    _printf_truncate_unsigned                0x00000000   Number         0  stubs.o ABSOLUTE
    _printf_u                                0x00000000   Number         0  stubs.o ABSOLUTE
    _printf_wc                               0x00000000   Number         0  stubs.o ABSOLUTE
    _printf_wctomb                           0x00000000   Number         0  stubs.o ABSOLUTE
    _printf_widthprec                        0x00000000   Number         0  stubs.o ABSOLUTE
    _printf_x                                0x00000000   Number         0  stubs.o ABSOLUTE
    __cpp_initialize__aeabi_                  - Undefined Weak Reference
    __cxa_finalize                            - Undefined Weak Reference
    __decompress                              - Undefined Weak Reference
    _clock_init                               - Undefined Weak Reference
    _microlib_exit                            - Undefined Weak Reference
    app_relay_power_config                    - Undefined Weak Reference
    __Vectors_Size                           0x00000188   Number         0  startup_stm32f407xx.o ABSOLUTE
    __Vectors                                0x08000000   Data           4  startup_stm32f407xx.o(RESET)
    __Vectors_End                            0x08000188   Data           0  startup_stm32f407xx.o(RESET)
    __main                                   0x08000189   Thumb Code     0  entry.o(.ARM.Collect$$$$00000000)
    _main_stk                                0x08000189   Thumb Code     0  entry2.o(.ARM.Collect$$$$00000001)
    _main_scatterload                        0x0800018d   Thumb Code     0  entry5.o(.ARM.Collect$$$$00000004)
    __main_after_scatterload                 0x08000191   Thumb Code     0  entry5.o(.ARM.Collect$$$$00000004)
    _main_clock                              0x08000191   Thumb Code     0  entry7b.o(.ARM.Collect$$$$00000008)
    _main_cpp_init                           0x08000191   Thumb Code     0  entry8b.o(.ARM.Collect$$$$0000000A)
    _main_init                               0x08000191   Thumb Code     0  entry9a.o(.ARM.Collect$$$$0000000B)
    __rt_final_cpp                           0x08000199   Thumb Code     0  entry10a.o(.ARM.Collect$$$$0000000D)
    __rt_final_exit                          0x08000199   Thumb Code     0  entry11a.o(.ARM.Collect$$$$0000000F)
    SVC_Handler                              0x0800019d   Thumb Code    28  port.o(.emb_text)
    __asm___6_port_c_39a90d8d__prvStartFirstTask 0x080001bd   Thumb Code    36  port.o(.emb_text)
    __asm___6_port_c_39a90d8d__prvEnableVFP  0x080001e5   Thumb Code    16  port.o(.emb_text)
    PendSV_Handler                           0x080001f9   Thumb Code    88  port.o(.emb_text)
    vPortGetIPSR                             0x08000255   Thumb Code     6  port.o(.emb_text)
    Reset_Handler                            0x0800025d   Thumb Code     8  startup_stm32f407xx.o(.text)
    ADC_IRQHandler                           0x08000277   Thumb Code     0  startup_stm32f407xx.o(.text)
    CAN1_RX0_IRQHandler                      0x08000277   Thumb Code     0  startup_stm32f407xx.o(.text)
    CAN1_RX1_IRQHandler                      0x08000277   Thumb Code     0  startup_stm32f407xx.o(.text)
    CAN1_SCE_IRQHandler                      0x08000277   Thumb Code     0  startup_stm32f407xx.o(.text)
    CAN1_TX_IRQHandler                       0x08000277   Thumb Code     0  startup_stm32f407xx.o(.text)
    CAN2_RX0_IRQHandler                      0x08000277   Thumb Code     0  startup_stm32f407xx.o(.text)
    CAN2_RX1_IRQHandler                      0x08000277   Thumb Code     0  startup_stm32f407xx.o(.text)
    CAN2_SCE_IRQHandler                      0x08000277   Thumb Code     0  startup_stm32f407xx.o(.text)
    CAN2_TX_IRQHandler                       0x08000277   Thumb Code     0  startup_stm32f407xx.o(.text)
    DCMI_IRQHandler                          0x08000277   Thumb Code     0  startup_stm32f407xx.o(.text)
    DMA1_Stream3_IRQHandler                  0x08000277   Thumb Code     0  startup_stm32f407xx.o(.text)
    DMA1_Stream4_IRQHandler                  0x08000277   Thumb Code     0  startup_stm32f407xx.o(.text)
    DMA1_Stream6_IRQHandler                  0x08000277   Thumb Code     0  startup_stm32f407xx.o(.text)
    DMA1_Stream7_IRQHandler                  0x08000277   Thumb Code     0  startup_stm32f407xx.o(.text)
    DMA2_Stream0_IRQHandler                  0x08000277   Thumb Code     0  startup_stm32f407xx.o(.text)
    DMA2_Stream3_IRQHandler                  0x08000277   Thumb Code     0  startup_stm32f407xx.o(.text)
    DMA2_Stream4_IRQHandler                  0x08000277   Thumb Code     0  startup_stm32f407xx.o(.text)
    DMA2_Stream5_IRQHandler                  0x08000277   Thumb Code     0  startup_stm32f407xx.o(.text)
    DMA2_Stream6_IRQHandler                  0x08000277   Thumb Code     0  startup_stm32f407xx.o(.text)
    DMA2_Stream7_IRQHandler                  0x08000277   Thumb Code     0  startup_stm32f407xx.o(.text)
    ETH_IRQHandler                           0x08000277   Thumb Code     0  startup_stm32f407xx.o(.text)
    ETH_WKUP_IRQHandler                      0x08000277   Thumb Code     0  startup_stm32f407xx.o(.text)
    EXTI0_IRQHandler                         0x08000277   Thumb Code     0  startup_stm32f407xx.o(.text)
    EXTI15_10_IRQHandler                     0x08000277   Thumb Code     0  startup_stm32f407xx.o(.text)
    EXTI1_IRQHandler                         0x08000277   Thumb Code     0  startup_stm32f407xx.o(.text)
    EXTI2_IRQHandler                         0x08000277   Thumb Code     0  startup_stm32f407xx.o(.text)
    EXTI3_IRQHandler                         0x08000277   Thumb Code     0  startup_stm32f407xx.o(.text)
    EXTI4_IRQHandler                         0x08000277   Thumb Code     0  startup_stm32f407xx.o(.text)
    FLASH_IRQHandler                         0x08000277   Thumb Code     0  startup_stm32f407xx.o(.text)
    FMC_IRQHandler                           0x08000277   Thumb Code     0  startup_stm32f407xx.o(.text)
    FPU_IRQHandler                           0x08000277   Thumb Code     0  startup_stm32f407xx.o(.text)
    HASH_RNG_IRQHandler                      0x08000277   Thumb Code     0  startup_stm32f407xx.o(.text)
    I2C1_ER_IRQHandler                       0x08000277   Thumb Code     0  startup_stm32f407xx.o(.text)
    I2C1_EV_IRQHandler                       0x08000277   Thumb Code     0  startup_stm32f407xx.o(.text)
    I2C2_ER_IRQHandler                       0x08000277   Thumb Code     0  startup_stm32f407xx.o(.text)
    I2C2_EV_IRQHandler                       0x08000277   Thumb Code     0  startup_stm32f407xx.o(.text)
    I2C3_ER_IRQHandler                       0x08000277   Thumb Code     0  startup_stm32f407xx.o(.text)
    I2C3_EV_IRQHandler                       0x08000277   Thumb Code     0  startup_stm32f407xx.o(.text)
    OTG_FS_IRQHandler                        0x08000277   Thumb Code     0  startup_stm32f407xx.o(.text)
    OTG_FS_WKUP_IRQHandler                   0x08000277   Thumb Code     0  startup_stm32f407xx.o(.text)
    OTG_HS_EP1_IN_IRQHandler                 0x08000277   Thumb Code     0  startup_stm32f407xx.o(.text)
    OTG_HS_EP1_OUT_IRQHandler                0x08000277   Thumb Code     0  startup_stm32f407xx.o(.text)
    OTG_HS_IRQHandler                        0x08000277   Thumb Code     0  startup_stm32f407xx.o(.text)
    OTG_HS_WKUP_IRQHandler                   0x08000277   Thumb Code     0  startup_stm32f407xx.o(.text)
    PVD_IRQHandler                           0x08000277   Thumb Code     0  startup_stm32f407xx.o(.text)
    RCC_IRQHandler                           0x08000277   Thumb Code     0  startup_stm32f407xx.o(.text)
    RTC_Alarm_IRQHandler                     0x08000277   Thumb Code     0  startup_stm32f407xx.o(.text)
    RTC_WKUP_IRQHandler                      0x08000277   Thumb Code     0  startup_stm32f407xx.o(.text)
    SDIO_IRQHandler                          0x08000277   Thumb Code     0  startup_stm32f407xx.o(.text)
    SPI1_IRQHandler                          0x08000277   Thumb Code     0  startup_stm32f407xx.o(.text)
    SPI2_IRQHandler                          0x08000277   Thumb Code     0  startup_stm32f407xx.o(.text)
    SPI3_IRQHandler                          0x08000277   Thumb Code     0  startup_stm32f407xx.o(.text)
    TAMP_STAMP_IRQHandler                    0x08000277   Thumb Code     0  startup_stm32f407xx.o(.text)
    TIM1_BRK_TIM9_IRQHandler                 0x08000277   Thumb Code     0  startup_stm32f407xx.o(.text)
    TIM1_CC_IRQHandler                       0x08000277   Thumb Code     0  startup_stm32f407xx.o(.text)
    TIM1_TRG_COM_TIM11_IRQHandler            0x08000277   Thumb Code     0  startup_stm32f407xx.o(.text)
    TIM3_IRQHandler                          0x08000277   Thumb Code     0  startup_stm32f407xx.o(.text)
    TIM4_IRQHandler                          0x08000277   Thumb Code     0  startup_stm32f407xx.o(.text)
    TIM5_IRQHandler                          0x08000277   Thumb Code     0  startup_stm32f407xx.o(.text)
    TIM6_DAC_IRQHandler                      0x08000277   Thumb Code     0  startup_stm32f407xx.o(.text)
    TIM7_IRQHandler                          0x08000277   Thumb Code     0  startup_stm32f407xx.o(.text)
    TIM8_BRK_TIM12_IRQHandler                0x08000277   Thumb Code     0  startup_stm32f407xx.o(.text)
    TIM8_CC_IRQHandler                       0x08000277   Thumb Code     0  startup_stm32f407xx.o(.text)
    TIM8_TRG_COM_TIM14_IRQHandler            0x08000277   Thumb Code     0  startup_stm32f407xx.o(.text)
    TIM8_UP_TIM13_IRQHandler                 0x08000277   Thumb Code     0  startup_stm32f407xx.o(.text)
    WWDG_IRQHandler                          0x08000277   Thumb Code     0  startup_stm32f407xx.o(.text)
    __aeabi_uldivmod                         0x08000281   Thumb Code    98  uldiv.o(.text)
    __aeabi_memcpy                           0x080002e3   Thumb Code    36  memcpya.o(.text)
    __aeabi_memcpy4                          0x080002e3   Thumb Code     0  memcpya.o(.text)
    __aeabi_memcpy8                          0x080002e3   Thumb Code     0  memcpya.o(.text)
    __aeabi_memset                           0x08000307   Thumb Code    14  memseta.o(.text)
    __aeabi_memset4                          0x08000307   Thumb Code     0  memseta.o(.text)
    __aeabi_memset8                          0x08000307   Thumb Code     0  memseta.o(.text)
    __aeabi_memclr                           0x08000315   Thumb Code     4  memseta.o(.text)
    __aeabi_memclr4                          0x08000315   Thumb Code     0  memseta.o(.text)
    __aeabi_memclr8                          0x08000315   Thumb Code     0  memseta.o(.text)
    memset                                   0x08000319   Thumb Code    18  memseta.o(.text)
    __aeabi_uidiv                            0x0800032b   Thumb Code     0  uidiv.o(.text)
    __aeabi_uidivmod                         0x0800032b   Thumb Code    44  uidiv.o(.text)
    __aeabi_llsl                             0x08000357   Thumb Code    30  llshl.o(.text)
    _ll_shift_l                              0x08000357   Thumb Code     0  llshl.o(.text)
    __aeabi_llsr                             0x08000375   Thumb Code    32  llushr.o(.text)
    _ll_ushift_r                             0x08000375   Thumb Code     0  llushr.o(.text)
    __I$use$fp                               0x08000395   Thumb Code     0  iusefp.o(.text)
    __aeabi_d2ulz                            0x08000395   Thumb Code    48  dfixul.o(.text)
    __aeabi_cdrcmple                         0x080003c5   Thumb Code    48  cdrcmple.o(.text)
    APP_CONFIG_compensation_init             0x080003f5   Thumb Code    10  app_eeprom_formatter.o(i.APP_CONFIG_compensation_init)
    APP_NETWORK_check_stataus                0x080003ff   Thumb Code     2  app_eeprom_formatter.o(i.APP_NETWORK_check_stataus)
    app_file_name_str                        0x08000400   Data          64  app_eeprom_formatter.o(.ARM.__AT_0x08000400)
    compiler_time                            0x08000440   Data          64  app_eeprom_formatter.o(.ARM.__AT_0x08000440)
    __aeabi_dadd                             0x08000481   Thumb Code   322  dadd.o(.text)
    __aeabi_dsub                             0x080005c3   Thumb Code     6  dadd.o(.text)
    __aeabi_drsub                            0x080005c9   Thumb Code     6  dadd.o(.text)
    __aeabi_dmul                             0x080005cf   Thumb Code   228  dmul.o(.text)
    __aeabi_ddiv                             0x080006b3   Thumb Code   222  ddiv.o(.text)
    __scatterload                            0x08000791   Thumb Code    28  init.o(.text)
    __scatterload_rt2                        0x08000791   Thumb Code     0  init.o(.text)
    __aeabi_lasr                             0x080007b5   Thumb Code    36  llsshr.o(.text)
    _ll_sshift_r                             0x080007b5   Thumb Code     0  llsshr.o(.text)
    _double_round                            0x080007d9   Thumb Code    30  depilogue.o(.text)
    _double_epilogue                         0x080007f7   Thumb Code   156  depilogue.o(.text)
    APP_CONFIG_AllFirmwareInfoRecovery       0x08000895   Thumb Code    98  app_eeprom_formatter.o(i.APP_CONFIG_AllFirmwareInfoRecovery)
    APP_CONFIG_FirmwareInfoWrite             0x08000901   Thumb Code    98  app_eeprom_formatter.o(i.APP_CONFIG_FirmwareInfoWrite)
    APP_CONFIG_compensation_recovery         0x08000965   Thumb Code    72  app_eeprom_formatter.o(i.APP_CONFIG_compensation_recovery)
    APP_CONFIG_compensation_write            0x080009b1   Thumb Code    60  app_eeprom_formatter.o(i.APP_CONFIG_compensation_write)
    APP_CONFIG_config_enable_init            0x080009ed   Thumb Code    10  app_eeprom_formatter.o(i.APP_CONFIG_config_enable_init)
    APP_CONFIG_device_connect_init           0x080009f7   Thumb Code     8  app_eeprom_formatter.o(i.APP_CONFIG_device_connect_init)
    APP_CONFIG_device_connect_recovery       0x08000a01   Thumb Code    28  app_eeprom_formatter.o(i.APP_CONFIG_device_connect_recovery)
    APP_CONFIG_device_connect_write          0x08000a21   Thumb Code    34  app_eeprom_formatter.o(i.APP_CONFIG_device_connect_write)
    APP_CONFIG_device_enable_init            0x08000a43   Thumb Code    18  app_eeprom_formatter.o(i.APP_CONFIG_device_enable_init)
    APP_CONFIG_device_enable_recovery        0x08000a55   Thumb Code    28  app_eeprom_formatter.o(i.APP_CONFIG_device_enable_recovery)
    APP_CONFIG_device_enable_write           0x08000a75   Thumb Code    34  app_eeprom_formatter.o(i.APP_CONFIG_device_enable_write)
    APP_CONFIG_diagnosis_message_init        0x08000a97   Thumb Code    26  app_eeprom_formatter.o(i.APP_CONFIG_diagnosis_message_init)
    APP_CONFIG_diagnosis_message_recovery    0x08000ab1   Thumb Code    20  app_eeprom_formatter.o(i.APP_CONFIG_diagnosis_message_recovery)
    APP_CONFIG_diagnosis_message_write       0x08000ac9   Thumb Code   106  app_eeprom_formatter.o(i.APP_CONFIG_diagnosis_message_write)
    APP_CONFIG_eeprom_recovery_all           0x08000b35   Thumb Code   346  app_eeprom_formatter.o(i.APP_CONFIG_eeprom_recovery_all)
    APP_CONFIG_eeprom_recovery_free_page     0x08000e5d   Thumb Code   676  app_eeprom_formatter.o(i.APP_CONFIG_eeprom_recovery_free_page)
    APP_CONFIG_indicator_alert_init          0x0800111d   Thumb Code    16  app_eeprom_formatter.o(i.APP_CONFIG_indicator_alert_init)
    APP_CONFIG_indicator_alert_recovery      0x0800112d   Thumb Code    72  app_eeprom_formatter.o(i.APP_CONFIG_indicator_alert_recovery)
    APP_CONFIG_indicator_alert_write         0x08001179   Thumb Code    60  app_eeprom_formatter.o(i.APP_CONFIG_indicator_alert_write)
    APP_CONFIG_limit_init                    0x080011b5   Thumb Code    20  app_eeprom_formatter.o(i.APP_CONFIG_limit_init)
    APP_CONFIG_limit_recovery                0x080011c9   Thumb Code   122  app_eeprom_formatter.o(i.APP_CONFIG_limit_recovery)
    APP_CONFIG_limit_write                   0x08001249   Thumb Code    72  app_eeprom_formatter.o(i.APP_CONFIG_limit_write)
    APP_CONFIG_manual_relay_init             0x08001291   Thumb Code    30  app_eeprom_formatter.o(i.APP_CONFIG_manual_relay_init)
    APP_CONFIG_manual_relay_recovery         0x080012b1   Thumb Code    88  app_eeprom_formatter.o(i.APP_CONFIG_manual_relay_recovery)
    APP_CONFIG_manual_relay_write            0x0800130d   Thumb Code    60  app_eeprom_formatter.o(i.APP_CONFIG_manual_relay_write)
    APP_CONFIG_probe_enable_init             0x08001349   Thumb Code    12  app_eeprom_formatter.o(i.APP_CONFIG_probe_enable_init)
    APP_CONFIG_probe_enable_recovery         0x08001355   Thumb Code    54  app_eeprom_formatter.o(i.APP_CONFIG_probe_enable_recovery)
    APP_CONFIG_probe_enable_write            0x08001391   Thumb Code    48  app_eeprom_formatter.o(i.APP_CONFIG_probe_enable_write)
    APP_CONFIG_pump_status_init              0x080013c1   Thumb Code    16  app_eeprom_formatter.o(i.APP_CONFIG_pump_status_init)
    APP_CONFIG_pump_status_recovery          0x080013d1   Thumb Code    50  app_eeprom_formatter.o(i.APP_CONFIG_pump_status_recovery)
    APP_CONFIG_pump_status_write             0x08001409   Thumb Code    48  app_eeprom_formatter.o(i.APP_CONFIG_pump_status_write)
    APP_CONFIG_relay_init                    0x08001439   Thumb Code    12  app_eeprom_formatter.o(i.APP_CONFIG_relay_init)
    APP_CONFIG_relay_power_config_init       0x08001445   Thumb Code    40  app_eeprom_formatter.o(i.APP_CONFIG_relay_power_config_init)
    APP_CONFIG_relay_power_config_recovery   0x0800146d   Thumb Code    54  app_eeprom_formatter.o(i.APP_CONFIG_relay_power_config_recovery)
    APP_CONFIG_relay_power_config_write      0x080014a9   Thumb Code    58  app_eeprom_formatter.o(i.APP_CONFIG_relay_power_config_write)
    APP_CONFIG_relay_recovery                0x080014e5   Thumb Code    54  app_eeprom_formatter.o(i.APP_CONFIG_relay_recovery)
    APP_CONFIG_relay_write                   0x08001521   Thumb Code    48  app_eeprom_formatter.o(i.APP_CONFIG_relay_write)
    APP_CONFIG_sensor_init                   0x08001551   Thumb Code    18  app_eeprom_formatter.o(i.APP_CONFIG_sensor_init)
    APP_CONFIG_sensor_recovery               0x08001565   Thumb Code    88  app_eeprom_formatter.o(i.APP_CONFIG_sensor_recovery)
    APP_CONFIG_sensor_write                  0x080015c1   Thumb Code    58  app_eeprom_formatter.o(i.APP_CONFIG_sensor_write)
    APP_CONFIG_system_init                   0x080015fb   Thumb Code    36  app_eeprom_formatter.o(i.APP_CONFIG_system_init)
    APP_CONFIG_system_load                   0x08001621   Thumb Code    28  app_eeprom_formatter.o(i.APP_CONFIG_system_load)
    APP_CONFIG_system_read                   0x08001641   Thumb Code    68  app_eeprom_formatter.o(i.APP_CONFIG_system_read)
    APP_CONFIG_system_recovery               0x08001685   Thumb Code    28  app_eeprom_formatter.o(i.APP_CONFIG_system_recovery)
    APP_CONFIG_system_write                  0x080016a5   Thumb Code    34  app_eeprom_formatter.o(i.APP_CONFIG_system_write)
    APP_CONFIG_time_init                     0x080016c7   Thumb Code    18  app_eeprom_formatter.o(i.APP_CONFIG_time_init)
    APP_CONFIG_times_enable_init             0x080016d9   Thumb Code    64  app_eeprom_formatter.o(i.APP_CONFIG_times_enable_init)
    APP_CONFIG_times_enable_recovery         0x08001719   Thumb Code    50  app_eeprom_formatter.o(i.APP_CONFIG_times_enable_recovery)
    APP_CONFIG_times_enable_write            0x08001751   Thumb Code    48  app_eeprom_formatter.o(i.APP_CONFIG_times_enable_write)
    APP_CONFIG_times_init                    0x08001781   Thumb Code    56  app_eeprom_formatter.o(i.APP_CONFIG_times_init)
    APP_CONFIG_times_job_init                0x080017b9   Thumb Code    16  app_eeprom_formatter.o(i.APP_CONFIG_times_job_init)
    APP_CONFIG_times_recovery                0x080017c9   Thumb Code    72  app_eeprom_formatter.o(i.APP_CONFIG_times_recovery)
    APP_CONFIG_times_write                   0x08001815   Thumb Code    60  app_eeprom_formatter.o(i.APP_CONFIG_times_write)
    APP_TASK_run_per_second_ISR              0x080018ad   Thumb Code     2  app_eeprom_formatter.o(i.APP_TASK_run_per_second_ISR)
    BSP_AT24CM1_read_bytes                   0x080018b1   Thumb Code    60  bsp_at24cm1.o(i.BSP_AT24CM1_read_bytes)
    BSP_AT24CM1_write_bytes                  0x080018f1   Thumb Code    66  bsp_at24cm1.o(i.BSP_AT24CM1_write_bytes)
    BSP_GPIO_set_pin_as_input                0x08001939   Thumb Code    38  bsp_gpio.o(i.BSP_GPIO_set_pin_as_input)
    BSP_GPIO_set_pin_as_output               0x0800195f   Thumb Code    46  bsp_gpio.o(i.BSP_GPIO_set_pin_as_output)
    BSP_HAL_init                             0x0800198d   Thumb Code    96  bsp_hal.o(i.BSP_HAL_init)
    BSP_LOG_init                             0x080019f1   Thumb Code     4  bsp_log.o(i.BSP_LOG_init)
    BSP_LOG_print                            0x080019f5   Thumb Code    40  bsp_log.o(i.BSP_LOG_print)
    BSP_LOG_print_hex                        0x08001a21   Thumb Code    44  bsp_log.o(i.BSP_LOG_print_hex)
    BSP_MCU_reset                            0x08001a59   Thumb Code    18  bsp_mcu.o(i.BSP_MCU_reset)
    BSP_UART_idle_irq_handler                0x08001a6b   Thumb Code   108  bsp_usart.o(i.BSP_UART_idle_irq_handler)
    BSP_UART_init                            0x08001ad9   Thumb Code   134  bsp_usart.o(i.BSP_UART_init)
    BSP_WDG_feed                             0x08001b9d   Thumb Code    60  bsp_wdg.o(i.BSP_WDG_feed)
    BSP_WDG_init                             0x08001be5   Thumb Code    40  bsp_wdg.o(i.BSP_WDG_init)
    BUZZ_PWRKEY_MX_Init                      0x08001c15   Thumb Code   144  app_eeprom_formatter.o(i.BUZZ_PWRKEY_MX_Init)
    BusFault_Handler                         0x08001cb1   Thumb Code     8  stm32f4xx_it.o(i.BusFault_Handler)
    DMA1_Stream0_IRQHandler                  0x08001cb9   Thumb Code    10  stm32f4xx_it.o(i.DMA1_Stream0_IRQHandler)
    DMA1_Stream1_IRQHandler                  0x08001cc9   Thumb Code    10  stm32f4xx_it.o(i.DMA1_Stream1_IRQHandler)
    DMA1_Stream2_IRQHandler                  0x08001cd9   Thumb Code    10  stm32f4xx_it.o(i.DMA1_Stream2_IRQHandler)
    DMA1_Stream5_IRQHandler                  0x08001ce9   Thumb Code    10  stm32f4xx_it.o(i.DMA1_Stream5_IRQHandler)
    DMA2_Stream1_IRQHandler                  0x08001cf9   Thumb Code    10  stm32f4xx_it.o(i.DMA2_Stream1_IRQHandler)
    DMA2_Stream2_IRQHandler                  0x08001d09   Thumb Code    10  stm32f4xx_it.o(i.DMA2_Stream2_IRQHandler)
    DWT_delay                                0x08001e25   Thumb Code    34  dwt_delay.o(i.DWT_delay)
    DWT_init                                 0x08001e55   Thumb Code    70  dwt_delay.o(i.DWT_init)
    DebugMon_Handler                         0x08001ea5   Thumb Code     2  stm32f4xx_it.o(i.DebugMon_Handler)
    EXTI9_5_IRQHandler                       0x08001ea7   Thumb Code    10  stm32f4xx_it.o(i.EXTI9_5_IRQHandler)
    Error_Handler                            0x08001eb1   Thumb Code    10  bsp_hal.o(i.Error_Handler)
    GPIO_IIC_AT24CXX_read_bytes              0x08001ebb   Thumb Code   174  gpio_at24cxx.o(i.GPIO_IIC_AT24CXX_read_bytes)
    GPIO_IIC_AT24CXX_write_bytes             0x08001f69   Thumb Code   142  gpio_at24cxx.o(i.GPIO_IIC_AT24CXX_write_bytes)
    GPIO_IIC_ack                             0x08001ff7   Thumb Code    66  gpio_iic.o(i.GPIO_IIC_ack)
    GPIO_IIC_nack                            0x08002039   Thumb Code    66  gpio_iic.o(i.GPIO_IIC_nack)
    GPIO_IIC_read_byte                       0x0800207b   Thumb Code   130  gpio_iic.o(i.GPIO_IIC_read_byte)
    GPIO_IIC_send_byte                       0x080020fd   Thumb Code   114  gpio_iic.o(i.GPIO_IIC_send_byte)
    GPIO_IIC_start                           0x0800216f   Thumb Code    62  gpio_iic.o(i.GPIO_IIC_start)
    GPIO_IIC_stop                            0x080021ad   Thumb Code    62  gpio_iic.o(i.GPIO_IIC_stop)
    GPIO_IIC_wait_ack                        0x080021eb   Thumb Code    88  gpio_iic.o(i.GPIO_IIC_wait_ack)
    HAL_DMA_Abort_IT                         0x08002243   Thumb Code    40  stm32f4xx_hal_dma.o(i.HAL_DMA_Abort_IT)
    HAL_DMA_IRQHandler                       0x0800226d   Thumb Code   570  stm32f4xx_hal_dma.o(i.HAL_DMA_IRQHandler)
    HAL_DMA_Init                             0x080024ad   Thumb Code   232  stm32f4xx_hal_dma.o(i.HAL_DMA_Init)
    HAL_DMA_Start_IT                         0x08002599   Thumb Code   146  stm32f4xx_hal_dma.o(i.HAL_DMA_Start_IT)
    HAL_Delay                                0x0800262d   Thumb Code    36  stm32f4xx_hal.o(i.HAL_Delay)
    HAL_GPIO_EXTI_Callback                   0x08002655   Thumb Code    20  bsp_hal.o(i.HAL_GPIO_EXTI_Callback)
    HAL_GPIO_EXTI_IRQHandler                 0x08002669   Thumb Code    24  stm32f4xx_hal_gpio.o(i.HAL_GPIO_EXTI_IRQHandler)
    HAL_GPIO_Init                            0x08002685   Thumb Code   466  stm32f4xx_hal_gpio.o(i.HAL_GPIO_Init)
    HAL_GPIO_ReadPin                         0x08002885   Thumb Code    16  stm32f4xx_hal_gpio.o(i.HAL_GPIO_ReadPin)
    HAL_GPIO_WritePin                        0x08002895   Thumb Code    12  stm32f4xx_hal_gpio.o(i.HAL_GPIO_WritePin)
    HAL_GetTick                              0x080028a1   Thumb Code     6  stm32f4xx_hal.o(i.HAL_GetTick)
    HAL_IWDG_Init                            0x080028ad   Thumb Code    80  stm32f4xx_hal_iwdg.o(i.HAL_IWDG_Init)
    HAL_IWDG_Refresh                         0x080028fd   Thumb Code    14  stm32f4xx_hal_iwdg.o(i.HAL_IWDG_Refresh)
    HAL_IncTick                              0x0800290d   Thumb Code    16  stm32f4xx_hal.o(i.HAL_IncTick)
    HAL_Init                                 0x08002925   Thumb Code    54  stm32f4xx_hal.o(i.HAL_Init)
    HAL_InitTick                             0x08002961   Thumb Code   122  stm32f4xx_hal_timebase_tim.o(i.HAL_InitTick)
    HAL_MspInit                              0x080029ed   Thumb Code    78  stm32f4xx_hal_msp.o(i.HAL_MspInit)
    HAL_NVIC_EnableIRQ                       0x08002a41   Thumb Code    32  stm32f4xx_hal_cortex.o(i.HAL_NVIC_EnableIRQ)
    HAL_NVIC_SetPriority                     0x08002a61   Thumb Code   124  stm32f4xx_hal_cortex.o(i.HAL_NVIC_SetPriority)
    HAL_NVIC_SetPriorityGrouping             0x08002add   Thumb Code    32  stm32f4xx_hal_cortex.o(i.HAL_NVIC_SetPriorityGrouping)
    HAL_NVIC_SystemReset                     0x08002b05   Thumb Code    60  stm32f4xx_hal_cortex.o(i.HAL_NVIC_SystemReset)
    HAL_RCC_ClockConfig                      0x08002b49   Thumb Code   368  stm32f4xx_hal_rcc.o(i.HAL_RCC_ClockConfig)
    HAL_RCC_GetClockConfig                   0x08002ccd   Thumb Code    58  stm32f4xx_hal_rcc.o(i.HAL_RCC_GetClockConfig)
    HAL_RCC_GetHCLKFreq                      0x08002d11   Thumb Code     6  stm32f4xx_hal_rcc.o(i.HAL_RCC_GetHCLKFreq)
    HAL_RCC_GetPCLK1Freq                     0x08002d1d   Thumb Code    22  stm32f4xx_hal_rcc.o(i.HAL_RCC_GetPCLK1Freq)
    HAL_RCC_GetPCLK2Freq                     0x08002d3d   Thumb Code    22  stm32f4xx_hal_rcc.o(i.HAL_RCC_GetPCLK2Freq)
    HAL_RCC_GetSysClockFreq                  0x08002d5d   Thumb Code   162  stm32f4xx_hal_rcc.o(i.HAL_RCC_GetSysClockFreq)
    HAL_RCC_OscConfig                        0x08002e0d   Thumb Code  1152  stm32f4xx_hal_rcc.o(i.HAL_RCC_OscConfig)
    HAL_SPI_Init                             0x08003295   Thumb Code   200  stm32f4xx_hal_spi.o(i.HAL_SPI_Init)
    HAL_SPI_MspInit                          0x0800335d   Thumb Code   124  spi.o(i.HAL_SPI_MspInit)
    HAL_TIMEx_BreakCallback                  0x080033e5   Thumb Code     2  stm32f4xx_hal_tim_ex.o(i.HAL_TIMEx_BreakCallback)
    HAL_TIMEx_CommutCallback                 0x080033e7   Thumb Code     2  stm32f4xx_hal_tim_ex.o(i.HAL_TIMEx_CommutCallback)
    HAL_TIMEx_MasterConfigSynchronization    0x080033e9   Thumb Code   150  stm32f4xx_hal_tim_ex.o(i.HAL_TIMEx_MasterConfigSynchronization)
    HAL_TIM_Base_Init                        0x0800349d   Thumb Code    52  stm32f4xx_hal_tim.o(i.HAL_TIM_Base_Init)
    HAL_TIM_Base_MspInit                     0x080034d1   Thumb Code    62  tim.o(i.HAL_TIM_Base_MspInit)
    HAL_TIM_Base_Start_IT                    0x08003515   Thumb Code    42  stm32f4xx_hal_tim.o(i.HAL_TIM_Base_Start_IT)
    HAL_TIM_ConfigClockSource                0x0800353f   Thumb Code   264  stm32f4xx_hal_tim.o(i.HAL_TIM_ConfigClockSource)
    HAL_TIM_IC_CaptureCallback               0x08003647   Thumb Code     2  stm32f4xx_hal_tim.o(i.HAL_TIM_IC_CaptureCallback)
    HAL_TIM_IRQHandler                       0x08003649   Thumb Code   406  stm32f4xx_hal_tim.o(i.HAL_TIM_IRQHandler)
    HAL_TIM_OC_DelayElapsedCallback          0x080037df   Thumb Code     2  stm32f4xx_hal_tim.o(i.HAL_TIM_OC_DelayElapsedCallback)
    HAL_TIM_PWM_PulseFinishedCallback        0x080037e1   Thumb Code     2  stm32f4xx_hal_tim.o(i.HAL_TIM_PWM_PulseFinishedCallback)
    HAL_TIM_PeriodElapsedCallback            0x080037e5   Thumb Code    30  bsp_hal.o(i.HAL_TIM_PeriodElapsedCallback)
    HAL_TIM_TriggerCallback                  0x08003809   Thumb Code     2  stm32f4xx_hal_tim.o(i.HAL_TIM_TriggerCallback)
    HAL_UART_ErrorCallback                   0x0800380d   Thumb Code   140  bsp_usart.o(i.HAL_UART_ErrorCallback)
    HAL_UART_IRQHandler                      0x080038d9   Thumb Code   336  stm32f4xx_hal_uart.o(i.HAL_UART_IRQHandler)
    HAL_UART_Init                            0x08003a2d   Thumb Code   114  stm32f4xx_hal_uart.o(i.HAL_UART_Init)
    HAL_UART_MspInit                         0x08003aa1   Thumb Code  1224  usart.o(i.HAL_UART_MspInit)
    HAL_UART_Receive_DMA                     0x08003f79   Thumb Code   182  stm32f4xx_hal_uart.o(i.HAL_UART_Receive_DMA)
    HAL_UART_RxCpltCallback                  0x0800403d   Thumb Code    14  bsp_usart.o(i.HAL_UART_RxCpltCallback)
    HAL_UART_RxHalfCpltCallback              0x0800404b   Thumb Code     2  stm32f4xx_hal_uart.o(i.HAL_UART_RxHalfCpltCallback)
    HAL_UART_Transmit                        0x0800404d   Thumb Code   216  stm32f4xx_hal_uart.o(i.HAL_UART_Transmit)
    HAL_UART_Transmit_DMA                    0x08004125   Thumb Code   142  stm32f4xx_hal_uart.o(i.HAL_UART_Transmit_DMA)
    HAL_UART_TxCpltCallback                  0x080041c1   Thumb Code     2  stm32f4xx_hal_uart.o(i.HAL_UART_TxCpltCallback)
    HAL_UART_TxHalfCpltCallback              0x080041c3   Thumb Code     2  stm32f4xx_hal_uart.o(i.HAL_UART_TxHalfCpltCallback)
    HardFault_Handler                        0x08004265   Thumb Code     8  stm32f4xx_it.o(i.HardFault_Handler)
    MX_DMA_Init                              0x0800426d   Thumb Code   162  dma.o(i.MX_DMA_Init)
    MX_GPIO_Init                             0x08004315   Thumb Code   654  gpio.o(i.MX_GPIO_Init)
    MX_IWDG_Init                             0x080045c1   Thumb Code    32  iwdg.o(i.MX_IWDG_Init)
    MX_SPI2_Init                             0x080045e9   Thumb Code    60  spi.o(i.MX_SPI2_Init)
    MX_TIM2_Init                             0x0800462d   Thumb Code   106  tim.o(i.MX_TIM2_Init)
    MX_UART4_Init                            0x0800469d   Thumb Code    46  usart.o(i.MX_UART4_Init)
    MX_UART5_Init                            0x080046d5   Thumb Code    46  usart.o(i.MX_UART5_Init)
    MX_USART1_UART_Init                      0x0800470d   Thumb Code    46  usart.o(i.MX_USART1_UART_Init)
    MX_USART2_UART_Init                      0x08004745   Thumb Code    46  usart.o(i.MX_USART2_UART_Init)
    MX_USART3_UART_Init                      0x0800477d   Thumb Code    46  usart.o(i.MX_USART3_UART_Init)
    MX_USART6_UART_Init                      0x080047b5   Thumb Code    46  usart.o(i.MX_USART6_UART_Init)
    MemManage_Handler                        0x080047ed   Thumb Code     8  stm32f4xx_it.o(i.MemManage_Handler)
    NMI_Handler                              0x080047f5   Thumb Code     8  stm32f4xx_it.o(i.NMI_Handler)
    SysTick_Handler                          0x080047fd   Thumb Code    46  port.o(i.SysTick_Handler)
    SystemClock_Config                       0x08004831   Thumb Code   176  bsp_hal.o(i.SystemClock_Config)
    SystemInit                               0x080048e9   Thumb Code    24  system_stm32f4xx_formatter.o(i.SystemInit)
    TIM1_UP_TIM10_IRQHandler                 0x08004905   Thumb Code    10  stm32f4xx_it.o(i.TIM1_UP_TIM10_IRQHandler)
    TIM2_IRQHandler                          0x08004915   Thumb Code    10  stm32f4xx_it.o(i.TIM2_IRQHandler)
    TIM_Base_SetConfig                       0x08004925   Thumb Code   170  stm32f4xx_hal_tim.o(i.TIM_Base_SetConfig)
    TIM_ETR_SetConfig                        0x080049fd   Thumb Code    22  stm32f4xx_hal_tim.o(i.TIM_ETR_SetConfig)
    UART4_IRQHandler                         0x08004a75   Thumb Code    16  stm32f4xx_it.o(i.UART4_IRQHandler)
    UART5_IRQHandler                         0x08004a89   Thumb Code    16  stm32f4xx_it.o(i.UART5_IRQHandler)
    USART1_IRQHandler                        0x08005151   Thumb Code    16  stm32f4xx_it.o(i.USART1_IRQHandler)
    USART2_IRQHandler                        0x08005165   Thumb Code    16  stm32f4xx_it.o(i.USART2_IRQHandler)
    USART3_IRQHandler                        0x08005179   Thumb Code    16  stm32f4xx_it.o(i.USART3_IRQHandler)
    USART6_IRQHandler                        0x0800518d   Thumb Code    16  stm32f4xx_it.o(i.USART6_IRQHandler)
    UsageFault_Handler                       0x080051a1   Thumb Code     8  stm32f4xx_it.o(i.UsageFault_Handler)
    __0printf                                0x08005239   Thumb Code    22  printfa.o(i.__0printf)
    __1printf                                0x08005239   Thumb Code     0  printfa.o(i.__0printf)
    __2printf                                0x08005239   Thumb Code     0  printfa.o(i.__0printf)
    __c89printf                              0x08005239   Thumb Code     0  printfa.o(i.__0printf)
    printf                                   0x08005239   Thumb Code     0  printfa.o(i.__0printf)
    __0vprintf                               0x08005259   Thumb Code     8  printfa.o(i.__0vprintf)
    __1vprintf                               0x08005259   Thumb Code     0  printfa.o(i.__0vprintf)
    __2vprintf                               0x08005259   Thumb Code     0  printfa.o(i.__0vprintf)
    __c89vprintf                             0x08005259   Thumb Code     0  printfa.o(i.__0vprintf)
    vprintf                                  0x08005259   Thumb Code     0  printfa.o(i.__0vprintf)
    __scatterload_copy                       0x080052a1   Thumb Code    14  handlers.o(i.__scatterload_copy)
    __scatterload_null                       0x080052af   Thumb Code     2  handlers.o(i.__scatterload_null)
    __scatterload_zeroinit                   0x080052b1   Thumb Code    14  handlers.o(i.__scatterload_zeroinit)
    epprom_read_block                        0x080060cd   Thumb Code    92  app_eeprom_formatter.o(i.epprom_read_block)
    epprom_write_block                       0x08006141   Thumb Code    84  app_eeprom_formatter.o(i.epprom_write_block)
    fputc                                    0x08006231   Thumb Code    22  bsp_log.o(i.fputc)
    get_modbus_crc16                         0x0800624d   Thumb Code    22  utils.o(i.get_modbus_crc16)
    main                                     0x08006269   Thumb Code   228  app_eeprom_formatter.o(i.main)
    pvPortMalloc                             0x08006629   Thumb Code   296  heap_4.o(i.pvPortMalloc)
    read_uint16_t                            0x08006765   Thumb Code    14  utils.o(i.read_uint16_t)
    read_uint32_t                            0x08006773   Thumb Code    12  utils.o(i.read_uint32_t)
    uxListRemove                             0x0800677f   Thumb Code    40  list.o(i.uxListRemove)
    vListInsertEnd                           0x080067a7   Thumb Code    24  list.o(i.vListInsertEnd)
    vPortEnterCritical                       0x080067c1   Thumb Code    76  port.o(i.vPortEnterCritical)
    vPortExitCritical                        0x08006815   Thumb Code    56  port.o(i.vPortExitCritical)
    vPortValidateInterruptPriority           0x08006851   Thumb Code   106  port.o(i.vPortValidateInterruptPriority)
    vTaskSuspendAll                          0x080068c9   Thumb Code    12  tasks.o(i.vTaskSuspendAll)
    vTaskSwitchContext                       0x080068d9   Thumb Code   122  tasks.o(i.vTaskSwitchContext)
    write_uint16_t                           0x08006969   Thumb Code    16  utils.o(i.write_uint16_t)
    write_uint32_t                           0x08006979   Thumb Code    14  utils.o(i.write_uint32_t)
    write_uint8_t                            0x08006987   Thumb Code    16  utils.o(i.write_uint8_t)
    xStreamBufferGenericCreate               0x08006997   Thumb Code   160  stream_buffer.o(i.xStreamBufferGenericCreate)
    xStreamBufferSendFromISR                 0x08006a37   Thumb Code   184  stream_buffer.o(i.xStreamBufferSendFromISR)
    xStreamBufferSpacesAvailable             0x08006aef   Thumb Code    54  stream_buffer.o(i.xStreamBufferSpacesAvailable)
    xTaskGenericNotifyFromISR                0x08006b25   Thumb Code   332  tasks.o(i.xTaskGenericNotifyFromISR)
    xTaskIncrementTick                       0x08006c89   Thumb Code   280  tasks.o(i.xTaskIncrementTick)
    xTaskResumeAll                           0x08006dcd   Thumb Code   222  tasks.o(i.xTaskResumeAll)
    AHBPrescTable                            0x080074d8   Data          16  system_stm32f4xx_formatter.o(.constdata)
    APBPrescTable                            0x080074e8   Data           8  system_stm32f4xx_formatter.o(.constdata)
    Region$$Table$$Base                      0x08007520   Number         0  anon$$obj.o(Region$$Table)
    Region$$Table$$Limit                     0x08007550   Number         0  anon$$obj.o(Region$$Table)
    app_config_system                        0x10000000   Data          16  app_eeprom_formatter.o(.bss)
    app_config_pump_status                   0x10000010   Data          16  app_eeprom_formatter.o(.bss)
    app_config_sensor                        0x10000020   Data          48  app_eeprom_formatter.o(.bss)
    app_config_compensation                  0x10000050   Data          32  app_eeprom_formatter.o(.bss)
    app_config_indicator_alert               0x10000070   Data          64  app_eeprom_formatter.o(.bss)
    app_config_limit                         0x100000b0   Data         384  app_eeprom_formatter.o(.bss)
    app_config_times_enable                  0x10000230   Data          16  app_eeprom_formatter.o(.bss)
    app_config_times                         0x10000240   Data         256  app_eeprom_formatter.o(.bss)
    app_config_manual_relay                  0x10000340   Data          75  app_eeprom_formatter.o(.bss)
    g_appFirmwareInfo                        0x1000038c   Data          20  app_eeprom_formatter.o(.bss)
    g_downloadFirmwareInfo                   0x100003a0   Data          20  app_eeprom_formatter.o(.bss)
    uart1_buffer                             0x100003b4   Data        4096  bsp_usart.o(.bss)
    uart3_buffer                             0x100013b4   Data        1024  bsp_usart.o(.bss)
    uart6_buffer                             0x100017b4   Data        1024  bsp_usart.o(.bss)
    uart5_buffer                             0x10001bb4   Data        4096  bsp_usart.o(.bss)
    app_config_device_enable                 0x20000000   Data           7  app_eeprom_formatter.o(.data)
    app_config_device_connect                0x20000007   Data           1  app_eeprom_formatter.o(.data)
    app_config_probe_enable                  0x20000008   Data           3  app_eeprom_formatter.o(.data)
    app_config_relay                         0x2000000b   Data           3  app_eeprom_formatter.o(.data)
    app_config_l6                            0x2000000e   Data           6  app_eeprom_formatter.o(.data)
    diagnosis_msg                            0x20000014   Data           8  app_eeprom_formatter.o(.data)
    __stdout                                 0x2000001c   Data           4  bsp_log.o(.data)
    uart1_rx_buffer                          0x20000038   Data           8  bsp_usart.o(.data)
    uart1_recv_buffer                        0x20000040   Data           4  bsp_usart.o(.data)
    uart3_rx_buffer                          0x20000044   Data           8  bsp_usart.o(.data)
    uart3_recv_buffer                        0x2000004c   Data           4  bsp_usart.o(.data)
    uart6_rx_buffer                          0x20000050   Data           8  bsp_usart.o(.data)
    uart6_recv_buffer                        0x20000058   Data           4  bsp_usart.o(.data)
    uart5_rx_buffer                          0x2000005c   Data           8  bsp_usart.o(.data)
    gpio_at24cm1                             0x20000074   Data           8  bsp_at24cm1.o(.data)
    uwTick                                   0x2000007c   Data           4  stm32f4xx_hal.o(.data)
    uwTickPrio                               0x20000080   Data           4  stm32f4xx_hal.o(.data)
    uwTickFreq                               0x20000084   Data           1  stm32f4xx_hal.o(.data)
    SystemCoreClock                          0x20000088   Data           4  system_stm32f4xx_formatter.o(.data)
    pxCurrentTCB                             0x2000008c   Data           4  tasks.o(.data)
    hiwdg                                    0x200000ec   Data          12  iwdg.o(.bss)
    htim2                                    0x200000f8   Data          64  tim.o(.bss)
    huart4                                   0x20000138   Data          64  usart.o(.bss)
    huart2                                   0x20000178   Data          64  usart.o(.bss)
    huart1                                   0x200001b8   Data          64  usart.o(.bss)
    huart3                                   0x200001f8   Data          64  usart.o(.bss)
    huart6                                   0x20000238   Data          64  usart.o(.bss)
    huart5                                   0x20000278   Data          64  usart.o(.bss)
    hdma_uart4_rx                            0x200002b8   Data          96  usart.o(.bss)
    hdma_usart2_rx                           0x20000318   Data          96  usart.o(.bss)
    hdma_usart1_rx                           0x20000378   Data          96  usart.o(.bss)
    hdma_usart3_rx                           0x200003d8   Data          96  usart.o(.bss)
    hdma_usart6_rx                           0x20000438   Data          96  usart.o(.bss)
    hdma_uart5_rx                            0x20000498   Data          96  usart.o(.bss)
    htim1                                    0x200004f8   Data          64  stm32f4xx_hal_timebase_tim.o(.bss)
    hspi2                                    0x20000538   Data          88  spi.o(.bss)
    __initial_sp                             0x20012a58   Data           0  startup_stm32f407xx.o(STACK)



==============================================================================

Memory Map of the image

  Image Entry point : 0x08000189

  Load Region LR_IROM1 (Base: 0x08000000, Size: 0x0000763c, Max: 0x00020000, ABSOLUTE)

    Execution Region ER_IROM1 (Exec base: 0x08000000, Load base: 0x08000000, Size: 0x00007550, Max: 0x00020000, ABSOLUTE)

    Exec Addr    Load Addr    Size         Type   Attr      Idx    E Section Name        Object

    0x08000000   0x08000000   0x00000188   Data   RO         2362    RESET               startup_stm32f407xx.o
    0x08000188   0x08000188   0x00000000   Code   RO         8209  * .ARM.Collect$$$$00000000  mc_w.l(entry.o)
    0x08000188   0x08000188   0x00000004   Code   RO         8483    .ARM.Collect$$$$00000001  mc_w.l(entry2.o)
    0x0800018c   0x0800018c   0x00000004   Code   RO         8486    .ARM.Collect$$$$00000004  mc_w.l(entry5.o)
    0x08000190   0x08000190   0x00000000   Code   RO         8488    .ARM.Collect$$$$00000008  mc_w.l(entry7b.o)
    0x08000190   0x08000190   0x00000000   Code   RO         8490    .ARM.Collect$$$$0000000A  mc_w.l(entry8b.o)
    0x08000190   0x08000190   0x00000008   Code   RO         8491    .ARM.Collect$$$$0000000B  mc_w.l(entry9a.o)
    0x08000198   0x08000198   0x00000000   Code   RO         8493    .ARM.Collect$$$$0000000D  mc_w.l(entry10a.o)
    0x08000198   0x08000198   0x00000000   Code   RO         8495    .ARM.Collect$$$$0000000F  mc_w.l(entry11a.o)
    0x08000198   0x08000198   0x00000004   Code   RO         8484    .ARM.Collect$$$$00002712  mc_w.l(entry2.o)
    0x0800019c   0x0800019c   0x000000be   Code   RO         8132    .emb_text           port.o
    0x0800025a   0x0800025a   0x00000002   PAD
    0x0800025c   0x0800025c   0x00000024   Code   RO         2363    .text               startup_stm32f407xx.o
    0x08000280   0x08000280   0x00000062   Code   RO         8212    .text               mc_w.l(uldiv.o)
    0x080002e2   0x080002e2   0x00000024   Code   RO         8214    .text               mc_w.l(memcpya.o)
    0x08000306   0x08000306   0x00000024   Code   RO         8218    .text               mc_w.l(memseta.o)
    0x0800032a   0x0800032a   0x0000002c   Code   RO         8497    .text               mc_w.l(uidiv.o)
    0x08000356   0x08000356   0x0000001e   Code   RO         8499    .text               mc_w.l(llshl.o)
    0x08000374   0x08000374   0x00000020   Code   RO         8501    .text               mc_w.l(llushr.o)
    0x08000394   0x08000394   0x00000000   Code   RO         8503    .text               mc_w.l(iusefp.o)
    0x08000394   0x08000394   0x00000030   Code   RO         8510    .text               mf_w.l(dfixul.o)
    0x080003c4   0x080003c4   0x00000030   Code   RO         8512    .text               mf_w.l(cdrcmple.o)
    0x080003f4   0x080003f4   0x0000000a   Code   RO           13    i.APP_CONFIG_compensation_init  app_eeprom_formatter.o
    0x080003fe   0x080003fe   0x00000002   Code   RO          120    i.APP_NETWORK_check_stataus  app_eeprom_formatter.o
    0x08000400   0x08000400   0x00000040   Data   RO          157    .ARM.__AT_0x08000400  app_eeprom_formatter.o
    0x08000440   0x08000440   0x00000040   Data   RO          158    .ARM.__AT_0x08000440  app_eeprom_formatter.o
    0x08000480   0x08000480   0x0000014e   Code   RO         8504    .text               mf_w.l(dadd.o)
    0x080005ce   0x080005ce   0x000000e4   Code   RO         8506    .text               mf_w.l(dmul.o)
    0x080006b2   0x080006b2   0x000000de   Code   RO         8508    .text               mf_w.l(ddiv.o)
    0x08000790   0x08000790   0x00000024   Code   RO         8514    .text               mc_w.l(init.o)
    0x080007b4   0x080007b4   0x00000024   Code   RO         8516    .text               mc_w.l(llsshr.o)
    0x080007d8   0x080007d8   0x000000ba   Code   RO         8518    .text               mf_w.l(depilogue.o)
    0x08000892   0x08000892   0x00000002   PAD
    0x08000894   0x08000894   0x0000006c   Code   RO            4    i.APP_CONFIG_AllFirmwareInfoRecovery  app_eeprom_formatter.o
    0x08000900   0x08000900   0x00000062   Code   RO           11    i.APP_CONFIG_FirmwareInfoWrite  app_eeprom_formatter.o
    0x08000962   0x08000962   0x00000002   PAD
    0x08000964   0x08000964   0x0000004c   Code   RO           16    i.APP_CONFIG_compensation_recovery  app_eeprom_formatter.o
    0x080009b0   0x080009b0   0x0000003c   Code   RO           17    i.APP_CONFIG_compensation_write  app_eeprom_formatter.o
    0x080009ec   0x080009ec   0x0000000a   Code   RO           19    i.APP_CONFIG_config_enable_init  app_eeprom_formatter.o
    0x080009f6   0x080009f6   0x00000008   Code   RO           20    i.APP_CONFIG_device_connect_init  app_eeprom_formatter.o
    0x080009fe   0x080009fe   0x00000002   PAD
    0x08000a00   0x08000a00   0x00000020   Code   RO           23    i.APP_CONFIG_device_connect_recovery  app_eeprom_formatter.o
    0x08000a20   0x08000a20   0x00000022   Code   RO           24    i.APP_CONFIG_device_connect_write  app_eeprom_formatter.o
    0x08000a42   0x08000a42   0x00000012   Code   RO           26    i.APP_CONFIG_device_enable_init  app_eeprom_formatter.o
    0x08000a54   0x08000a54   0x00000020   Code   RO           29    i.APP_CONFIG_device_enable_recovery  app_eeprom_formatter.o
    0x08000a74   0x08000a74   0x00000022   Code   RO           30    i.APP_CONFIG_device_enable_write  app_eeprom_formatter.o
    0x08000a96   0x08000a96   0x0000001a   Code   RO           33    i.APP_CONFIG_diagnosis_message_init  app_eeprom_formatter.o
    0x08000ab0   0x08000ab0   0x00000018   Code   RO           36    i.APP_CONFIG_diagnosis_message_recovery  app_eeprom_formatter.o
    0x08000ac8   0x08000ac8   0x0000006a   Code   RO           37    i.APP_CONFIG_diagnosis_message_write  app_eeprom_formatter.o
    0x08000b32   0x08000b32   0x00000002   PAD
    0x08000b34   0x08000b34   0x00000328   Code   RO           40    i.APP_CONFIG_eeprom_recovery_all  app_eeprom_formatter.o
    0x08000e5c   0x08000e5c   0x000002c0   Code   RO           41    i.APP_CONFIG_eeprom_recovery_free_page  app_eeprom_formatter.o
    0x0800111c   0x0800111c   0x00000010   Code   RO           43    i.APP_CONFIG_indicator_alert_init  app_eeprom_formatter.o
    0x0800112c   0x0800112c   0x0000004c   Code   RO           46    i.APP_CONFIG_indicator_alert_recovery  app_eeprom_formatter.o
    0x08001178   0x08001178   0x0000003c   Code   RO           47    i.APP_CONFIG_indicator_alert_write  app_eeprom_formatter.o
    0x080011b4   0x080011b4   0x00000014   Code   RO           53    i.APP_CONFIG_limit_init  app_eeprom_formatter.o
    0x080011c8   0x080011c8   0x00000080   Code   RO           56    i.APP_CONFIG_limit_recovery  app_eeprom_formatter.o
    0x08001248   0x08001248   0x00000048   Code   RO           57    i.APP_CONFIG_limit_write  app_eeprom_formatter.o
    0x08001290   0x08001290   0x0000001e   Code   RO           59    i.APP_CONFIG_manual_relay_init  app_eeprom_formatter.o
    0x080012ae   0x080012ae   0x00000002   PAD
    0x080012b0   0x080012b0   0x0000005c   Code   RO           62    i.APP_CONFIG_manual_relay_recovery  app_eeprom_formatter.o
    0x0800130c   0x0800130c   0x0000003c   Code   RO           63    i.APP_CONFIG_manual_relay_write  app_eeprom_formatter.o
    0x08001348   0x08001348   0x0000000c   Code   RO           66    i.APP_CONFIG_probe_enable_init  app_eeprom_formatter.o
    0x08001354   0x08001354   0x0000003c   Code   RO           69    i.APP_CONFIG_probe_enable_recovery  app_eeprom_formatter.o
    0x08001390   0x08001390   0x00000030   Code   RO           70    i.APP_CONFIG_probe_enable_write  app_eeprom_formatter.o
    0x080013c0   0x080013c0   0x00000010   Code   RO           74    i.APP_CONFIG_pump_status_init  app_eeprom_formatter.o
    0x080013d0   0x080013d0   0x00000038   Code   RO           77    i.APP_CONFIG_pump_status_recovery  app_eeprom_formatter.o
    0x08001408   0x08001408   0x00000030   Code   RO           78    i.APP_CONFIG_pump_status_write  app_eeprom_formatter.o
    0x08001438   0x08001438   0x0000000c   Code   RO           80    i.APP_CONFIG_relay_init  app_eeprom_formatter.o
    0x08001444   0x08001444   0x00000028   Code   RO           83    i.APP_CONFIG_relay_power_config_init  app_eeprom_formatter.o
    0x0800146c   0x0800146c   0x0000003c   Code   RO           86    i.APP_CONFIG_relay_power_config_recovery  app_eeprom_formatter.o
    0x080014a8   0x080014a8   0x0000003a   Code   RO           87    i.APP_CONFIG_relay_power_config_write  app_eeprom_formatter.o
    0x080014e2   0x080014e2   0x00000002   PAD
    0x080014e4   0x080014e4   0x0000003c   Code   RO           89    i.APP_CONFIG_relay_recovery  app_eeprom_formatter.o
    0x08001520   0x08001520   0x00000030   Code   RO           90    i.APP_CONFIG_relay_write  app_eeprom_formatter.o
    0x08001550   0x08001550   0x00000012   Code   RO           94    i.APP_CONFIG_sensor_init  app_eeprom_formatter.o
    0x08001562   0x08001562   0x00000002   PAD
    0x08001564   0x08001564   0x0000005c   Code   RO           97    i.APP_CONFIG_sensor_recovery  app_eeprom_formatter.o
    0x080015c0   0x080015c0   0x0000003a   Code   RO           98    i.APP_CONFIG_sensor_write  app_eeprom_formatter.o
    0x080015fa   0x080015fa   0x00000024   Code   RO           99    i.APP_CONFIG_system_init  app_eeprom_formatter.o
    0x0800161e   0x0800161e   0x00000002   PAD
    0x08001620   0x08001620   0x00000020   Code   RO          100    i.APP_CONFIG_system_load  app_eeprom_formatter.o
    0x08001640   0x08001640   0x00000044   Code   RO          101    i.APP_CONFIG_system_read  app_eeprom_formatter.o
    0x08001684   0x08001684   0x00000020   Code   RO          102    i.APP_CONFIG_system_recovery  app_eeprom_formatter.o
    0x080016a4   0x080016a4   0x00000022   Code   RO          103    i.APP_CONFIG_system_write  app_eeprom_formatter.o
    0x080016c6   0x080016c6   0x00000012   Code   RO          106    i.APP_CONFIG_time_init  app_eeprom_formatter.o
    0x080016d8   0x080016d8   0x00000040   Code   RO          107    i.APP_CONFIG_times_enable_init  app_eeprom_formatter.o
    0x08001718   0x08001718   0x00000038   Code   RO          110    i.APP_CONFIG_times_enable_recovery  app_eeprom_formatter.o
    0x08001750   0x08001750   0x00000030   Code   RO          111    i.APP_CONFIG_times_enable_write  app_eeprom_formatter.o
    0x08001780   0x08001780   0x00000038   Code   RO          113    i.APP_CONFIG_times_init  app_eeprom_formatter.o
    0x080017b8   0x080017b8   0x00000010   Code   RO          114    i.APP_CONFIG_times_job_init  app_eeprom_formatter.o
    0x080017c8   0x080017c8   0x0000004c   Code   RO          117    i.APP_CONFIG_times_recovery  app_eeprom_formatter.o
    0x08001814   0x08001814   0x0000003c   Code   RO          118    i.APP_CONFIG_times_write  app_eeprom_formatter.o
    0x08001850   0x08001850   0x0000005c   Code   RO          119    i.APP_FILEINFO_SHOW  app_eeprom_formatter.o
    0x080018ac   0x080018ac   0x00000002   Code   RO          121    i.APP_TASK_run_per_second_ISR  app_eeprom_formatter.o
    0x080018ae   0x080018ae   0x00000002   PAD
    0x080018b0   0x080018b0   0x00000040   Code   RO         1950    i.BSP_AT24CM1_read_bytes  bsp_at24cm1.o
    0x080018f0   0x080018f0   0x00000048   Code   RO         1952    i.BSP_AT24CM1_write_bytes  bsp_at24cm1.o
    0x08001938   0x08001938   0x00000026   Code   RO         1511    i.BSP_GPIO_set_pin_as_input  bsp_gpio.o
    0x0800195e   0x0800195e   0x0000002e   Code   RO         1512    i.BSP_GPIO_set_pin_as_output  bsp_gpio.o
    0x0800198c   0x0800198c   0x00000064   Code   RO         1554    i.BSP_HAL_init      bsp_hal.o
    0x080019f0   0x080019f0   0x00000004   Code   RO         1660    i.BSP_LOG_init      bsp_log.o
    0x080019f4   0x080019f4   0x0000002c   Code   RO         1662    i.BSP_LOG_print     bsp_log.o
    0x08001a20   0x08001a20   0x00000038   Code   RO         1663    i.BSP_LOG_print_hex  bsp_log.o
    0x08001a58   0x08001a58   0x00000012   Code   RO         1879    i.BSP_MCU_reset     bsp_mcu.o
    0x08001a6a   0x08001a6a   0x0000006c   Code   RO         1752    i.BSP_UART_idle_irq_handler  bsp_usart.o
    0x08001ad6   0x08001ad6   0x00000002   PAD
    0x08001ad8   0x08001ad8   0x000000c4   Code   RO         1753    i.BSP_UART_init     bsp_usart.o
    0x08001b9c   0x08001b9c   0x00000048   Code   RO         1912    i.BSP_WDG_feed      bsp_wdg.o
    0x08001be4   0x08001be4   0x00000030   Code   RO         1913    i.BSP_WDG_init      bsp_wdg.o
    0x08001c14   0x08001c14   0x0000009c   Code   RO          122    i.BUZZ_PWRKEY_MX_Init  app_eeprom_formatter.o
    0x08001cb0   0x08001cb0   0x00000008   Code   RO         2604    i.BusFault_Handler  stm32f4xx_it.o
    0x08001cb8   0x08001cb8   0x00000010   Code   RO         2605    i.DMA1_Stream0_IRQHandler  stm32f4xx_it.o
    0x08001cc8   0x08001cc8   0x00000010   Code   RO         2606    i.DMA1_Stream1_IRQHandler  stm32f4xx_it.o
    0x08001cd8   0x08001cd8   0x00000010   Code   RO         2607    i.DMA1_Stream2_IRQHandler  stm32f4xx_it.o
    0x08001ce8   0x08001ce8   0x00000010   Code   RO         2608    i.DMA1_Stream5_IRQHandler  stm32f4xx_it.o
    0x08001cf8   0x08001cf8   0x00000010   Code   RO         2609    i.DMA2_Stream1_IRQHandler  stm32f4xx_it.o
    0x08001d08   0x08001d08   0x00000010   Code   RO         2610    i.DMA2_Stream2_IRQHandler  stm32f4xx_it.o
    0x08001d18   0x08001d18   0x00000034   Code   RO         3517    i.DMA_CalcBaseAndBitshift  stm32f4xx_hal_dma.o
    0x08001d4c   0x08001d4c   0x000000aa   Code   RO         3518    i.DMA_CheckFifoParam  stm32f4xx_hal_dma.o
    0x08001df6   0x08001df6   0x0000002c   Code   RO         3519    i.DMA_SetConfig     stm32f4xx_hal_dma.o
    0x08001e22   0x08001e22   0x00000002   PAD
    0x08001e24   0x08001e24   0x00000030   Code   RO         1992    i.DWT_delay         dwt_delay.o
    0x08001e54   0x08001e54   0x00000050   Code   RO         1993    i.DWT_init          dwt_delay.o
    0x08001ea4   0x08001ea4   0x00000002   Code   RO         2611    i.DebugMon_Handler  stm32f4xx_it.o
    0x08001ea6   0x08001ea6   0x0000000a   Code   RO         2612    i.EXTI9_5_IRQHandler  stm32f4xx_it.o
    0x08001eb0   0x08001eb0   0x0000000a   Code   RO         1555    i.Error_Handler     bsp_hal.o
    0x08001eba   0x08001eba   0x000000ae   Code   RO         1386    i.GPIO_IIC_AT24CXX_read_bytes  gpio_at24cxx.o
    0x08001f68   0x08001f68   0x0000008e   Code   RO         1389    i.GPIO_IIC_AT24CXX_write_bytes  gpio_at24cxx.o
    0x08001ff6   0x08001ff6   0x00000042   Code   RO         1449    i.GPIO_IIC_ack      gpio_iic.o
    0x08002038   0x08002038   0x00000042   Code   RO         1450    i.GPIO_IIC_nack     gpio_iic.o
    0x0800207a   0x0800207a   0x00000082   Code   RO         1451    i.GPIO_IIC_read_byte  gpio_iic.o
    0x080020fc   0x080020fc   0x00000072   Code   RO         1452    i.GPIO_IIC_send_byte  gpio_iic.o
    0x0800216e   0x0800216e   0x0000003e   Code   RO         1453    i.GPIO_IIC_start    gpio_iic.o
    0x080021ac   0x080021ac   0x0000003e   Code   RO         1454    i.GPIO_IIC_stop     gpio_iic.o
    0x080021ea   0x080021ea   0x00000058   Code   RO         1455    i.GPIO_IIC_wait_ack  gpio_iic.o
    0x08002242   0x08002242   0x00000028   Code   RO         3521    i.HAL_DMA_Abort_IT  stm32f4xx_hal_dma.o
    0x0800226a   0x0800226a   0x00000002   PAD
    0x0800226c   0x0800226c   0x00000240   Code   RO         3525    i.HAL_DMA_IRQHandler  stm32f4xx_hal_dma.o
    0x080024ac   0x080024ac   0x000000ec   Code   RO         3526    i.HAL_DMA_Init      stm32f4xx_hal_dma.o
    0x08002598   0x08002598   0x00000092   Code   RO         3530    i.HAL_DMA_Start_IT  stm32f4xx_hal_dma.o
    0x0800262a   0x0800262a   0x00000002   PAD
    0x0800262c   0x0800262c   0x00000028   Code   RO         3944    i.HAL_Delay         stm32f4xx_hal.o
    0x08002654   0x08002654   0x00000014   Code   RO         1556    i.HAL_GPIO_EXTI_Callback  bsp_hal.o
    0x08002668   0x08002668   0x0000001c   Code   RO         3412    i.HAL_GPIO_EXTI_IRQHandler  stm32f4xx_hal_gpio.o
    0x08002684   0x08002684   0x00000200   Code   RO         3413    i.HAL_GPIO_Init     stm32f4xx_hal_gpio.o
    0x08002884   0x08002884   0x00000010   Code   RO         3415    i.HAL_GPIO_ReadPin  stm32f4xx_hal_gpio.o
    0x08002894   0x08002894   0x0000000c   Code   RO         3417    i.HAL_GPIO_WritePin  stm32f4xx_hal_gpio.o
    0x080028a0   0x080028a0   0x0000000c   Code   RO         3950    i.HAL_GetTick       stm32f4xx_hal.o
    0x080028ac   0x080028ac   0x00000050   Code   RO         4195    i.HAL_IWDG_Init     stm32f4xx_hal_iwdg.o
    0x080028fc   0x080028fc   0x0000000e   Code   RO         4196    i.HAL_IWDG_Refresh  stm32f4xx_hal_iwdg.o
    0x0800290a   0x0800290a   0x00000002   PAD
    0x0800290c   0x0800290c   0x00000018   Code   RO         3956    i.HAL_IncTick       stm32f4xx_hal.o
    0x08002924   0x08002924   0x0000003c   Code   RO         3957    i.HAL_Init          stm32f4xx_hal.o
    0x08002960   0x08002960   0x0000008c   Code   RO         2776    i.HAL_InitTick      stm32f4xx_hal_timebase_tim.o
    0x080029ec   0x080029ec   0x00000054   Code   RO         2752    i.HAL_MspInit       stm32f4xx_hal_msp.o
    0x08002a40   0x08002a40   0x00000020   Code   RO         3802    i.HAL_NVIC_EnableIRQ  stm32f4xx_hal_cortex.o
    0x08002a60   0x08002a60   0x0000007c   Code   RO         3808    i.HAL_NVIC_SetPriority  stm32f4xx_hal_cortex.o
    0x08002adc   0x08002adc   0x00000028   Code   RO         3809    i.HAL_NVIC_SetPriorityGrouping  stm32f4xx_hal_cortex.o
    0x08002b04   0x08002b04   0x00000044   Code   RO         3810    i.HAL_NVIC_SystemReset  stm32f4xx_hal_cortex.o
    0x08002b48   0x08002b48   0x00000184   Code   RO         3014    i.HAL_RCC_ClockConfig  stm32f4xx_hal_rcc.o
    0x08002ccc   0x08002ccc   0x00000044   Code   RO         3018    i.HAL_RCC_GetClockConfig  stm32f4xx_hal_rcc.o
    0x08002d10   0x08002d10   0x0000000c   Code   RO         3019    i.HAL_RCC_GetHCLKFreq  stm32f4xx_hal_rcc.o
    0x08002d1c   0x08002d1c   0x00000020   Code   RO         3021    i.HAL_RCC_GetPCLK1Freq  stm32f4xx_hal_rcc.o
    0x08002d3c   0x08002d3c   0x00000020   Code   RO         3022    i.HAL_RCC_GetPCLK2Freq  stm32f4xx_hal_rcc.o
    0x08002d5c   0x08002d5c   0x000000b0   Code   RO         3023    i.HAL_RCC_GetSysClockFreq  stm32f4xx_hal_rcc.o
    0x08002e0c   0x08002e0c   0x00000488   Code   RO         3026    i.HAL_RCC_OscConfig  stm32f4xx_hal_rcc.o
    0x08003294   0x08003294   0x000000c8   Code   RO         6147    i.HAL_SPI_Init      stm32f4xx_hal_spi.o
    0x0800335c   0x0800335c   0x00000088   Code   RO         2972    i.HAL_SPI_MspInit   spi.o
    0x080033e4   0x080033e4   0x00000002   Code   RO         5279    i.HAL_TIMEx_BreakCallback  stm32f4xx_hal_tim_ex.o
    0x080033e6   0x080033e6   0x00000002   Code   RO         5280    i.HAL_TIMEx_CommutCallback  stm32f4xx_hal_tim_ex.o
    0x080033e8   0x080033e8   0x000000b4   Code   RO         5297    i.HAL_TIMEx_MasterConfigSynchronization  stm32f4xx_hal_tim_ex.o
    0x0800349c   0x0800349c   0x00000034   Code   RO         4593    i.HAL_TIM_Base_Init  stm32f4xx_hal_tim.o
    0x080034d0   0x080034d0   0x00000044   Code   RO         2491    i.HAL_TIM_Base_MspInit  tim.o
    0x08003514   0x08003514   0x0000002a   Code   RO         4598    i.HAL_TIM_Base_Start_IT  stm32f4xx_hal_tim.o
    0x0800353e   0x0800353e   0x00000108   Code   RO         4602    i.HAL_TIM_ConfigClockSource  stm32f4xx_hal_tim.o
    0x08003646   0x08003646   0x00000002   Code   RO         4622    i.HAL_TIM_IC_CaptureCallback  stm32f4xx_hal_tim.o
    0x08003648   0x08003648   0x00000196   Code   RO         4636    i.HAL_TIM_IRQHandler  stm32f4xx_hal_tim.o
    0x080037de   0x080037de   0x00000002   Code   RO         4639    i.HAL_TIM_OC_DelayElapsedCallback  stm32f4xx_hal_tim.o
    0x080037e0   0x080037e0   0x00000002   Code   RO         4666    i.HAL_TIM_PWM_PulseFinishedCallback  stm32f4xx_hal_tim.o
    0x080037e2   0x080037e2   0x00000002   PAD
    0x080037e4   0x080037e4   0x00000024   Code   RO         1557    i.HAL_TIM_PeriodElapsedCallback  bsp_hal.o
    0x08003808   0x08003808   0x00000002   Code   RO         4679    i.HAL_TIM_TriggerCallback  stm32f4xx_hal_tim.o
    0x0800380a   0x0800380a   0x00000002   PAD
    0x0800380c   0x0800380c   0x000000cc   Code   RO         1754    i.HAL_UART_ErrorCallback  bsp_usart.o
    0x080038d8   0x080038d8   0x00000154   Code   RO         5554    i.HAL_UART_IRQHandler  stm32f4xx_hal_uart.o
    0x08003a2c   0x08003a2c   0x00000072   Code   RO         5555    i.HAL_UART_Init     stm32f4xx_hal_uart.o
    0x08003a9e   0x08003a9e   0x00000002   PAD
    0x08003aa0   0x08003aa0   0x000004d8   Code   RO         2533    i.HAL_UART_MspInit  usart.o
    0x08003f78   0x08003f78   0x000000c4   Code   RO         5559    i.HAL_UART_Receive_DMA  stm32f4xx_hal_uart.o
    0x0800403c   0x0800403c   0x0000000e   Code   RO         1755    i.HAL_UART_RxCpltCallback  bsp_usart.o
    0x0800404a   0x0800404a   0x00000002   Code   RO         5562    i.HAL_UART_RxHalfCpltCallback  stm32f4xx_hal_uart.o
    0x0800404c   0x0800404c   0x000000d8   Code   RO         5563    i.HAL_UART_Transmit  stm32f4xx_hal_uart.o
    0x08004124   0x08004124   0x0000009c   Code   RO         5564    i.HAL_UART_Transmit_DMA  stm32f4xx_hal_uart.o
    0x080041c0   0x080041c0   0x00000002   Code   RO         5566    i.HAL_UART_TxCpltCallback  stm32f4xx_hal_uart.o
    0x080041c2   0x080041c2   0x00000002   Code   RO         5567    i.HAL_UART_TxHalfCpltCallback  stm32f4xx_hal_uart.o
    0x080041c4   0x080041c4   0x000000a0   Code   RO         1756    i.HAL_UART_process_callback  bsp_usart.o
    0x08004264   0x08004264   0x00000008   Code   RO         2613    i.HardFault_Handler  stm32f4xx_it.o
    0x0800426c   0x0800426c   0x000000a8   Code   RO         2394    i.MX_DMA_Init       dma.o
    0x08004314   0x08004314   0x000002ac   Code   RO         2370    i.MX_GPIO_Init      gpio.o
    0x080045c0   0x080045c0   0x00000028   Code   RO         2418    i.MX_IWDG_Init      iwdg.o
    0x080045e8   0x080045e8   0x00000044   Code   RO         2973    i.MX_SPI2_Init      spi.o
    0x0800462c   0x0800462c   0x00000070   Code   RO         2492    i.MX_TIM2_Init      tim.o
    0x0800469c   0x0800469c   0x00000038   Code   RO         2534    i.MX_UART4_Init     usart.o
    0x080046d4   0x080046d4   0x00000038   Code   RO         2535    i.MX_UART5_Init     usart.o
    0x0800470c   0x0800470c   0x00000038   Code   RO         2536    i.MX_USART1_UART_Init  usart.o
    0x08004744   0x08004744   0x00000038   Code   RO         2537    i.MX_USART2_UART_Init  usart.o
    0x0800477c   0x0800477c   0x00000038   Code   RO         2538    i.MX_USART3_UART_Init  usart.o
    0x080047b4   0x080047b4   0x00000038   Code   RO         2539    i.MX_USART6_UART_Init  usart.o
    0x080047ec   0x080047ec   0x00000008   Code   RO         2614    i.MemManage_Handler  stm32f4xx_it.o
    0x080047f4   0x080047f4   0x00000008   Code   RO         2615    i.NMI_Handler       stm32f4xx_it.o
    0x080047fc   0x080047fc   0x00000034   Code   RO         8133    i.SysTick_Handler   port.o
    0x08004830   0x08004830   0x000000b8   Code   RO         1558    i.SystemClock_Config  bsp_hal.o
    0x080048e8   0x080048e8   0x0000001c   Code   RO         6459    i.SystemInit        system_stm32f4xx_formatter.o
    0x08004904   0x08004904   0x00000010   Code   RO         2616    i.TIM1_UP_TIM10_IRQHandler  stm32f4xx_it.o
    0x08004914   0x08004914   0x00000010   Code   RO         2617    i.TIM2_IRQHandler   stm32f4xx_it.o
    0x08004924   0x08004924   0x000000d8   Code   RO         4681    i.TIM_Base_SetConfig  stm32f4xx_hal_tim.o
    0x080049fc   0x080049fc   0x00000016   Code   RO         4692    i.TIM_ETR_SetConfig  stm32f4xx_hal_tim.o
    0x08004a12   0x08004a12   0x00000012   Code   RO         4693    i.TIM_ITRx_SetConfig  stm32f4xx_hal_tim.o
    0x08004a24   0x08004a24   0x00000026   Code   RO         4699    i.TIM_TI1_ConfigInputStage  stm32f4xx_hal_tim.o
    0x08004a4a   0x08004a4a   0x00000028   Code   RO         4701    i.TIM_TI2_ConfigInputStage  stm32f4xx_hal_tim.o
    0x08004a72   0x08004a72   0x00000002   PAD
    0x08004a74   0x08004a74   0x00000014   Code   RO         2618    i.UART4_IRQHandler  stm32f4xx_it.o
    0x08004a88   0x08004a88   0x00000014   Code   RO         2619    i.UART5_IRQHandler  stm32f4xx_it.o
    0x08004a9c   0x08004a9c   0x00000014   Code   RO         5568    i.UART_DMAAbortOnError  stm32f4xx_hal_uart.o
    0x08004ab0   0x08004ab0   0x00000050   Code   RO         5569    i.UART_DMAError     stm32f4xx_hal_uart.o
    0x08004b00   0x08004b00   0x00000046   Code   RO         5570    i.UART_DMAReceiveCplt  stm32f4xx_hal_uart.o
    0x08004b46   0x08004b46   0x0000000e   Code   RO         5572    i.UART_DMARxHalfCplt  stm32f4xx_hal_uart.o
    0x08004b54   0x08004b54   0x00000036   Code   RO         5574    i.UART_DMATransmitCplt  stm32f4xx_hal_uart.o
    0x08004b8a   0x08004b8a   0x0000000e   Code   RO         5576    i.UART_DMATxHalfCplt  stm32f4xx_hal_uart.o
    0x08004b98   0x08004b98   0x00000020   Code   RO         5578    i.UART_EndRxTransfer  stm32f4xx_hal_uart.o
    0x08004bb8   0x08004bb8   0x00000020   Code   RO         5579    i.UART_EndTransmit_IT  stm32f4xx_hal_uart.o
    0x08004bd8   0x08004bd8   0x00000014   Code   RO         5580    i.UART_EndTxTransfer  stm32f4xx_hal_uart.o
    0x08004bec   0x08004bec   0x000000a6   Code   RO         5581    i.UART_Receive_IT   stm32f4xx_hal_uart.o
    0x08004c92   0x08004c92   0x00000002   PAD
    0x08004c94   0x08004c94   0x000003e8   Code   RO         5582    i.UART_SetConfig    stm32f4xx_hal_uart.o
    0x0800507c   0x0800507c   0x00000068   Code   RO         5583    i.UART_Transmit_IT  stm32f4xx_hal_uart.o
    0x080050e4   0x080050e4   0x0000006c   Code   RO         5584    i.UART_WaitOnFlagUntilTimeout  stm32f4xx_hal_uart.o
    0x08005150   0x08005150   0x00000014   Code   RO         2620    i.USART1_IRQHandler  stm32f4xx_it.o
    0x08005164   0x08005164   0x00000014   Code   RO         2621    i.USART2_IRQHandler  stm32f4xx_it.o
    0x08005178   0x08005178   0x00000014   Code   RO         2622    i.USART3_IRQHandler  stm32f4xx_it.o
    0x0800518c   0x0800518c   0x00000014   Code   RO         2623    i.USART6_IRQHandler  stm32f4xx_it.o
    0x080051a0   0x080051a0   0x00000008   Code   RO         2624    i.UsageFault_Handler  stm32f4xx_it.o
    0x080051a8   0x080051a8   0x00000090   Code   RO         1390    i._GPIO_IIC_AT24CXX_send_address  gpio_at24cxx.o
    0x08005238   0x08005238   0x00000020   Code   RO         8455    i.__0printf         mc_w.l(printfa.o)
    0x08005258   0x08005258   0x00000010   Code   RO         8459    i.__0vprintf        mc_w.l(printfa.o)
    0x08005268   0x08005268   0x00000010   Code   RO         3815    i.__NVIC_GetPriorityGrouping  stm32f4xx_hal_cortex.o
    0x08005278   0x08005278   0x00000028   Code   RO         3816    i.__NVIC_SetPriority  stm32f4xx_hal_cortex.o
    0x080052a0   0x080052a0   0x0000000e   Code   RO         8522    i.__scatterload_copy  mc_w.l(handlers.o)
    0x080052ae   0x080052ae   0x00000002   Code   RO         8523    i.__scatterload_null  mc_w.l(handlers.o)
    0x080052b0   0x080052b0   0x0000000e   Code   RO         8524    i.__scatterload_zeroinit  mc_w.l(handlers.o)
    0x080052be   0x080052be   0x00000004   Code   RO          123    i._app_init         app_eeprom_formatter.o
    0x080052c2   0x080052c2   0x0000006a   Code   RO         1391    i._check_busy       gpio_at24cxx.o
    0x0800532c   0x0800532c   0x00000018   Code   RO          124    i._compensation_serialize  app_eeprom_formatter.o
    0x08005344   0x08005344   0x00000018   Code   RO          127    i._config_enable_serialize  app_eeprom_formatter.o
    0x0800535c   0x0800535c   0x00000010   Code   RO          128    i._device_connect_serialize  app_eeprom_formatter.o
    0x0800536c   0x0800536c   0x00000018   Code   RO          129    i._device_enable_serialize  app_eeprom_formatter.o
    0x08005384   0x08005384   0x00000046   Code   RO          132    i._firmware_info_serialize  app_eeprom_formatter.o
    0x080053ca   0x080053ca   0x00000002   PAD
    0x080053cc   0x080053cc   0x00000184   Code   RO         8462    i._fp_digits        mc_w.l(printfa.o)
    0x08005550   0x08005550   0x00000022   Code   RO         2022    i._get_crc16        utils.o
    0x08005572   0x08005572   0x00000030   Code   RO          133    i._indicator_alert_serialize  app_eeprom_formatter.o
    0x080055a2   0x080055a2   0x00000042   Code   RO          135    i._limit_serialize  app_eeprom_formatter.o
    0x080055e4   0x080055e4   0x00000034   Code   RO          136    i._manual_relay_serialize  app_eeprom_formatter.o
    0x08005618   0x08005618   0x000006dc   Code   RO         8463    i._printf_core      mc_w.l(printfa.o)
    0x08005cf4   0x08005cf4   0x00000024   Code   RO         8464    i._printf_post_padding  mc_w.l(printfa.o)
    0x08005d18   0x08005d18   0x0000002e   Code   RO         8465    i._printf_pre_padding  mc_w.l(printfa.o)
    0x08005d46   0x08005d46   0x00000020   Code   RO          137    i._probe_enable_serialize  app_eeprom_formatter.o
    0x08005d66   0x08005d66   0x00000066   Code   RO         1757    i._process_receive_buffer  bsp_usart.o
    0x08005dcc   0x08005dcc   0x00000012   Code   RO          138    i._pump_status_serialize  app_eeprom_formatter.o
    0x08005dde   0x08005dde   0x00000042   Code   RO          140    i._relay_power_config_serialize  app_eeprom_formatter.o
    0x08005e20   0x08005e20   0x00000020   Code   RO          141    i._relay_serialize  app_eeprom_formatter.o
    0x08005e40   0x08005e40   0x00000020   Code   RO         1758    i._send_to_uart1_recv_buffer  bsp_usart.o
    0x08005e60   0x08005e60   0x00000020   Code   RO         1759    i._send_to_uart3_recv_buffer  bsp_usart.o
    0x08005e80   0x08005e80   0x00000020   Code   RO         1760    i._send_to_uart5_recv_buffer  bsp_usart.o
    0x08005ea0   0x08005ea0   0x00000020   Code   RO         1761    i._send_to_uart6_recv_buffer  bsp_usart.o
    0x08005ec0   0x08005ec0   0x00000038   Code   RO          142    i._sensor_serialize  app_eeprom_formatter.o
    0x08005ef8   0x08005ef8   0x00000024   Code   RO          143    i._system_serialize  app_eeprom_formatter.o
    0x08005f1c   0x08005f1c   0x00000038   Code   RO          146    i._time_serialize   app_eeprom_formatter.o
    0x08005f54   0x08005f54   0x00000058   Code   RO          147    i._times_enable_serialize  app_eeprom_formatter.o
    0x08005fac   0x08005fac   0x00000030   Code   RO          150    i._times_job_serialize  app_eeprom_formatter.o
    0x08005fdc   0x08005fdc   0x00000072   Code   RO          151    i._times_serialize  app_eeprom_formatter.o
    0x0800604e   0x0800604e   0x0000007c   Code   RO         1762    i._usart_dma_init   bsp_usart.o
    0x080060ca   0x080060ca   0x00000002   PAD
    0x080060cc   0x080060cc   0x00000074   Code   RO          153    i.epprom_read_block  app_eeprom_formatter.o
    0x08006140   0x08006140   0x00000070   Code   RO          154    i.epprom_write_block  app_eeprom_formatter.o
    0x080061b0   0x080061b0   0x00000080   Code   RO          155    i.format_eeprom     app_eeprom_formatter.o
    0x08006230   0x08006230   0x0000001c   Code   RO         1667    i.fputc             bsp_log.o
    0x0800624c   0x0800624c   0x0000001c   Code   RO         2041    i.get_modbus_crc16  utils.o
    0x08006268   0x08006268   0x00000120   Code   RO          156    i.main              app_eeprom_formatter.o
    0x08006388   0x08006388   0x00000018   Code   RO         6937    i.prvBytesInBuffer  stream_buffer.o
    0x080063a0   0x080063a0   0x0000007c   Code   RO         8083    i.prvHeapInit       heap_4.o
    0x0800641c   0x0800641c   0x00000056   Code   RO         6938    i.prvInitialiseNewStreamBuffer  stream_buffer.o
    0x08006472   0x08006472   0x00000002   PAD
    0x08006474   0x08006474   0x00000068   Code   RO         8084    i.prvInsertBlockIntoFreeList  heap_4.o
    0x080064dc   0x080064dc   0x00000034   Code   RO         7106    i.prvResetNextTaskUnblockTime  tasks.o
    0x08006510   0x08006510   0x000000ba   Code   RO         6941    i.prvWriteBytesToBuffer  stream_buffer.o
    0x080065ca   0x080065ca   0x0000005c   Code   RO         6942    i.prvWriteMessageToBuffer  stream_buffer.o
    0x08006626   0x08006626   0x00000002   PAD
    0x08006628   0x08006628   0x0000013c   Code   RO         8085    i.pvPortMalloc      heap_4.o
    0x08006764   0x08006764   0x0000000e   Code   RO         2053    i.read_uint16_t     utils.o
    0x08006772   0x08006772   0x0000000c   Code   RO         2055    i.read_uint32_t     utils.o
    0x0800677e   0x0800677e   0x00000028   Code   RO         6651    i.uxListRemove      list.o
    0x080067a6   0x080067a6   0x00000018   Code   RO         6655    i.vListInsertEnd    list.o
    0x080067be   0x080067be   0x00000002   PAD
    0x080067c0   0x080067c0   0x00000054   Code   RO         8137    i.vPortEnterCritical  port.o
    0x08006814   0x08006814   0x0000003c   Code   RO         8138    i.vPortExitCritical  port.o
    0x08006850   0x08006850   0x00000078   Code   RO         8140    i.vPortValidateInterruptPriority  port.o
    0x080068c8   0x080068c8   0x00000010   Code   RO         7137    i.vTaskSuspendAll   tasks.o
    0x080068d8   0x080068d8   0x00000090   Code   RO         7138    i.vTaskSwitchContext  tasks.o
    0x08006968   0x08006968   0x00000010   Code   RO         2071    i.write_uint16_t    utils.o
    0x08006978   0x08006978   0x0000000e   Code   RO         2073    i.write_uint32_t    utils.o
    0x08006986   0x08006986   0x00000010   Code   RO         2075    i.write_uint8_t     utils.o
    0x08006996   0x08006996   0x000000a0   Code   RO         6948    i.xStreamBufferGenericCreate  stream_buffer.o
    0x08006a36   0x08006a36   0x000000b8   Code   RO         6959    i.xStreamBufferSendFromISR  stream_buffer.o
    0x08006aee   0x08006aee   0x00000036   Code   RO         6961    i.xStreamBufferSpacesAvailable  stream_buffer.o
    0x08006b24   0x08006b24   0x00000164   Code   RO         7143    i.xTaskGenericNotifyFromISR  tasks.o
    0x08006c88   0x08006c88   0x00000144   Code   RO         7148    i.xTaskIncrementTick  tasks.o
    0x08006dcc   0x08006dcc   0x00000104   Code   RO         7154    i.xTaskResumeAll    tasks.o
    0x08006ed0   0x08006ed0   0x00000600   Data   RO         2077    .constdata          utils.o
    0x080074d0   0x080074d0   0x00000008   Data   RO         3532    .constdata          stm32f4xx_hal_dma.o
    0x080074d8   0x080074d8   0x00000018   Data   RO         6460    .constdata          system_stm32f4xx_formatter.o
    0x080074f0   0x080074f0   0x0000002e   Data   RO         1668    .conststring        bsp_log.o
    0x0800751e   0x0800751e   0x00000002   PAD
    0x08007520   0x08007520   0x00000030   Data   RO         8520    Region$$Table       anon$$obj.o


    Execution Region RW_IRAM2 (Exec base: 0x10000000, Load base: 0x0800763c, Size: 0x00002bb4, Max: 0x00010000, ABSOLUTE)

    Exec Addr    Load Addr    Size         Type   Attr      Idx    E Section Name        Object

    0x10000000        -       0x000003b4   Zero   RW          159    .bss                app_eeprom_formatter.o
    0x100003b4        -       0x00002800   Zero   RW         1763    .bss                bsp_usart.o


    Execution Region RW_IRAM1 (Exec base: 0x20000000, Load base: 0x08007550, Size: 0x00012a58, Max: 0x00020000, ABSOLUTE)

    Exec Addr    Load Addr    Size         Type   Attr      Idx    E Section Name        Object

    0x20000000   0x08007550   0x0000001c   Data   RW          160    .data               app_eeprom_formatter.o
    0x2000001c   0x0800756c   0x0000001c   Data   RW         1669    .data               bsp_log.o
    0x20000038   0x08007588   0x0000002c   Data   RW         1764    .data               bsp_usart.o
    0x20000064   0x080075b4   0x00000004   Data   RW         1915    .data               bsp_wdg.o
    0x20000068   0x080075b8   0x00000014   Data   RW         1953    .data               bsp_at24cm1.o
    0x2000007c   0x080075cc   0x00000009   Data   RW         3964    .data               stm32f4xx_hal.o
    0x20000085   0x080075d5   0x00000003   PAD
    0x20000088   0x080075d8   0x00000004   Data   RW         6461    .data               system_stm32f4xx_formatter.o
    0x2000008c   0x080075dc   0x0000003c   Data   RW         7157    .data               tasks.o
    0x200000c8   0x08007618   0x00000018   Data   RW         8091    .data               heap_4.o
    0x200000e0   0x08007630   0x0000000c   Data   RW         8142    .data               port.o
    0x200000ec        -       0x0000000c   Zero   RW         2419    .bss                iwdg.o
    0x200000f8        -       0x00000040   Zero   RW         2493    .bss                tim.o
    0x20000138        -       0x000003c0   Zero   RW         2540    .bss                usart.o
    0x200004f8        -       0x00000040   Zero   RW         2779    .bss                stm32f4xx_hal_timebase_tim.o
    0x20000538        -       0x00000058   Zero   RW         2974    .bss                spi.o
    0x20000590        -       0x000004c4   Zero   RW         7156    .bss                tasks.o
    0x20000a54        -       0x0000e000   Zero   RW         8090    .bss                heap_4.o
    0x2000ea54   0x0800763c   0x00000004   PAD
    0x2000ea58        -       0x00004000   Zero   RW         2360    STACK               startup_stm32f407xx.o


==============================================================================

Image component sizes


      Code (inc. data)   RO Data    RW Data    ZI Data      Debug   Object Name

      5794        818        128         28        948     756980   app_eeprom_formatter.o
         0          0          0          0          0       1228   app_pump.o
       136         10          0         20          0       2262   bsp_at24cm1.o
        84          0          0          0          0       1597   bsp_gpio.o
       350         18          0          0          0       8997   bsp_hal.o
       132         22         46         28          0       5009   bsp_log.o
        18          0          0          0          0       5796   bsp_mcu.o
      1036        200          0         44      10240       9923   bsp_usart.o
       120         20          0          4          0       1226   bsp_wdg.o
         0          0          0          0          0       7072   croutine.o
       168          6          0          0          0        910   dma.o
       128         24          0          0          0       1151   dwt_delay.o
         0          0          0          0          0      18384   event_groups.o
       684         30          0          0          0       1399   gpio.o
       566          0          0          0          0       5013   gpio_at24cxx.o
       588          0          0          0          0       5758   gpio_iic.o
       544         54          0         24      57344       3847   heap_4.o
        40          8          0          0         12        731   iwdg.o
        64          0          0          0          0       1740   list.o
       506         48          0         12          0       6428   port.o
       204         20          0          0         88       1753   spi.o
        36          8        392          0      16384        812   startup_stm32f407xx.o
       136         24          0          9          0       8778   stm32f4xx_hal.o
       320         30          0          0          0      34377   stm32f4xx_hal_cortex.o
      1264         16          8          0          0       6266   stm32f4xx_hal_dma.o
       568         50          0          0          0       3658   stm32f4xx_hal_gpio.o
        94          0          0          0          0       1767   stm32f4xx_hal_iwdg.o
        84          6          0          0          0        894   stm32f4xx_hal_msp.o
      1868         94          0          0          0       6337   stm32f4xx_hal_rcc.o
       200          0          0          0          0       1203   stm32f4xx_hal_spi.o
      1106         46          0          0          0       9623   stm32f4xx_hal_tim.o
       184         30          0          0          0       2529   stm32f4xx_hal_tim_ex.o
       140         18          0          0         64     689887   stm32f4xx_hal_timebase_tim.o
      2742         40          0          0          0      15407   stm32f4xx_hal_uart.o
       300         72          0          0          0      10813   stm32f4xx_it.o
       786          0          0          0          0      19647   stream_buffer.o
        28          4         24          4          0       1211   system_stm32f4xx_formatter.o
      1152        148          0         60       1220      12660   tasks.o
       180         12          0          0         64       1762   tim.o
         0          0          0          0          0       2208   timers.o
      1576        144          0          0        960       5807   usart.o
       134          6       1536          0          0       6537   utils.o

    ----------------------------------------------------------------------
     24108       2026       2184        236      87328    1689387   Object Totals
         0          0         48          0          0          0   (incl. Generated)
        48          0          2          3          4          0   (incl. Padding)

    ----------------------------------------------------------------------

      Code (inc. data)   RO Data    RW Data    ZI Data      Debug   Library Member Name

         0          0          0          0          0          0   entry.o
         0          0          0          0          0          0   entry10a.o
         0          0          0          0          0          0   entry11a.o
         8          4          0          0          0          0   entry2.o
         4          0          0          0          0          0   entry5.o
         0          0          0          0          0          0   entry7b.o
         0          0          0          0          0          0   entry8b.o
         8          4          0          0          0          0   entry9a.o
        30          0          0          0          0          0   handlers.o
        36          8          0          0          0         68   init.o
         0          0          0          0          0          0   iusefp.o
        30          0          0          0          0         68   llshl.o
        36          0          0          0          0         68   llsshr.o
        32          0          0          0          0         68   llushr.o
        36          0          0          0          0         68   memcpya.o
        36          0          0          0          0        108   memseta.o
      2274         98          0          0          0        520   printfa.o
        44          0          0          0          0         80   uidiv.o
        98          0          0          0          0         92   uldiv.o
        48          0          0          0          0         68   cdrcmple.o
       334          0          0          0          0        148   dadd.o
       222          0          0          0          0        100   ddiv.o
       186          0          0          0          0        176   depilogue.o
        48          0          0          0          0         68   dfixul.o
       228          0          0          0          0         96   dmul.o

    ----------------------------------------------------------------------
      3740        114          0          0          0       1796   Library Totals
         2          0          0          0          0          0   (incl. Padding)

    ----------------------------------------------------------------------

      Code (inc. data)   RO Data    RW Data    ZI Data      Debug   Library Name

      2672        114          0          0          0       1140   mc_w.l
      1066          0          0          0          0        656   mf_w.l

    ----------------------------------------------------------------------
      3740        114          0          0          0       1796   Library Totals

    ----------------------------------------------------------------------

==============================================================================


      Code (inc. data)   RO Data    RW Data    ZI Data      Debug   

     27848       2140       2184        236      87328    1665451   Grand Totals
     27848       2140       2184        236      87328    1665451   ELF Image Totals
     27848       2140       2184        236          0          0   ROM Totals

==============================================================================

    Total RO  Size (Code + RO Data)                30032 (  29.33kB)
    Total RW  Size (RW Data + ZI Data)             87564 (  85.51kB)
    Total ROM Size (Code + RO Data + RW Data)      30268 (  29.56kB)

==============================================================================

